/home/brucejiang/Documents/MCUXpresso_11.6.0_8187/workspace/lpc_chip_11cxx_lib/inc/iocon_11xx.h:249:20:Chip_IOCON_PinMuxSet	24	static
/home/brucejiang/Documents/MCUXpresso_11.6.0_8187/workspace/lpc_chip_11cxx_lib/inc/iocon_11xx.h:273:20:Chip_IOCON_PinLocSel	16	static
/home/brucejiang/Documents/MCUXpresso_11.6.0_8187/workspace/lpc_chip_11cxx_lib/inc/ssp_11xx.h:232:20:Chip_SSP_Enable	16	static
/home/brucejiang/Documents/MCUXpresso_11.6.0_8187/workspace/lpc_chip_11cxx_lib/inc/ssp_11xx.h:407:20:Chip_SSP_SetFormat	24	static
/home/brucejiang/Documents/MCUXpresso_11.6.0_8187/workspace/lpc_chip_11cxx_lib/inc/gpio_11xx_2.h:102:20:Chip_GPIO_SetPinState	24	static
/home/brucejiang/Documents/MCUXpresso_11.6.0_8187/workspace/lpc_chip_11cxx_lib/inc/gpio_11xx_2.h:153:20:Chip_GPIO_SetPinDIROutput	16	static
../example/src/ssp.c:75:6:sspSend	8	static
../example/src/ssp.c:123:6:spiwrite	16	static
../example/src/ssp.c:132:6:writecommand	16	static
../example/src/ssp.c:140:6:writedata	16	static
../example/src/ssp.c:148:6:writeword	32	static
../example/src/ssp.c:162:6:write888	24	static
../example/src/ssp.c:183:6:setAddrWindow	24	static
../example/src/ssp.c:198:6:fillrect	32	static
../example/src/ssp.c:223:6:lcddelay	24	static
../example/src/ssp.c:231:6:lcd_init	8	static
../example/src/ssp.c:278:6:drawPixel	16	static
../example/src/ssp.c:289:6:drawLine	40	static
../example/src/ssp.c:361:13:Init_SSP_PinMux	8	static
../example/src/ssp.c:391:13:Buffer_Init	16	static
../example/src/ssp.c:403:16:Buffer_Verify	24	static
../example/src/ssp.c:464:5:main	40	static
