../lpcusblib/Drivers/USB/Core/HCD/OHCI/../../HCD/HCD.h:400:24:Align4k	16	static
../lpcusblib/Drivers/USB/Core/HCD/OHCI/../../HCD/HCD.h:411:24:Offset4k	16	static
../lpcusblib/Drivers/USB/Core/HCD/OHCI/OHCI.c:59:12:HcdGetDeviceSpeed	16	static
../lpcusblib/Drivers/USB/Core/HCD/OHCI/OHCI.c:71:10:HcdGetFrameNumber	16	static
../lpcusblib/Drivers/USB/Core/HCD/OHCI/OHCI.c:76:12:HcdRhPortReset	16	static
../lpcusblib/Drivers/USB/Core/HCD/OHCI/OHCI.c:89:12:HcdRhPortEnable	16	static
../lpcusblib/Drivers/USB/Core/HCD/OHCI/OHCI.c:96:12:HcdRhPortDisable	16	static
../lpcusblib/Drivers/USB/Core/HCD/OHCI/OHCI.c:103:12:HcdInitDriver	16	static
../lpcusblib/Drivers/USB/Core/HCD/OHCI/OHCI.c:116:12:HcdDeInitDriver	16	static
../lpcusblib/Drivers/USB/Core/HCD/OHCI/OHCI.c:122:12:HcdOpenPipe	56	static
../lpcusblib/Drivers/USB/Core/HCD/OHCI/OHCI.c:194:12:HcdCancelTransfer	40	static
../lpcusblib/Drivers/USB/Core/HCD/OHCI/OHCI.c:225:12:HcdClosePipe	24	static
../lpcusblib/Drivers/USB/Core/HCD/OHCI/OHCI.c:241:12:HcdClearEndpointHalt	24	static
../lpcusblib/Drivers/USB/Core/HCD/OHCI/OHCI.c:254:12:HcdControlTransfer	40	static
../lpcusblib/Drivers/USB/Core/HCD/OHCI/OHCI.c:294:19:QueueOneITD	48	static
../lpcusblib/Drivers/USB/Core/HCD/OHCI/OHCI.c:323:19:QueueITDs	40	static
../lpcusblib/Drivers/USB/Core/HCD/OHCI/OHCI.c:363:12:HcdDataTransfer	40	static
../lpcusblib/Drivers/USB/Core/HCD/OHCI/OHCI.c:396:12:HcdGetPipeStatus	24	static
../lpcusblib/Drivers/USB/Core/HCD/OHCI/OHCI.c:405:13:OHciRhStatusChangeIsr	16	static
../lpcusblib/Drivers/USB/Core/HCD/OHCI/OHCI.c:415:13:ProcessDoneQueue	48	static
../lpcusblib/Drivers/USB/Core/HCD/OHCI/OHCI.c:522:6:HcdIrqHandler	24	static
../lpcusblib/Drivers/USB/Core/HCD/OHCI/OHCI.c:613:19:QueueOneGTD	32	static
../lpcusblib/Drivers/USB/Core/HCD/OHCI/OHCI.c:638:19:QueueGTDs	40	static
../lpcusblib/Drivers/USB/Core/HCD/OHCI/OHCI.c:653:19:WaitForTransferComplete	16	static
../lpcusblib/Drivers/USB/Core/HCD/OHCI/OHCI.c:663:28:InsertEndpoint	24	static
../lpcusblib/Drivers/USB/Core/HCD/OHCI/OHCI.c:679:28:RemoveEndpoint	32	static
../lpcusblib/Drivers/USB/Core/HCD/OHCI/OHCI.c:746:22:BuildPeriodicStaticEdTree	24	static
../lpcusblib/Drivers/USB/Core/HCD/OHCI/OHCI.c:757:26:Align16	16	static
../lpcusblib/Drivers/USB/Core/HCD/OHCI/OHCI.c:762:41:HcdED	16	static
../lpcusblib/Drivers/USB/Core/HCD/OHCI/OHCI.c:767:48:HcdGTD	16	static
../lpcusblib/Drivers/USB/Core/HCD/OHCI/OHCI.c:772:44:HcdITD	16	static
../lpcusblib/Drivers/USB/Core/HCD/OHCI/OHCI.c:781:22:IsIsoEndpoint	16	static
../lpcusblib/Drivers/USB/Core/HCD/OHCI/OHCI.c:793:13:PipehandleCreate	16	static
../lpcusblib/Drivers/USB/Core/HCD/OHCI/OHCI.c:798:19:PipehandleParse	24	static
../lpcusblib/Drivers/USB/Core/HCD/OHCI/OHCI.c:810:28:AllocEd	32	static
../lpcusblib/Drivers/USB/Core/HCD/OHCI/OHCI.c:850:19:AllocGtdForEd	32	static
../lpcusblib/Drivers/USB/Core/HCD/OHCI/OHCI.c:891:19:AllocItdForEd	32	static
../lpcusblib/Drivers/USB/Core/HCD/OHCI/OHCI.c:920:28:FreeED	16	static
../lpcusblib/Drivers/USB/Core/HCD/OHCI/OHCI.c:936:28:FreeGtd	16	static
../lpcusblib/Drivers/USB/Core/HCD/OHCI/OHCI.c:942:28:FreeItd	16	static
../lpcusblib/Drivers/USB/Core/HCD/OHCI/OHCI.c:948:28:OHciHostInit	24	static
../lpcusblib/Drivers/USB/Core/HCD/OHCI/OHCI.c:1007:28:OHciHostReset	16	static
../lpcusblib/Drivers/USB/Core/HCD/OHCI/OHCI.c:1015:28:OHciHostOperational	16	static
../lpcusblib/Drivers/USB/Core/HCD/OHCI/OHCI.c:1065:6:HcdSetStreamPacketSize	16	static
