../lpcusblib/Drivers/USB/Class/Host/HIDClassHost.c:43:9:HID_Host_ConfigurePipes	88	static
../lpcusblib/Drivers/USB/Class/Host/HIDClassHost.c:160:16:DCOMP_HID_Host_NextHIDInterface	24	static
../lpcusblib/Drivers/USB/Class/Host/HIDClassHost.c:175:16:DCOMP_HID_Host_NextHIDDescriptor	24	static
../lpcusblib/Drivers/USB/Class/Host/HIDClassHost.c:187:16:DCOMP_HID_Host_NextHIDInterfaceEndpoint	24	static
../lpcusblib/Drivers/USB/Class/Host/HIDClassHost.c:207:9:HID_Host_ReceiveReportByID	48	static
../lpcusblib/Drivers/USB/Class/Host/HIDClassHost.c:227:9:HID_Host_ReceiveReport	48	static
../lpcusblib/Drivers/USB/Class/Host/HIDClassHost.c:269:9:HID_Host_SendReportByID	48	static
../lpcusblib/Drivers/USB/Class/Host/HIDClassHost.c:322:6:HID_Host_IsReportReceived	24	static
../lpcusblib/Drivers/USB/Class/Host/HIDClassHost.c:340:9:HID_Host_SetBootProtocol	32	static
../lpcusblib/Drivers/USB/Class/Host/HIDClassHost.c:368:9:HID_Host_SetIdlePeriod	32	static
../lpcusblib/Drivers/USB/Class/Host/HIDClassHost.c:387:9:HID_Host_SetReportProtocol	72	dynamic
