C:\Users\Checkout\Documents\MCUXpressoIDE_11.6.0_8187\workspace\lpc_chip_175x_6x\inc/core_cm3.h:1323:22:NVIC_EnableIRQ	16	static
C:\Users\Checkout\Documents\MCUXpressoIDE_11.6.0_8187\workspace\usbd_lib_composite\example\inc/cdc_vcom.h:107:24:vcom_connected	4	static
../example/src/composite_main.c:73:13:usb_pin_clk_init	8	static
../example/src/composite_main.c:89:6:USB_IRQHandler	8	static
../example/src/composite_main.c:95:27:find_IntfDesc	32	static
../example/src/composite_main.c:126:5:main	120	static
