C:\Users\Checkout\Documents\MCUXpressoIDE_11.6.0_8187\workspace\lpc_chip_175x_6x\inc/core_cm3.h:1323:22:NVIC_EnableIRQ	16	static
C:\Users\Checkout\Documents\MCUXpressoIDE_11.6.0_8187\workspace\lpc_chip_175x_6x\inc/core_cm3.h:1335:22:NVIC_DisableIRQ	16	static
C:\Users\Checkout\Documents\MCUXpressoIDE_11.6.0_8187\workspace\lpc_chip_175x_6x\inc/core_cm3.h:1405:22:NVIC_SetPriority	16	static
../example/src/adc.c:74:13:App_print_ADC_value	24	static
../example/src/adc.c:84:13:App_DMA_Test	24	static
../example/src/adc.c:134:13:App_Interrupt_Test	8	static
../example/src/adc.c:161:13:App_Polling_Test	16	static
../example/src/adc.c:201:6:ADC_IRQHandler	16	static
../example/src/adc.c:221:6:DMA_IRQHandler	8	static
../example/src/adc.c:235:5:main	24	static
