C:\Users\Checkout\Documents\MCUXpressoIDE_11.6.0_8187\workspace\lpc_chip_175x_6x\inc/core_cm3.h:1323:22:NVIC_EnableIRQ	16	static
C:\Users\Checkout\Documents\MCUXpressoIDE_11.6.0_8187\workspace\lpc_chip_175x_6x\inc/core_cm3.h:1375:22:NVIC_ClearPendingIRQ	16	static
C:\Users\Checkout\Documents\MCUXpressoIDE_11.6.0_8187\workspace\lpc_chip_175x_6x\inc/gpio_17xx_40xx.h:156:20:Chip_GPIO_SetPinDIRInput	16	static
C:\Users\Checkout\Documents\MCUXpressoIDE_11.6.0_8187\workspace\lpc_chip_175x_6x\inc/gpioint_17xx_40xx.h:106:20:Chip_GPIOINT_SetIntFalling	24	static
C:\Users\Checkout\Documents\MCUXpressoIDE_11.6.0_8187\workspace\lpc_chip_175x_6x\inc/gpioint_17xx_40xx.h:199:20:Chip_GPIOINT_ClearIntStatus	24	static
../example/src/pinint.c:104:6:EINT3_IRQHandler	8	static
../example/src/pinint.c:114:5:main	8	static
