C:\Users\Checkout\Documents\MCUXpressoIDE_11.6.0_8187\workspace\lpc_chip_175x_6x\inc/core_cm3.h:1323:22:NVIC_EnableIRQ	16	static
C:\Users\Checkout\Documents\MCUXpressoIDE_11.6.0_8187\workspace\lpc_chip_175x_6x\inc/core_cm3.h:1375:22:NVIC_ClearPendingIRQ	16	static
C:\Users\Checkout\Documents\MCUXpressoIDE_11.6.0_8187\workspace\lpc_chip_175x_6x\inc/timer_17xx_40xx.h:111:20:Chip_TIMER_MatchPending	16	static
C:\Users\Checkout\Documents\MCUXpressoIDE_11.6.0_8187\workspace\lpc_chip_175x_6x\inc/timer_17xx_40xx.h:136:20:Chip_TIMER_ClearMatch	16	static
C:\Users\Checkout\Documents\MCUXpressoIDE_11.6.0_8187\workspace\lpc_chip_175x_6x\inc/timer_17xx_40xx.h:159:20:Chip_TIMER_Enable	16	static
C:\Users\Checkout\Documents\MCUXpressoIDE_11.6.0_8187\workspace\lpc_chip_175x_6x\inc/timer_17xx_40xx.h:217:20:Chip_TIMER_SetMatch	24	static
C:\Users\Checkout\Documents\MCUXpressoIDE_11.6.0_8187\workspace\lpc_chip_175x_6x\inc/timer_17xx_40xx.h:248:20:Chip_TIMER_MatchEnableInt	16	static
C:\Users\Checkout\Documents\MCUXpressoIDE_11.6.0_8187\workspace\lpc_chip_175x_6x\inc/timer_17xx_40xx.h:270:20:Chip_TIMER_ResetOnMatchEnable	16	static
../example/src/timer.c:57:6:TIMER0_IRQHandler	8	static
../example/src/timer.c:69:5:main	16	static
