C:\Users\Checkout\Documents\MCUXpressoIDE_11.6.0_8187\workspace\lpcusblib_KeyboardHost\lpcusblib\Drivers\USB/Class/Host/HIDClassHost.h:291:23:HID_Host_USBTask	16	static
../example/src/KeyboardHost.c:65:13:KeyboardHost_Task	24	static
../example/src/KeyboardHost.c:108:13:SetupHardware	8	static
../example/src/KeyboardHost.c:128:5:main	8	static
../example/src/KeyboardHost.c:145:6:EVENT_USB_Host_DeviceAttached	16	static
../example/src/KeyboardHost.c:152:6:EVENT_USB_Host_DeviceUnattached	16	static
../example/src/KeyboardHost.c:160:6:EVENT_USB_Host_DeviceEnumerationComplete	544	static
../example/src/KeyboardHost.c:197:6:EVENT_USB_Host_HostError	16	static
../example/src/KeyboardHost.c:211:6:EVENT_USB_Host_DeviceEnumerationFailed	32	static
../example/src/KeyboardHost.c:224:6:CALLBACK_HIDParser_FilterHIDReportItem	16	static
