../lwip/src/api/api_lib.c:68:1:netconn_new_with_proto_and_callback	48	static
../lwip/src/api/api_lib.c:103:1:netconn_delete	40	static
../lwip/src/api/api_lib.c:135:1:netconn_getaddr	56	static
../lwip/src/api/api_lib.c:166:1:netconn_bind	56	static
../lwip/src/api/api_lib.c:192:1:netconn_connect	56	static
../lwip/src/api/api_lib.c:217:1:netconn_disconnect	48	static
../lwip/src/api/api_lib.c:241:1:netconn_listen_with_backlog	48	static
../lwip/src/api/api_lib.c:277:1:netconn_accept	32	static
../lwip/src/api/api_lib.c:342:1:netconn_recv_data	56	static
../lwip/src/api/api_lib.c:437:1:netconn_recv_tcp_pbuf	16	static
../lwip/src/api/api_lib.c:454:1:netconn_recv	32	static
../lwip/src/api/api_lib.c:517:1:netconn_recved	40	static
../lwip/src/api/api_lib.c:549:1:netconn_sendto	24	static
../lwip/src/api/api_lib.c:567:1:netconn_send	48	static
../lwip/src/api/api_lib.c:598:1:netconn_write_partly	56	static
../lwip/src/api/api_lib.c:663:1:netconn_close_shutdown	48	static
../lwip/src/api/api_lib.c:689:1:netconn_close	16	static
../lwip/src/api/api_lib.c:702:1:netconn_shutdown	16	static
