C:\Users\Checkout\Documents\MCUXpressoIDE_11.6.0_8187\workspace\lpc_chip_175x_6x\inc/core_cm3.h:1323:22:NVIC_EnableIRQ	16	static
C:\Users\Checkout\Documents\MCUXpressoIDE_11.6.0_8187\workspace\lpc_chip_175x_6x\inc/core_cm3.h:1375:22:NVIC_ClearPendingIRQ	16	static
C:\Users\Checkout\Documents\MCUXpressoIDE_11.6.0_8187\workspace\lpc_chip_175x_6x\inc/core_cm3.h:1405:22:NVIC_SetPriority	16	static
C:\Users\Checkout\Documents\MCUXpressoIDE_11.6.0_8187\workspace\lpc_chip_175x_6x\inc/core_cm3.h:1532:26:SysTick_Config	16	static
C:\Users\Checkout\Documents\MCUXpressoIDE_11.6.0_8187\workspace\lpc_chip_175x_6x\inc/wwdt_17xx_40xx.h:112:20:Chip_WWDT_SetTimeOut	16	static
C:\Users\Checkout\Documents\MCUXpressoIDE_11.6.0_8187\workspace\lpc_chip_175x_6x\inc/wwdt_17xx_40xx.h:124:20:Chip_WWDT_Feed	16	static
C:\Users\Checkout\Documents\MCUXpressoIDE_11.6.0_8187\workspace\lpc_chip_175x_6x\inc/wwdt_17xx_40xx.h:171:20:Chip_WWDT_SetOption	16	static
C:\Users\Checkout\Documents\MCUXpressoIDE_11.6.0_8187\workspace\lpc_chip_175x_6x\inc/wwdt_17xx_40xx.h:195:20:Chip_WWDT_Start	16	static
C:\Users\Checkout\Documents\MCUXpressoIDE_11.6.0_8187\workspace\lpc_chip_175x_6x\inc/wwdt_17xx_40xx.h:206:24:Chip_WWDT_GetStatus	16	static
C:\Users\Checkout\Documents\MCUXpressoIDE_11.6.0_8187\workspace\lpc_chip_175x_6x\inc/wwdt_17xx_40xx.h:261:20:Chip_WWDT_SelClockSource	16	static
../example/src/watchdog.c:53:13:wdt_handle	16	static
../example/src/watchdog.c:90:6:WDT_IRQHandler	8	static
../example/src/watchdog.c:100:6:SysTick_Handler	8	static
../example/src/watchdog.c:112:5:main	16	static
