../example/src/httpd.c:375:1:strnstr	32	static
../example/src/httpd.c:393:1:http_state_alloc	16	static
../example/src/httpd.c:416:1:http_state_free	16	static
../example/src/httpd.c:453:1:http_write	32	static
../example/src/httpd.c:493:1:http_close_conn	24	static
../example/src/httpd.c:664:1:get_http_headers	32	static
../example/src/httpd.c:763:1:http_send_data	40	static
../example/src/httpd.c:1340:1:http_get_404_file	24	static
../example/src/httpd.c:1566:1:http_parse_request	64	static
../example/src/httpd.c:1733:1:http_find_file	40	static
../example/src/httpd.c:1841:1:http_init_file	32	static
../example/src/httpd.c:1898:1:http_err	24	static
../example/src/httpd.c:1915:1:http_sent	32	static
../example/src/httpd.c:1942:1:http_poll	24	static
../example/src/httpd.c:1990:1:http_recv	32	static
../example/src/httpd.c:2078:1:http_accept	32	static
../example/src/httpd.c:2116:1:httpd_init_addr	24	static
../example/src/httpd.c:2138:1:httpd_init	8	static
