../ucos_iii/src/lib_str.c:218:13:Str_Len	24	static
../ucos_iii/src/lib_str.c:278:13:Str_Len_N	24	static
../ucos_iii/src/lib_str.c:351:12:Str_Copy	24	static
../ucos_iii/src/lib_str.c:442:12:Str_Copy_N	40	static
../ucos_iii/src/lib_str.c:544:12:Str_Cat	24	static
../ucos_iii/src/lib_str.c:627:12:Str_Cat_N	40	static
../ucos_iii/src/lib_str.c:758:13:Str_Cmp	24	static
../ucos_iii/src/lib_str.c:860:13:Str_Cmp_N	48	static
../ucos_iii/src/lib_str.c:1025:13:Str_CmpIgnoreCase	24	static
../ucos_iii/src/lib_str.c:1137:13:Str_CmpIgnoreCase_N	48	static
../ucos_iii/src/lib_str.c:1277:12:Str_Char	24	static
../ucos_iii/src/lib_str.c:1358:12:Str_Char_N	32	static
../ucos_iii/src/lib_str.c:1456:12:Str_Char_Last	24	static
../ucos_iii/src/lib_str.c:1539:12:Str_Char_Last_N	40	static
../ucos_iii/src/lib_str.c:1642:12:Str_Str	24	static
../ucos_iii/src/lib_str.c:1727:12:Str_Str_N	64	static
../ucos_iii/src/lib_str.c:1921:12:Str_FmtNbr_Int32U	40	static
../ucos_iii/src/lib_str.c:2138:12:Str_FmtNbr_Int32S	56	static
../ucos_iii/src/lib_str.c:2861:13:Str_ParseNbr_Int32U	40	static
../ucos_iii/src/lib_str.c:3078:13:Str_ParseNbr_Int32S	48	static
../ucos_iii/src/lib_str.c:3334:20:Str_FmtNbr_Int32	48	static
../ucos_iii/src/lib_str.c:3729:21:Str_ParseNbr_Int32	64	static
