../ucos_iii/src/os_core.c:55:7:OSInit	24	static
../ucos_iii/src/os_core.c:266:7:OSIntEnter	4	static
../ucos_iii/src/os_core.c:300:7:OSIntExit	16	static
../ucos_iii/src/os_core.c:387:7:OSSched	16	static
../ucos_iii/src/os_core.c:444:7:OSSchedLock	24	static
../ucos_iii/src/os_core.c:505:7:OSSchedUnlock	24	static
../ucos_iii/src/os_core.c:706:7:OSStart	16	static
../ucos_iii/src/os_core.c:745:13:OSVersion	16	static
../ucos_iii/src/os_core.c:781:7:OS_IdleTask	24	static
../ucos_iii/src/os_core.c:816:7:OS_IdleTaskInit	56	static
../ucos_iii/src/os_core.c:873:7:OS_Pend	32	static
../ucos_iii/src/os_core.c:927:7:OS_PendAbort	24	static
../ucos_iii/src/os_core.c:1033:7:OS_PendAbort1	32	static
../ucos_iii/src/os_core.c:1098:7:OS_PendDataInit	32	static
../ucos_iii/src/os_core.c:1141:7:OS_PendDbgNameAdd	32	static
../ucos_iii/src/os_core.c:1174:7:OS_PendDbgNameRemove	32	static
../ucos_iii/src/os_core.c:1276:7:OS_PendListChangePrio	32	static
../ucos_iii/src/os_core.c:1319:7:OS_PendListInit	16	static
../ucos_iii/src/os_core.c:1373:7:OS_PendListInsertHead	24	static
../ucos_iii/src/os_core.c:1461:7:OS_PendListInsertPrio	40	static
../ucos_iii/src/os_core.c:1564:7:OS_PendListRemove	32	static
../ucos_iii/src/os_core.c:1639:7:OS_PendListRemove1	24	static
../ucos_iii/src/os_core.c:1693:7:OS_PendObjDel	24	static
../ucos_iii/src/os_core.c:1795:7:OS_PendObjDel1	32	static
../ucos_iii/src/os_core.c:1844:7:OS_Post	32	static
../ucos_iii/src/os_core.c:1970:7:OS_Post1	32	static
../ucos_iii/src/os_core.c:2040:7:OS_RdyListInit	16	static
../ucos_iii/src/os_core.c:2074:7:OS_RdyListInsert	16	static
../ucos_iii/src/os_core.c:2141:7:OS_RdyListInsertHead	24	static
../ucos_iii/src/os_core.c:2222:7:OS_RdyListInsertTail	24	static
../ucos_iii/src/os_core.c:2299:7:OS_RdyListMoveHeadToTail	32	static
../ucos_iii/src/os_core.c:2386:7:OS_RdyListRemove	32	static
../ucos_iii/src/os_core.c:2438:7:OS_Sched0	16	static
../ucos_iii/src/os_core.c:2598:7:OS_TaskBlock	24	static
../ucos_iii/src/os_core.c:2636:7:OS_TaskRdy	16	static
