C:\Users\Checkout\Documents\MCUXpressoIDE_11.6.0_8187\workspace\lpc_chip_175x_6x\inc/core_cm3.h:1323:22:NVIC_EnableIRQ	16	static
C:\Users\Checkout\Documents\MCUXpressoIDE_11.6.0_8187\workspace\lpc_chip_175x_6x\inc/core_cm3.h:1405:22:NVIC_SetPriority	16	static
C:\Users\Checkout\Documents\MCUXpressoIDE_11.6.0_8187\workspace\lpc_chip_175x_6x\inc/enet_17xx_40xx.h:681:20:Chip_ENET_Set100Mbps	16	static
C:\Users\Checkout\Documents\MCUXpressoIDE_11.6.0_8187\workspace\lpc_chip_175x_6x\inc/enet_17xx_40xx.h:691:20:Chip_ENET_Set10Mbps	16	static
../example/src/webserver_freertos.c:72:13:prvSetupHardware	8	static
../example/src/webserver_freertos.c:83:13:tcpip_init_done_signal	16	static
../example/src/webserver_freertos.c:90:13:vSetupIFTask	56	static
../example/src/webserver_freertos.c:205:6:msDelay	16	static
../example/src/webserver_freertos.c:214:5:main	24	static
