C:\Users\Checkout\Documents\MCUXpressoIDE_11.6.0_8187\workspace\lpc_chip_175x_6x\inc/core_cm3.h:1323:22:NVIC_EnableIRQ	16	static
C:\Users\Checkout\Documents\MCUXpressoIDE_11.6.0_8187\workspace\lpc_chip_175x_6x\inc/spi_17xx_40xx.h:234:20:Chip_SPI_SetFormat	16	static
C:\Users\Checkout\Documents\MCUXpressoIDE_11.6.0_8187\workspace\lpc_chip_175x_6x\inc/spi_17xx_40xx.h:275:20:Chip_SPI_SetMode	16	static
C:\Users\Checkout\Documents\MCUXpressoIDE_11.6.0_8187\workspace\lpc_chip_175x_6x\inc/ssp_17xx_40xx.h:239:20:Chip_SSP_Enable	16	static
C:\Users\Checkout\Documents\MCUXpressoIDE_11.6.0_8187\workspace\lpc_chip_175x_6x\inc/ssp_17xx_40xx.h:413:20:Chip_SSP_SetFormat	24	static
C:\Users\Checkout\Documents\MCUXpressoIDE_11.6.0_8187\workspace\lpc_chip_175x_6x\inc/ssp_17xx_40xx.h:436:20:Chip_SSP_DMA_Enable	16	static
C:\Users\Checkout\Documents\MCUXpressoIDE_11.6.0_8187\workspace\lpc_chip_175x_6x\inc/ssp_17xx_40xx.h:446:20:Chip_SSP_DMA_Disable	16	static
../example/src/spi.c:79:13:bufferInit	24	static
../example/src/spi.c:91:16:bufferVerify	24	static
../example/src/spi.c:106:6:DMA_IRQHandler	8	static
../example/src/spi.c:117:13:appSSPRun	16	static
../example/src/spi.c:139:13:appSPIRun	8	static
../example/src/spi.c:185:5:main	8	static
