Archive member included to satisfy reference by file (symbol)

C:\Users\Checkout\Documents\MCUXpressoIDE_11.6.0_8187\workspace\lpc_board_nxp_lpcxpresso_1769\Debug\liblpc_board_nxp_lpcxpresso_1769.a(board.o)
                              ./freertos/src/FreeRTOSCommonHooks.o (Board_UARTPutSTR)
C:\Users\Checkout\Documents\MCUXpressoIDE_11.6.0_8187\workspace\lpc_board_nxp_lpcxpresso_1769\Debug\liblpc_board_nxp_lpcxpresso_1769.a(board_sysinit.o)
                              ./example/src/sysinit.o (Board_SystemInit)
C:\Users\Checkout\Documents\MCUXpressoIDE_11.6.0_8187\workspace\lpc_board_nxp_lpcxpresso_1769\Debug\liblpc_board_nxp_lpcxpresso_1769.a(lpc_phy_smsc87x0.o)
                              ./lwip/src/arch/lpc17xx_40xx_emac.o (lpc_phy_init)
C:\Users\Checkout\Documents\MCUXpressoIDE_11.6.0_8187\workspace\lpc_chip_175x_6x\Debug\liblpc_chip_175x_6x.a(chip_17xx_40xx.o)
                              ./freertos/src/port.o (SystemCoreClock)
C:\Users\Checkout\Documents\MCUXpressoIDE_11.6.0_8187\workspace\lpc_chip_175x_6x\Debug\liblpc_chip_175x_6x.a(clock_17xx_40xx.o)
                              C:\Users\Checkout\Documents\MCUXpressoIDE_11.6.0_8187\workspace\lpc_chip_175x_6x\Debug\liblpc_chip_175x_6x.a(chip_17xx_40xx.o) (Chip_Clock_EnablePLL)
C:\Users\Checkout\Documents\MCUXpressoIDE_11.6.0_8187\workspace\lpc_chip_175x_6x\Debug\liblpc_chip_175x_6x.a(enet_17xx_40xx.o)
                              ./lwip/src/arch/lpc17xx_40xx_emac.o (Chip_ENET_Init)
C:\Users\Checkout\Documents\MCUXpressoIDE_11.6.0_8187\workspace\lpc_chip_175x_6x\Debug\liblpc_chip_175x_6x.a(i2s_17xx_40xx.o)
                              C:\Users\Checkout\Documents\MCUXpressoIDE_11.6.0_8187\workspace\lpc_board_nxp_lpcxpresso_1769\Debug\liblpc_board_nxp_lpcxpresso_1769.a(board.o) (Chip_I2S_Init)
C:\Users\Checkout\Documents\MCUXpressoIDE_11.6.0_8187\workspace\lpc_chip_175x_6x\Debug\liblpc_chip_175x_6x.a(iocon_17xx_40xx.o)
                              C:\Users\Checkout\Documents\MCUXpressoIDE_11.6.0_8187\workspace\lpc_board_nxp_lpcxpresso_1769\Debug\liblpc_board_nxp_lpcxpresso_1769.a(board.o) (Chip_IOCON_PinMux)
C:\Users\Checkout\Documents\MCUXpressoIDE_11.6.0_8187\workspace\lpc_chip_175x_6x\Debug\liblpc_chip_175x_6x.a(sysinit_17xx_40xx.o)
                              C:\Users\Checkout\Documents\MCUXpressoIDE_11.6.0_8187\workspace\lpc_board_nxp_lpcxpresso_1769\Debug\liblpc_board_nxp_lpcxpresso_1769.a(board_sysinit.o) (Chip_SetupXtalClocking)
C:\Users\Checkout\Documents\MCUXpressoIDE_11.6.0_8187\workspace\lpc_chip_175x_6x\Debug\liblpc_chip_175x_6x.a(uart_17xx_40xx.o)
                              C:\Users\Checkout\Documents\MCUXpressoIDE_11.6.0_8187\workspace\lpc_board_nxp_lpcxpresso_1769\Debug\liblpc_board_nxp_lpcxpresso_1769.a(board.o) (Chip_UART_Init)
C:\Users\Checkout\Documents\MCUXpressoIDE_11.6.0_8187\workspace\lpc_chip_175x_6x\Debug\liblpc_chip_175x_6x.a(ring_buffer.o)
                              C:\Users\Checkout\Documents\MCUXpressoIDE_11.6.0_8187\workspace\lpc_chip_175x_6x\Debug\liblpc_chip_175x_6x.a(uart_17xx_40xx.o) (RingBuffer_Insert)
c:/users/checkout/desktop/apps/nxp/mcuxpressoide_11.6.0_8187/ide/plugins/com.nxp.mcuxpresso.tools.win32_11.6.0.202112161359/tools/bin/../lib/gcc/arm-none-eabi/10.3.1/../../../../arm-none-eabi/lib/thumb/v7-m/nofp\libcr_nohost.a(_cr__main.o)
                              ./example/src/cr_startup_lpc175x_6x.o (__main)
c:/users/checkout/desktop/apps/nxp/mcuxpressoide_11.6.0_8187/ide/plugins/com.nxp.mcuxpresso.tools.win32_11.6.0.202112161359/tools/bin/../lib/gcc/arm-none-eabi/10.3.1/../../../../arm-none-eabi/lib/thumb/v7-m/nofp\libcr_c.a(memcpy.o)
                              ./lwip/src/netif/etharp.o (memcpy)
c:/users/checkout/desktop/apps/nxp/mcuxpressoide_11.6.0_8187/ide/plugins/com.nxp.mcuxpresso.tools.win32_11.6.0.202112161359/tools/bin/../lib/gcc/arm-none-eabi/10.3.1/../../../../arm-none-eabi/lib/thumb/v7-m/nofp\libcr_c.a(memset.o)
                              ./lwip/src/core/ipv4/ip_frag.o (memset)
c:/users/checkout/desktop/apps/nxp/mcuxpressoide_11.6.0_8187/ide/plugins/com.nxp.mcuxpresso.tools.win32_11.6.0.202112161359/tools/bin/../lib/gcc/arm-none-eabi/10.3.1/../../../../arm-none-eabi/lib/thumb/v7-m/nofp\libcr_c.a(alloc.o)
                              ./lwip/src/core/ipv4/ip_frag.o (malloc)
c:/users/checkout/desktop/apps/nxp/mcuxpressoide_11.6.0_8187/ide/plugins/com.nxp.mcuxpresso.tools.win32_11.6.0.202112161359/tools/bin/../lib/gcc/arm-none-eabi/10.3.1/../../../../arm-none-eabi/lib/thumb/v7-m/nofp\libcr_c.a(fpprintf.o)
                              ./freertos/src/FreeRTOSCommonHooks.o (printf)
c:/users/checkout/desktop/apps/nxp/mcuxpressoide_11.6.0_8187/ide/plugins/com.nxp.mcuxpresso.tools.win32_11.6.0.202112161359/tools/bin/../lib/gcc/arm-none-eabi/10.3.1/../../../../arm-none-eabi/lib/thumb/v7-m/nofp\libcr_c.a(initio.o)
[...]
Memory Configuration

Name             Origin             Length             Attributes
MFlash512        0x00000000         0x00080000         xr
RamLoc32         0x10000000         0x00008000         xrw
RamAHB32         0x2007c000         0x00008000         xrw
*default*        0x00000000         0xffffffff

Linker script and memory map

LOAD ./lwip/src/netif/etharp.o
LOAD ./lwip/src/netif/ethernetif.o
LOAD ./lwip/src/core/ipv4/autoip.o
LOAD ./lwip/src/core/ipv4/icmp.o
LOAD ./lwip/src/core/ipv4/igmp.o
LOAD ./lwip/src/core/ipv4/inet.o
LOAD ./lwip/src/core/ipv4/inet_chksum.o
LOAD ./lwip/src/core/ipv4/ip.o
LOAD ./lwip/src/core/ipv4/ip_addr.o
LOAD ./lwip/src/core/ipv4/ip_frag.o
LOAD ./lwip/src/core/def.o
LOAD ./lwip/src/core/dhcp.o
LOAD ./lwip/src/core/dns.o
LOAD ./lwip/src/core/init.o
LOAD ./lwip/src/core/mem.o
LOAD ./lwip/src/core/memp.o
LOAD ./lwip/src/core/netif.o
LOAD ./lwip/src/core/pbuf.o
LOAD ./lwip/src/core/raw.o
LOAD ./lwip/src/core/stats.o
LOAD ./lwip/src/core/sys.o
LOAD ./lwip/src/core/tcp.o
LOAD ./lwip/src/core/tcp_in.o
LOAD ./lwip/src/core/tcp_out.o
LOAD ./lwip/src/core/timers.o
LOAD ./lwip/src/core/udp.o
LOAD ./lwip/src/arch/lpc17xx_40xx_emac.o
LOAD ./lwip/src/arch/lpc_debug.o
LOAD ./lwip/src/arch/sys_arch_freertos.o
LOAD ./lwip/src/api/api_lib.o
LOAD ./lwip/src/api/api_msg.o
LOAD ./lwip/src/api/err.o
LOAD ./lwip/src/api/netbuf.o
LOAD ./lwip/src/api/netdb.o
LOAD ./lwip/src/api/netifapi.o
LOAD ./lwip/src/api/sockets.o
LOAD ./lwip/src/api/tcpip.o
LOAD ./freertos/src/FreeRTOSCommonHooks.o
LOAD ./freertos/src/heap_3.o
LOAD ./freertos/src/list.o
LOAD ./freertos/src/port.o
LOAD ./freertos/src/queue.o
LOAD ./freertos/src/tasks.o
LOAD ./example/src/cr_redlib_heap_fix.o
LOAD ./example/src/cr_startup_lpc175x_6x.o
LOAD ./example/src/lwip_tcpecho_freertos.o
LOAD ./example/src/sysinit.o
LOAD ./example/src/tcpecho.o
LOAD C:\Users\Checkout\Documents\MCUXpressoIDE_11.6.0_8187\workspace\lpc_board_nxp_lpcxpresso_1769\Debug\liblpc_board_nxp_lpcxpresso_1769.a
LOAD C:\Users\Checkout\Documents\MCUXpressoIDE_11.6.0_8187\workspace\lpc_chip_175x_6x\Debug\liblpc_chip_175x_6x.a
START GROUP
LOAD c:/users/checkout/desktop/apps/nxp/mcuxpressoide_11.6.0_8187/ide/plugins/com.nxp.mcuxpresso.tools.win32_11.6.0.202112161359/tools/bin/../lib/gcc/arm-none-eabi/10.3.1/../../../../arm-none-eabi/lib/thumb/v7-m/nofp\libcr_nohost.a
LOAD c:/users/checkout/desktop/apps/nxp/mcuxpressoide_11.6.0_8187/ide/plugins/com.nxp.mcuxpresso.tools.win32_11.6.0.202112161359/tools/bin/../lib/gcc/arm-none-eabi/10.3.1/../../../../arm-none-eabi/lib/thumb/v7-m/nofp\libcr_c.a
LOAD c:/users/checkout/desktop/apps/nxp/mcuxpressoide_11.6.0_8187/ide/plugins/com.nxp.mcuxpresso.tools.win32_11.6.0.202112161359/tools/bin/../lib/gcc/arm-none-eabi/10.3.1/thumb/v7-m/nofp\libcr_eabihelpers.a
LOAD c:/users/checkout/desktop/apps/nxp/mcuxpressoide_11.6.0_8187/ide/plugins/com.nxp.mcuxpresso.tools.win32_11.6.0.202112161359/tools/bin/../lib/gcc/arm-none-eabi/10.3.1/thumb/v7-m/nofp\libgcc.a
END GROUP
                0x00000000                __base_MFlash512 = 0x0
                0x00000000                __base_Flash = 0x0
                0x00080000                __top_MFlash512 = 0x80000
                0x00080000                __top_Flash = 0x80000
                0x10000000                __base_RamLoc32 = 0x10000000
                0x10000000                __base_RAM = 0x10000000
                0x10008000                __top_RamLoc32 = 0x10008000
                0x10008000                __top_RAM = 0x10008000
                0x2007c000                __base_RamAHB32 = 0x2007c000
                0x2007c000                __base_RAM2 = 0x2007c000
                0x20084000                __top_RamAHB32 = 0x20084000
                0x20084000                __top_RAM2 = 0x20084000

.text           0x00000000    0x12450
 FILL mask 0xff
                0x00000000                __vectors_start__ = ABSOLUTE (.)
 *(.isr_vector)
 .isr_vector    0x00000000       0xcc ./example/src/cr_startup_lpc175x_6x.o
                0x00000000                g_pfnVectors
                0x000000cc                . = ALIGN (0x4)
                0x000000cc                __section_table_start = .
                0x000000cc                __data_section_table = .
                0x000000cc        0x4 LONG 0x12450 LOADADDR (.data)
                0x000000d0        0x4 LONG 0x10000000 ADDR (.data)
                0x000000d4        0x4 LONG 0x18 SIZEOF (.data)
                0x000000d8        0x4 LONG 0x12450 LOADADDR (.data_RAM2)
                0x000000dc        0x4 LONG 0x2007c000 ADDR (.data_RAM2)
                0x000000e0        0x4 LONG 0x0 SIZEOF (.data_RAM2)
                0x000000e4                __data_section_table_end = .
                0x000000e4                __bss_section_table = .
                0x000000e4        0x4 LONG 0x10000018 ADDR (.bss)
                0x000000e8        0x4 LONG 0x5e8 SIZEOF (.bss)
                0x000000ec        0x4 LONG 0x2007c000 ADDR (.bss_RAM2)
                0x000000f0        0x4 LONG 0x0 SIZEOF (.bss_RAM2)
                0x000000f4                __bss_section_table_end = .
                0x000000f4                __section_table_end = .
 *(.after_vectors*)
 .after_vectors
                0x000000f4      0x130 ./example/src/cr_startup_lpc175x_6x.o
                0x000000f4                data_init
                0x00000138                bss_init
                0x00000170                ResetISR
                0x000001e8                NMI_Handler
                0x000001ee                HardFault_Handler
                0x000001f4                MemManage_Handler
                0x000001fa                BusFault_Handler
                0x00000200                UsageFault_Handler
                0x0000020c                DebugMon_Handler
                0x0000021e                UART1_IRQHandler
                0x0000021e                EINT3_IRQHandler
                0x0000021e                I2C1_IRQHandler
                0x0000021e                TIMER3_IRQHandler
                0x0000021e                UART0_IRQHandler
                0x0000021e                USBActivity_IRQHandler
                0x0000021e                CANActivity_IRQHandler
                0x0000021e                EINT2_IRQHandler
                0x0000021e                IntDefaultHandler
                0x0000021e                PLL0_IRQHandler
                0x0000021e                CAN_IRQHandler
                0x0000021e                I2C0_IRQHandler
                0x0000021e                SSP0_IRQHandler
                0x0000021e                I2S_IRQHandler
                0x0000021e                I2C2_IRQHandler
                0x0000021e                RTC_IRQHandler
                0x0000021e                TIMER0_IRQHandler
                0x0000021e                SPI_IRQHandler
                0x0000021e                RIT_IRQHandler
                0x0000021e                EINT1_IRQHandler
                0x0000021e                TIMER1_IRQHandler
                0x0000021e                UART2_IRQHandler
                0x0000021e                ADC_IRQHandler
                0x0000021e                SSP1_IRQHandler
                0x0000021e                USB_IRQHandler
                0x0000021e                BOD_IRQHandler
                0x0000021e                PWM1_IRQHandler
                0x0000021e                WDT_IRQHandler
                0x0000021e                QEI_IRQHandler
                0x0000021e                EINT0_IRQHandler
                0x0000021e                PLL1_IRQHandler
                0x0000021e                DMA_IRQHandler
                0x0000021e                TIMER2_IRQHandler
                0x0000021e                UART3_IRQHandler
                0x0000021e                MCPWM_IRQHandler
 *(.text*)
 .text.etharp_free_entry
                0x00000224       0x64 ./lwip/src/netif/etharp.o
 .text.etharp_tmr
                0x00000288       0xe0 ./lwip/src/netif/etharp.o
                0x00000288                etharp_tmr
 .text.etharp_find_entry
                0x00000368      0x248 ./lwip/src/netif/etharp.o
 .text.etharp_send_ip
                0x000005b0       0x5e ./lwip/src/netif/etharp.o
 *fill*         0x0000060e        0x2 ff
 .text.etharp_update_arp_entry
                0x00000610      0x12c ./lwip/src/netif/etharp.o
 .text.etharp_cleanup_netif
                0x0000073c       0x64 ./lwip/src/netif/etharp.o
                0x0000073c                etharp_cleanup_netif
 .text.etharp_arp_input
                0x000007a0      0x196 ./lwip/src/netif/etharp.o
 *fill*         0x00000936        0x2 ff
 .text.etharp_output_to_arp_index
                0x00000938       0xb8 ./lwip/src/netif/etharp.o
 .text.etharp_output
                0x000009f0      0x1b8 ./lwip/src/netif/etharp.o
                0x000009f0                etharp_output
 .text.etharp_query
                0x00000ba8      0x24c ./lwip/src/netif/etharp.o
                0x00000ba8                etharp_query
 .text.etharp_raw
                0x00000df4      0x11a ./lwip/src/netif/etharp.o
 *fill*         0x00000f0e        0x2 ff
 .text.etharp_request
                0x00000f10       0x44 ./lwip/src/netif/etharp.o
                0x00000f10                etharp_request
 .text.ethernet_input
                0x00000f54      0x100 ./lwip/src/netif/etharp.o
                0x00000f54                ethernet_input
 .text.icmp_input
                0x00001054      0x214 ./lwip/src/core/ipv4/icmp.o
                0x00001054                icmp_input
 .text.icmp_dest_unreach
                0x00001268       0x20 ./lwip/src/core/ipv4/icmp.o
                0x00001268                icmp_dest_unreach
 .text.icmp_time_exceeded
                0x00001288       0x20 ./lwip/src/core/ipv4/icmp.o
                0x00001288                icmp_time_exceeded
 .text.icmp_send_response
                0x000012a8       0xb8 ./lwip/src/core/ipv4/icmp.o
 .text.lwip_standard_chksum
                0x00001360       0x9a ./lwip/src/core/ipv4/inet_chksum.o
 .text.inet_chksum_pseudo
                0x000013fa      0x10c ./lwip/src/core/ipv4/inet_chksum.o
                0x000013fa                inet_chksum_pseudo
 .text.inet_chksum_pseudo_partial
                0x00001506      0x138 ./lwip/src/core/ipv4/inet_chksum.o
                0x00001506                inet_chksum_pseudo_partial
 .text.inet_chksum
                0x0000163e       0x24 ./lwip/src/core/ipv4/inet_chksum.o
                0x0000163e                inet_chksum
 .text.inet_chksum_pbuf
                0x00001662       0x94 ./lwip/src/core/ipv4/inet_chksum.o
                0x00001662                inet_chksum_pbuf
 .text.lwip_chksum_copy
                0x000016f6       0x2e ./lwip/src/core/ipv4/inet_chksum.o
                0x000016f6                lwip_chksum_copy
 .text.ip_route
                0x00001724       0x78 ./lwip/src/core/ipv4/ip.o
                0x00001724                ip_route
 .text.ip_input
                0x0000179c      0x254 ./lwip/src/core/ipv4/ip.o
                0x0000179c                ip_input
 .text.ip_output_if
                0x000019f0      0x1c0 ./lwip/src/core/ipv4/ip.o
                0x000019f0                ip_output_if
 .text.ip_output
                0x00001bb0       0x56 ./lwip/src/core/ipv4/ip.o
                0x00001bb0                ip_output
 .text.ip4_addr_isbroadcast
                0x00001c06       0x76 ./lwip/src/core/ipv4/ip_addr.o
                0x00001c06                ip4_addr_isbroadcast
 .text.ipaddr_ntoa_r
                0x00001c7c      0x100 ./lwip/src/core/ipv4/ip_addr.o
                0x00001c7c                ipaddr_ntoa_r
 .text.ip_reass_tmr
                0x00001d7c       0x58 ./lwip/src/core/ipv4/ip_frag.o
                0x00001d7c                ip_reass_tmr
 .text.ip_reass_free_complete_datagram
                0x00001dd4      0x10c ./lwip/src/core/ipv4/ip_frag.o
 .text.ip_reass_remove_oldest_datagram
                0x00001ee0       0xb8 ./lwip/src/core/ipv4/ip_frag.o
 .text.ip_reass_enqueue_new_datagram
                0x00001f98       0x80 ./lwip/src/core/ipv4/ip_frag.o
 .text.ip_reass_dequeue_datagram
                0x00002018       0x44 ./lwip/src/core/ipv4/ip_frag.o
 .text.ip_reass_chain_frag_into_datagram_and_validate
                0x0000205c      0x254 ./lwip/src/core/ipv4/ip_frag.o
 .text.ip_reass
                0x000022b0      0x248 ./lwip/src/core/ipv4/ip_frag.o
                0x000022b0                ip_reass
 .text.ip_frag_alloc_pbuf_custom_ref
                0x000024f8       0x18 ./lwip/src/core/ipv4/ip_frag.o
 .text.ip_frag_free_pbuf_custom_ref
                0x00002510       0x20 ./lwip/src/core/ipv4/ip_frag.o
 .text.ipfrag_free_pbuf_custom
                0x00002530       0x42 ./lwip/src/core/ipv4/ip_frag.o
 *fill*         0x00002572        0x2 ff
 .text.ip_frag  0x00002574      0x20c ./lwip/src/core/ipv4/ip_frag.o
                0x00002574                ip_frag
 .text.lwip_htons
                0x00002780       0x28 ./lwip/src/core/def.o
                0x00002780                lwip_htons
 .text.lwip_ntohs
                0x000027a8       0x1c ./lwip/src/core/def.o
                0x000027a8                lwip_ntohs
 .text.lwip_htonl
                0x000027c4       0x30 ./lwip/src/core/def.o
                0x000027c4                lwip_htonl
 .text.lwip_ntohl
                0x000027f4       0x18 ./lwip/src/core/def.o
                0x000027f4                lwip_ntohl
 .text.dhcp_handle_nak
                0x0000280c       0x48 ./lwip/src/core/dhcp.o
 .text.dhcp_check
                0x00002854       0x60 ./lwip/src/core/dhcp.o
 .text.dhcp_handle_offer
                0x000028b4       0x48 ./lwip/src/core/dhcp.o
 .text.dhcp_select
                0x000028fc      0x13c ./lwip/src/core/dhcp.o
 .text.dhcp_coarse_tmr
                0x00002a38       0x60 ./lwip/src/core/dhcp.o
                0x00002a38                dhcp_coarse_tmr
 .text.dhcp_fine_tmr
                0x00002a98       0x64 ./lwip/src/core/dhcp.o
                0x00002a98                dhcp_fine_tmr
 .text.dhcp_timeout
                0x00002afc       0xc8 ./lwip/src/core/dhcp.o
 .text.dhcp_t1_timeout
                0x00002bc4       0x34 ./lwip/src/core/dhcp.o
 .text.dhcp_t2_timeout
                0x00002bf8       0x34 ./lwip/src/core/dhcp.o
 .text.dhcp_handle_ack
                0x00002c2c       0xb8 ./lwip/src/core/dhcp.o
 .text.dhcp_start
                0x00002ce4      0x148 ./lwip/src/core/dhcp.o
                0x00002ce4                dhcp_start
 .text.dhcp_network_changed
                0x00002e2c       0x5c ./lwip/src/core/dhcp.o
                0x00002e2c                dhcp_network_changed
 .text.dhcp_arp_reply
                0x00002e88       0x42 ./lwip/src/core/dhcp.o
                0x00002e88                dhcp_arp_reply
 *fill*         0x00002eca        0x2 ff
 .text.dhcp_decline
                0x00002ecc       0xc0 ./lwip/src/core/dhcp.o
 .text.dhcp_discover
                0x00002f8c      0x100 ./lwip/src/core/dhcp.o
 .text.dhcp_bind
                0x0000308c      0x150 ./lwip/src/core/dhcp.o
 .text.dhcp_renew
                0x000031dc       0xdc ./lwip/src/core/dhcp.o
                0x000031dc                dhcp_renew
 .text.dhcp_rebind
                0x000032b8       0xdc ./lwip/src/core/dhcp.o
 .text.dhcp_reboot
                0x00003394       0xf0 ./lwip/src/core/dhcp.o
 .text.dhcp_release
                0x00003484      0x10c ./lwip/src/core/dhcp.o
                0x00003484                dhcp_release
 .text.dhcp_stop
                0x00003590       0x64 ./lwip/src/core/dhcp.o
                0x00003590                dhcp_stop
 .text.dhcp_set_state
                0x000035f4       0x32 ./lwip/src/core/dhcp.o
 .text.dhcp_option
                0x00003626       0x5c ./lwip/src/core/dhcp.o
 .text.dhcp_option_byte
                0x00003682       0x38 ./lwip/src/core/dhcp.o
 .text.dhcp_option_short
                0x000036ba       0x5e ./lwip/src/core/dhcp.o
 .text.dhcp_option_long
                0x00003718       0x96 ./lwip/src/core/dhcp.o
 .text.dhcp_option_hostname
                0x000037ae       0x7c ./lwip/src/core/dhcp.o
 *fill*         0x0000382a        0x2 ff
 .text.dhcp_parse_reply
                0x0000382c      0x48c ./lwip/src/core/dhcp.o
 .text.dhcp_recv
                0x00003cb8      0x160 ./lwip/src/core/dhcp.o
 .text.dhcp_create_msg
                0x00003e18      0x258 ./lwip/src/core/dhcp.o
 .text.dhcp_delete_msg
                0x00004070       0x50 ./lwip/src/core/dhcp.o
 .text.dhcp_option_trailer
                0x000040c0       0x80 ./lwip/src/core/dhcp.o
 .text.lwip_init
                0x00004140       0x1c ./lwip/src/core/init.o
                0x00004140                lwip_init
 .text.netif_init
                0x0000415c        0xc ./lwip/src/core/netif.o
                0x0000415c                netif_init
 .text.netif_add
                0x00004168       0x94 ./lwip/src/core/netif.o
                0x00004168                netif_add
 .text.netif_set_addr
                0x000041fc       0x2e ./lwip/src/core/netif.o
                0x000041fc                netif_set_addr
 *fill*         0x0000422a        0x2 ff
 .text.netif_set_ipaddr
                0x0000422c       0xb0 ./lwip/src/core/netif.o
                0x0000422c                netif_set_ipaddr
 .text.netif_set_gw
                0x000042dc       0x26 ./lwip/src/core/netif.o
                0x000042dc                netif_set_gw
 .text.netif_set_netmask
                0x00004302       0x26 ./lwip/src/core/netif.o
                0x00004302                netif_set_netmask
 .text.netif_set_default
                0x00004328       0x1c ./lwip/src/core/netif.o
                0x00004328                netif_set_default
 .text.netif_set_up
                0x00004344       0x58 ./lwip/src/core/netif.o
                0x00004344                netif_set_up
 .text.netif_set_down
                0x0000439c       0x44 ./lwip/src/core/netif.o
                0x0000439c                netif_set_down
 .text.netif_set_link_up
                0x000043e0       0x66 ./lwip/src/core/netif.o
                0x000043e0                netif_set_link_up
 .text.netif_set_link_down
                0x00004446       0x32 ./lwip/src/core/netif.o
                0x00004446                netif_set_link_down
 .text.pbuf_free_ooseq
                0x00004478       0x54 ./lwip/src/core/pbuf.o
 .text.pbuf_free_ooseq_callback
                0x000044cc       0x14 ./lwip/src/core/pbuf.o
 .text.pbuf_pool_is_empty
                0x000044e0       0x58 ./lwip/src/core/pbuf.o
 .text.pbuf_alloc
                0x00004538      0x294 ./lwip/src/core/pbuf.o
                0x00004538                pbuf_alloc
 .text.pbuf_alloced_custom
                0x000047cc       0xb4 ./lwip/src/core/pbuf.o
                0x000047cc                pbuf_alloced_custom
 .text.pbuf_realloc
                0x00004880       0xe6 ./lwip/src/core/pbuf.o
                0x00004880                pbuf_realloc
 .text.pbuf_header
                0x00004966       0xec ./lwip/src/core/pbuf.o
                0x00004966                pbuf_header
 .text.pbuf_free
                0x00004a52       0xf0 ./lwip/src/core/pbuf.o
                0x00004a52                pbuf_free
 .text.pbuf_clen
                0x00004b42       0x2c ./lwip/src/core/pbuf.o
                0x00004b42                pbuf_clen
 .text.pbuf_ref
                0x00004b6e       0x2e ./lwip/src/core/pbuf.o
                0x00004b6e                pbuf_ref
 .text.pbuf_cat
                0x00004b9c       0x78 ./lwip/src/core/pbuf.o
                0x00004b9c                pbuf_cat
 .text.pbuf_chain
                0x00004c14       0x20 ./lwip/src/core/pbuf.o
                0x00004c14                pbuf_chain
 .text.pbuf_copy
                0x00004c34      0x13c ./lwip/src/core/pbuf.o
                0x00004c34                pbuf_copy
 .text.pbuf_copy_partial
                0x00004d70       0xd0 ./lwip/src/core/pbuf.o
                0x00004d70                pbuf_copy_partial
 .text.tcp_init
                0x00004e40        0xc ./lwip/src/core/tcp.o
                0x00004e40                tcp_init
 .text.tcp_tmr  0x00004e4c       0x2c ./lwip/src/core/tcp.o
                0x00004e4c                tcp_tmr
 .text.tcp_close_shutdown
                0x00004e78      0x258 ./lwip/src/core/tcp.o
 .text.tcp_close
                0x000050d0       0x30 ./lwip/src/core/tcp.o
                0x000050d0                tcp_close
 .text.tcp_shutdown
                0x00005100       0x90 ./lwip/src/core/tcp.o
                0x00005100                tcp_shutdown
 .text.tcp_abandon
                0x00005190       0xdc ./lwip/src/core/tcp.o
                0x00005190                tcp_abandon
 .text.tcp_abort
                0x0000526c       0x18 ./lwip/src/core/tcp.o
                0x0000526c                tcp_abort
 .text.tcp_bind
                0x00005284       0xe4 ./lwip/src/core/tcp.o
                0x00005284                tcp_bind
 .text.tcp_accept_null
                0x00005368       0x1c ./lwip/src/core/tcp.o
 .text.tcp_listen_with_backlog
                0x00005384      0x120 ./lwip/src/core/tcp.o
                0x00005384                tcp_listen_with_backlog
 .text.tcp_update_rcv_ann_wnd
                0x000054a4       0x84 ./lwip/src/core/tcp.o
                0x000054a4                tcp_update_rcv_ann_wnd
 .text.tcp_recved
                0x00005528       0x7e ./lwip/src/core/tcp.o
                0x00005528                tcp_recved
 *fill*         0x000055a6        0x2 ff
 .text.tcp_new_port
                0x000055a8       0x88 ./lwip/src/core/tcp.o
 .text.tcp_slowtmr
                0x00005630      0x4c8 ./lwip/src/core/tcp.o
                0x00005630                tcp_slowtmr
 .text.tcp_fasttmr
                0x00005af8       0xa4 ./lwip/src/core/tcp.o
                0x00005af8                tcp_fasttmr
 .text.tcp_process_refused_data
                0x00005b9c       0xce ./lwip/src/core/tcp.o
                0x00005b9c                tcp_process_refused_data
 .text.tcp_segs_free
                0x00005c6a       0x2a ./lwip/src/core/tcp.o
                0x00005c6a                tcp_segs_free
 .text.tcp_seg_free
                0x00005c94       0x2e ./lwip/src/core/tcp.o
                0x00005c94                tcp_seg_free
 *fill*         0x00005cc2        0x2 ff
 .text.tcp_seg_copy
                0x00005cc4       0x40 ./lwip/src/core/tcp.o
                0x00005cc4                tcp_seg_copy
 .text.tcp_recv_null
                0x00005d04       0x44 ./lwip/src/core/tcp.o
                0x00005d04                tcp_recv_null
 .text.tcp_kill_prio
                0x00005d48       0x80 ./lwip/src/core/tcp.o
 .text.tcp_kill_timewait
                0x00005dc8       0x60 ./lwip/src/core/tcp.o
 .text.tcp_alloc
                0x00005e28      0x128 ./lwip/src/core/tcp.o
                0x00005e28                tcp_alloc
 .text.tcp_new  0x00005f50       0x10 ./lwip/src/core/tcp.o
                0x00005f50                tcp_new
 .text.tcp_arg  0x00005f60       0x1a ./lwip/src/core/tcp.o
                0x00005f60                tcp_arg
 .text.tcp_recv
                0x00005f7a       0x26 ./lwip/src/core/tcp.o
                0x00005f7a                tcp_recv
 .text.tcp_sent
                0x00005fa0       0x24 ./lwip/src/core/tcp.o
                0x00005fa0                tcp_sent
 .text.tcp_err  0x00005fc4       0x26 ./lwip/src/core/tcp.o
                0x00005fc4                tcp_err
 .text.tcp_accept
                0x00005fea       0x1a ./lwip/src/core/tcp.o
                0x00005fea                tcp_accept
 .text.tcp_poll
                0x00006004       0x32 ./lwip/src/core/tcp.o
                0x00006004                tcp_poll
 .text.tcp_pcb_purge
                0x00006036       0x82 ./lwip/src/core/tcp.o
                0x00006036                tcp_pcb_purge
 .text.tcp_pcb_remove
                0x000060b8       0xd0 ./lwip/src/core/tcp.o
                0x000060b8                tcp_pcb_remove
 .text.tcp_next_iss
                0x00006188       0x28 ./lwip/src/core/tcp.o
                0x00006188                tcp_next_iss
 .text.tcp_eff_send_mss
                0x000061b0       0x40 ./lwip/src/core/tcp.o
                0x000061b0                tcp_eff_send_mss
 .text.tcp_input
                0x000061f0      0x680 ./lwip/src/core/tcp_in.o
                0x000061f0                tcp_input
 .text.tcp_listen_input
                0x00006870      0x194 ./lwip/src/core/tcp_in.o
 .text.tcp_timewait_input
                0x00006a04       0xd4 ./lwip/src/core/tcp_in.o
 .text.tcp_process
                0x00006ad8      0x6f4 ./lwip/src/core/tcp_in.o
 .text.tcp_oos_insert_segment
                0x000071cc       0xec ./lwip/src/core/tcp_in.o
 .text.tcp_receive
                0x000072b8      0xf74 ./lwip/src/core/tcp_in.o
 .text.tcp_parseopt
                0x0000822c      0x108 ./lwip/src/core/tcp_in.o
 .text.tcp_output_alloc_header
                0x00008334       0xe0 ./lwip/src/core/tcp_out.o
 .text.tcp_send_fin
                0x00008414       0x7e ./lwip/src/core/tcp_out.o
                0x00008414                tcp_send_fin
 *fill*         0x00008492        0x2 ff
 .text.tcp_create_segment
                0x00008494      0x124 ./lwip/src/core/tcp_out.o
 .text.tcp_pbuf_prealloc
                0x000085b8       0xae ./lwip/src/core/tcp_out.o
 .text.tcp_seg_add_chksum
                0x00008666       0x66 ./lwip/src/core/tcp_out.o
 .text.tcp_write_checks
                0x000086cc       0xc6 ./lwip/src/core/tcp_out.o
 .text.tcp_write
                0x00008792      0x5f6 ./lwip/src/core/tcp_out.o
                0x00008792                tcp_write
 .text.tcp_enqueue_flags
                0x00008d88      0x1d4 ./lwip/src/core/tcp_out.o
                0x00008d88                tcp_enqueue_flags
 .text.tcp_send_empty_ack
                0x00008f5c       0x90 ./lwip/src/core/tcp_out.o
                0x00008f5c                tcp_send_empty_ack
 .text.tcp_output
                0x00008fec      0x2c4 ./lwip/src/core/tcp_out.o
                0x00008fec                tcp_output
 .text.tcp_output_segment
                0x000092b0      0x210 ./lwip/src/core/tcp_out.o
 .text.tcp_rst  0x000094c0       0xde ./lwip/src/core/tcp_out.o
                0x000094c0                tcp_rst
 .text.tcp_rexmit_rto
                0x0000959e       0x62 ./lwip/src/core/tcp_out.o
                0x0000959e                tcp_rexmit_rto
 .text.tcp_rexmit
                0x00009600       0x96 ./lwip/src/core/tcp_out.o
                0x00009600                tcp_rexmit
 .text.tcp_rexmit_fast
                0x00009696       0xa6 ./lwip/src/core/tcp_out.o
                0x00009696                tcp_rexmit_fast
 .text.tcp_keepalive
                0x0000973c       0x72 ./lwip/src/core/tcp_out.o
                0x0000973c                tcp_keepalive
 .text.tcp_zero_window_probe
                0x000097ae      0x108 ./lwip/src/core/tcp_out.o
                0x000097ae                tcp_zero_window_probe
 *fill*         0x000098b6        0x2 ff
 .text.tcpip_tcp_timer
                0x000098b8       0x48 ./lwip/src/core/timers.o
 .text.tcp_timer_needed
                0x00009900       0x40 ./lwip/src/core/timers.o
                0x00009900                tcp_timer_needed
 .text.ip_reass_timer
                0x00009940       0x24 ./lwip/src/core/timers.o
 .text.arp_timer
                0x00009964       0x24 ./lwip/src/core/timers.o
 .text.dhcp_timer_coarse
                0x00009988       0x24 ./lwip/src/core/timers.o
 .text.dhcp_timer_fine
                0x000099ac       0x24 ./lwip/src/core/timers.o
 .text.sys_timeouts_init
                0x000099d0       0x48 ./lwip/src/core/timers.o
                0x000099d0                sys_timeouts_init
 .text.sys_timeout
                0x00009a18       0xf4 ./lwip/src/core/timers.o
                0x00009a18                sys_timeout
 .text.sys_untimeout
                0x00009b0c       0x8c ./lwip/src/core/timers.o
                0x00009b0c                sys_untimeout
 .text.sys_timeouts_mbox_fetch
                0x00009b98       0xac ./lwip/src/core/timers.o
                0x00009b98                sys_timeouts_mbox_fetch
 .text.udp_init
                0x00009c44        0xc ./lwip/src/core/udp.o
                0x00009c44                udp_init
 .text.udp_new_port
                0x00009c50       0x70 ./lwip/src/core/udp.o
 .text.udp_input
                0x00009cc0      0x2cc ./lwip/src/core/udp.o
                0x00009cc0                udp_input
 .text.udp_sendto_if
                0x00009f8c       0x32 ./lwip/src/core/udp.o
                0x00009f8c                udp_sendto_if
 .text.udp_sendto_if_chksum
                0x00009fbe      0x1d6 ./lwip/src/core/udp.o
                0x00009fbe                udp_sendto_if_chksum
 .text.udp_bind
                0x0000a194       0xcc ./lwip/src/core/udp.o
                0x0000a194                udp_bind
 .text.udp_connect
                0x0000a260       0x98 ./lwip/src/core/udp.o
                0x0000a260                udp_connect
 .text.udp_recv
                0x0000a2f8       0x22 ./lwip/src/core/udp.o
                0x0000a2f8                udp_recv
 *fill*         0x0000a31a        0x2 ff
 .text.udp_remove
                0x0000a31c       0x60 ./lwip/src/core/udp.o
                0x0000a31c                udp_remove
 .text.udp_new  0x0000a37c       0x38 ./lwip/src/core/udp.o
                0x0000a37c                udp_new
 .text.Chip_ENET_SetADDR
                0x0000a3b4       0x4e ./lwip/src/arch/lpc17xx_40xx_emac.o
 .text.Chip_ENET_TXEnable
                0x0000a402       0x22 ./lwip/src/arch/lpc17xx_40xx_emac.o
 .text.Chip_ENET_RXEnable
                0x0000a424       0x2e ./lwip/src/arch/lpc17xx_40xx_emac.o
 .text.Chip_ENET_RXDisable
                0x0000a452       0x2e ./lwip/src/arch/lpc17xx_40xx_emac.o
 .text.Chip_ENET_ResetTXLogic
                0x0000a480       0x1e ./lwip/src/arch/lpc17xx_40xx_emac.o
 .text.Chip_ENET_ResetRXLogic
                0x0000a49e       0x1e ./lwip/src/arch/lpc17xx_40xx_emac.o
 .text.Chip_ENET_EnableRXFilter
                0x0000a4bc       0x34 ./lwip/src/arch/lpc17xx_40xx_emac.o
 .text.Chip_ENET_GetTXProduceIndex
                0x0000a4f0       0x1a ./lwip/src/arch/lpc17xx_40xx_emac.o
 .text.Chip_ENET_GetTXConsumeIndex
                0x0000a50a       0x1a ./lwip/src/arch/lpc17xx_40xx_emac.o
 .text.Chip_ENET_GetRXConsumeIndex
                0x0000a524       0x1a ./lwip/src/arch/lpc17xx_40xx_emac.o
 .text.Chip_ENET_GetFreeDescNum
                0x0000a53e       0x36 ./lwip/src/arch/lpc17xx_40xx_emac.o
 .text.Chip_ENET_IsRxEmpty
                0x0000a574       0x2c ./lwip/src/arch/lpc17xx_40xx_emac.o
 .text.Chip_ENET_EnableInt
                0x0000a5a0       0x24 ./lwip/src/arch/lpc17xx_40xx_emac.o
 .text.Chip_ENET_GetIntStatus
                0x0000a5c4       0x18 ./lwip/src/arch/lpc17xx_40xx_emac.o
 .text.Chip_ENET_ClearIntStatus
                0x0000a5dc       0x1c ./lwip/src/arch/lpc17xx_40xx_emac.o
 .text.lpc_rxqueue_pbuf
                0x0000a5f8       0x94 ./lwip/src/arch/lpc17xx_40xx_emac.o
 .text.lpc_rx_setup
                0x0000a68c       0x3e ./lwip/src/arch/lpc17xx_40xx_emac.o
 .text.lpc_low_level_input
                0x0000a6ca      0x178 ./lwip/src/arch/lpc17xx_40xx_emac.o
 *fill*         0x0000a842        0x2 ff
 .text.lpc_packet_addr_notsafe
                0x0000a844       0x58 ./lwip/src/arch/lpc17xx_40xx_emac.o
 .text.lpc_tx_setup
                0x0000a89c       0x5e ./lwip/src/arch/lpc17xx_40xx_emac.o
 .text.lpc_tx_reclaim_st
                0x0000a8fa       0xa0 ./lwip/src/arch/lpc17xx_40xx_emac.o
 .text.lpc_low_level_output
                0x0000a99a      0x138 ./lwip/src/arch/lpc17xx_40xx_emac.o
 .text.vPacketReceiveTask
                0x0000aad2       0x3a ./lwip/src/arch/lpc17xx_40xx_emac.o
 .text.vTransmitCleanupTask
                0x0000ab0c       0xac ./lwip/src/arch/lpc17xx_40xx_emac.o
 .text.low_level_init
                0x0000abb8       0xb0 ./lwip/src/arch/lpc17xx_40xx_emac.o
 .text.lpc_etharp_output
                0x0000ac68       0x34 ./lwip/src/arch/lpc17xx_40xx_emac.o
 .text.lpc_rx_queue
                0x0000ac9c       0x5e ./lwip/src/arch/lpc17xx_40xx_emac.o
                0x0000ac9c                lpc_rx_queue
 .text.lpc_enetif_input
                0x0000acfa       0x64 ./lwip/src/arch/lpc17xx_40xx_emac.o
                0x0000acfa                lpc_enetif_input
 .text.lpc_tx_reclaim
                0x0000ad5e       0x26 ./lwip/src/arch/lpc17xx_40xx_emac.o
                0x0000ad5e                lpc_tx_reclaim
 .text.lpc_tx_ready
                0x0000ad84       0x3c ./lwip/src/arch/lpc17xx_40xx_emac.o
                0x0000ad84                lpc_tx_ready
 .text.ETH_IRQHandler
                0x0000adc0       0x7c ./lwip/src/arch/lpc17xx_40xx_emac.o
                0x0000adc0                ETH_IRQHandler
 .text.lpc_enetif_init
                0x0000ae3c      0x158 ./lwip/src/arch/lpc17xx_40xx_emac.o
                0x0000ae3c                lpc_enetif_init
 .text.assert_loop
                0x0000af94        0x6 ./lwip/src/arch/lpc_debug.o
                0x0000af94                assert_loop
 .text.sys_mbox_new
                0x0000af9a       0x38 ./lwip/src/arch/sys_arch_freertos.o
                0x0000af9a                sys_mbox_new
 .text.sys_mbox_free
                0x0000afd2       0x26 ./lwip/src/arch/sys_arch_freertos.o
                0x0000afd2                sys_mbox_free
 .text.sys_mbox_post
                0x0000aff8       0x2c ./lwip/src/arch/sys_arch_freertos.o
                0x0000aff8                sys_mbox_post
 .text.sys_mbox_trypost
                0x0000b024       0x34 ./lwip/src/arch/sys_arch_freertos.o
                0x0000b024                sys_mbox_trypost
 .text.sys_arch_mbox_fetch
                0x0000b058       0x98 ./lwip/src/arch/sys_arch_freertos.o
                0x0000b058                sys_arch_mbox_fetch
 .text.sys_arch_mbox_tryfetch
                0x0000b0f0       0x40 ./lwip/src/arch/sys_arch_freertos.o
                0x0000b0f0                sys_arch_mbox_tryfetch
 .text.sys_sem_new
                0x0000b130       0x62 ./lwip/src/arch/sys_arch_freertos.o
                0x0000b130                sys_sem_new
 .text.sys_arch_sem_wait
                0x0000b192       0x84 ./lwip/src/arch/sys_arch_freertos.o
                0x0000b192                sys_arch_sem_wait
 .text.sys_mutex_new
                0x0000b216       0x30 ./lwip/src/arch/sys_arch_freertos.o
                0x0000b216                sys_mutex_new
 .text.sys_mutex_lock
                0x0000b246       0x2a ./lwip/src/arch/sys_arch_freertos.o
                0x0000b246                sys_mutex_lock
 .text.sys_mutex_unlock
                0x0000b270       0x1e ./lwip/src/arch/sys_arch_freertos.o
                0x0000b270                sys_mutex_unlock
 .text.sys_sem_signal
                0x0000b28e       0x1e ./lwip/src/arch/sys_arch_freertos.o
                0x0000b28e                sys_sem_signal
 .text.sys_sem_free
                0x0000b2ac       0x1a ./lwip/src/arch/sys_arch_freertos.o
                0x0000b2ac                sys_sem_free
 .text.sys_init
                0x0000b2c6        0xc ./lwip/src/arch/sys_arch_freertos.o
                0x0000b2c6                sys_init
 .text.sys_thread_new
                0x0000b2d2       0x4c ./lwip/src/arch/sys_arch_freertos.o
                0x0000b2d2                sys_thread_new
 .text.sys_arch_protect
                0x0000b31e        0xe ./lwip/src/arch/sys_arch_freertos.o
                0x0000b31e                sys_arch_protect
 .text.sys_arch_unprotect
                0x0000b32c       0x14 ./lwip/src/arch/sys_arch_freertos.o
                0x0000b32c                sys_arch_unprotect
 .text.netconn_new_with_proto_and_callback
                0x0000b340       0x9c ./lwip/src/api/api_lib.o
                0x0000b340                netconn_new_with_proto_and_callback
 .text.netconn_delete
                0x0000b3dc       0x38 ./lwip/src/api/api_lib.o
                0x0000b3dc                netconn_delete
 .text.netconn_bind
                0x0000b414       0x70 ./lwip/src/api/api_lib.o
                0x0000b414                netconn_bind
 .text.netconn_listen_with_backlog
                0x0000b484       0x64 ./lwip/src/api/api_lib.o
                0x0000b484                netconn_listen_with_backlog
 .text.netconn_accept
                0x0000b4e8       0xb6 ./lwip/src/api/api_lib.o
                0x0000b4e8                netconn_accept
 *fill*         0x0000b59e        0x2 ff
 .text.netconn_recv_data
                0x0000b5a0      0x12c ./lwip/src/api/api_lib.o
 .text.netconn_recv
                0x0000b6cc       0xf0 ./lwip/src/api/api_lib.o
                0x0000b6cc                netconn_recv
 .text.netconn_write_partly
                0x0000b7bc       0xe8 ./lwip/src/api/api_lib.o
                0x0000b7bc                netconn_write_partly
 .text.netconn_close_shutdown
                0x0000b8a4       0x68 ./lwip/src/api/api_lib.o
 .text.netconn_close
                0x0000b90c       0x1a ./lwip/src/api/api_lib.o
                0x0000b90c                netconn_close
 *fill*         0x0000b926        0x2 ff
 .text.recv_udp
                0x0000b928       0xc8 ./lwip/src/api/api_msg.o
 .text.recv_tcp
                0x0000b9f0       0xca ./lwip/src/api/api_msg.o
 .text.poll_tcp
                0x0000baba       0x92 ./lwip/src/api/api_msg.o
 .text.sent_tcp
                0x0000bb4c       0x90 ./lwip/src/api/api_msg.o
 .text.err_tcp  0x0000bbdc      0x11a ./lwip/src/api/api_msg.o
 *fill*         0x0000bcf6        0x2 ff
 .text.setup_tcp
                0x0000bcf8       0x50 ./lwip/src/api/api_msg.o
 .text.accept_function
                0x0000bd48       0xd2 ./lwip/src/api/api_msg.o
 *fill*         0x0000be1a        0x2 ff
 .text.pcb_new  0x0000be1c       0xac ./lwip/src/api/api_msg.o
 .text.do_newconn
                0x0000bec8       0x32 ./lwip/src/api/api_msg.o
                0x0000bec8                do_newconn
 *fill*         0x0000befa        0x2 ff
 .text.netconn_alloc
                0x0000befc       0xc4 ./lwip/src/api/api_msg.o
                0x0000befc                netconn_alloc
 .text.netconn_free
                0x0000bfc0       0x4a ./lwip/src/api/api_msg.o
                0x0000bfc0                netconn_free
 .text.netconn_drain
                0x0000c00a       0xec ./lwip/src/api/api_msg.o
 *fill*         0x0000c0f6        0x2 ff
 .text.do_close_internal
                0x0000c0f8      0x1dc ./lwip/src/api/api_msg.o
 .text.do_delconn
                0x0000c2d4      0x12a ./lwip/src/api/api_msg.o
                0x0000c2d4                do_delconn
 .text.do_bind  0x0000c3fe       0x9c ./lwip/src/api/api_msg.o
                0x0000c3fe                do_bind
 *fill*         0x0000c49a        0x2 ff
 .text.do_listen
                0x0000c49c      0x114 ./lwip/src/api/api_msg.o
                0x0000c49c                do_listen
 .text.do_recv  0x0000c5b0       0x6e ./lwip/src/api/api_msg.o
                0x0000c5b0                do_recv
 .text.do_writemore
                0x0000c61e      0x21e ./lwip/src/api/api_msg.o
 .text.do_write
                0x0000c83c       0xb2 ./lwip/src/api/api_msg.o
                0x0000c83c                do_write
 .text.do_close
                0x0000c8ee       0xc2 ./lwip/src/api/api_msg.o
                0x0000c8ee                do_close
 .text.netbuf_delete
                0x0000c9b0       0x3c ./lwip/src/api/netbuf.o
                0x0000c9b0                netbuf_delete
 .text.netbuf_data
                0x0000c9ec       0x68 ./lwip/src/api/netbuf.o
                0x0000c9ec                netbuf_data
 .text.netbuf_next
                0x0000ca54       0x4a ./lwip/src/api/netbuf.o
                0x0000ca54                netbuf_next
 *fill*         0x0000ca9e        0x2 ff
 .text.tcpip_thread
                0x0000caa0      0x10c ./lwip/src/api/tcpip.o
 .text.tcpip_input
                0x0000cbac       0x70 ./lwip/src/api/tcpip.o
                0x0000cbac                tcpip_input
 .text.tcpip_callback_with_block
                0x0000cc1c       0x84 ./lwip/src/api/tcpip.o
                0x0000cc1c                tcpip_callback_with_block
 .text.tcpip_apimsg
                0x0000cca0       0x4c ./lwip/src/api/tcpip.o
                0x0000cca0                tcpip_apimsg
 .text.tcpip_init
                0x0000ccec       0x5c ./lwip/src/api/tcpip.o
                0x0000ccec                tcpip_init
 .text.vApplicationMallocFailedHook
                0x0000cd48       0x14 ./freertos/src/FreeRTOSCommonHooks.o
                0x0000cd48                vApplicationMallocFailedHook
 .text.vApplicationIdleHook
                0x0000cd5c       0x10 ./freertos/src/FreeRTOSCommonHooks.o
                0x0000cd5c                vApplicationIdleHook
 .text.vApplicationStackOverflowHook
                0x0000cd6c       0x1c ./freertos/src/FreeRTOSCommonHooks.o
                0x0000cd6c                vApplicationStackOverflowHook
 .text.pvPortMalloc
                0x0000cd88       0x2c ./freertos/src/heap_3.o
                0x0000cd88                pvPortMalloc
 .text.vPortFree
                0x0000cdb4       0x24 ./freertos/src/heap_3.o
                0x0000cdb4                vPortFree
 .text.vListInitialise
                0x0000cdd8       0x3e ./freertos/src/list.o
                0x0000cdd8                vListInitialise
 .text.vListInitialiseItem
                0x0000ce16       0x18 ./freertos/src/list.o
                0x0000ce16                vListInitialiseItem
 .text.vListInsertEnd
                0x0000ce2e       0x46 ./freertos/src/list.o
                0x0000ce2e                vListInsertEnd
 .text.vListInsert
                0x0000ce74       0x70 ./freertos/src/list.o
                0x0000ce74                vListInsert
 .text.uxListRemove
                0x0000cee4       0x52 ./freertos/src/list.o
                0x0000cee4                uxListRemove
 *fill*         0x0000cf36        0x2 ff
 .text.pxPortInitialiseStack
                0x0000cf38       0x54 ./freertos/src/port.o
                0x0000cf38                pxPortInitialiseStack
 .text.prvTaskExitError
                0x0000cf8c        0xa ./freertos/src/port.o
 *fill*         0x0000cf96        0x2 ff
 .text.SVC_Handler
                0x0000cf98       0x24 ./freertos/src/port.o
                0x0000cf98                SVC_Handler
 .text.prvPortStartFirstTask
                0x0000cfbc       0x18 ./freertos/src/port.o
 .text.xPortStartScheduler
                0x0000cfd4       0x38 ./freertos/src/port.o
                0x0000cfd4                xPortStartScheduler
 .text.vPortYield
                0x0000d00c       0x20 ./freertos/src/port.o
                0x0000d00c                vPortYield
 .text.vPortEnterCritical
                0x0000d02c       0x24 ./freertos/src/port.o
                0x0000d02c                vPortEnterCritical
 .text.vPortExitCritical
                0x0000d050       0x24 ./freertos/src/port.o
                0x0000d050                vPortExitCritical
 .text.ulPortSetInterruptMask
                0x0000d074       0x12 ./freertos/src/port.o
                0x0000d074                ulPortSetInterruptMask
 .text.vPortClearInterruptMask
                0x0000d086        0x8 ./freertos/src/port.o
                0x0000d086                vPortClearInterruptMask
 *fill*         0x0000d08e        0x2 ff
 .text.PendSV_Handler
                0x0000d090       0x40 ./freertos/src/port.o
                0x0000d090                PendSV_Handler
 .text.SysTick_Handler
                0x0000d0d0       0x28 ./freertos/src/port.o
                0x0000d0d0                SysTick_Handler
 .text.vPortSetupTimerInterrupt
                0x0000d0f8       0x34 ./freertos/src/port.o
                0x0000d0f8                vPortSetupTimerInterrupt
 .text.xQueueGenericReset
                0x0000d12c       0xa4 ./freertos/src/queue.o
                0x0000d12c                xQueueGenericReset
 .text.xQueueGenericCreate
                0x0000d1d0       0x78 ./freertos/src/queue.o
                0x0000d1d0                xQueueGenericCreate
 .text.xQueueCreateMutex
                0x0000d248       0x84 ./freertos/src/queue.o
                0x0000d248                xQueueCreateMutex
 .text.xQueueCreateCountingSemaphore
                0x0000d2cc       0x2c ./freertos/src/queue.o
                0x0000d2cc                xQueueCreateCountingSemaphore
 .text.xQueueGenericSend
                0x0000d2f8      0x110 ./freertos/src/queue.o
                0x0000d2f8                xQueueGenericSend
 .text.xQueueGenericSendFromISR
                0x0000d408       0x88 ./freertos/src/queue.o
                0x0000d408                xQueueGenericSendFromISR
 .text.xQueueGenericReceive
                0x0000d490      0x16c ./freertos/src/queue.o
                0x0000d490                xQueueGenericReceive
 .text.uxQueueMessagesWaiting
                0x0000d5fc       0x20 ./freertos/src/queue.o
                0x0000d5fc                uxQueueMessagesWaiting
 .text.vQueueDelete
                0x0000d61c       0x2a ./freertos/src/queue.o
                0x0000d61c                vQueueDelete
 .text.prvCopyDataToQueue
                0x0000d646       0xce ./freertos/src/queue.o
 .text.prvCopyDataFromQueue
                0x0000d714       0x4c ./freertos/src/queue.o
 .text.prvUnlockQueue
                0x0000d760       0x98 ./freertos/src/queue.o
 .text.prvIsQueueEmpty
                0x0000d7f8       0x2c ./freertos/src/queue.o
 .text.prvIsQueueFull
                0x0000d824       0x30 ./freertos/src/queue.o
 .text.vQueueUnregisterQueue
                0x0000d854       0x48 ./freertos/src/queue.o
                0x0000d854                vQueueUnregisterQueue
 .text.xTaskGenericCreate
                0x0000d89c      0x140 ./freertos/src/tasks.o
                0x0000d89c                xTaskGenericCreate
 .text.vTaskDelay
                0x0000d9dc       0x54 ./freertos/src/tasks.o
                0x0000d9dc                vTaskDelay
 .text.vTaskStartScheduler
                0x0000da30       0x58 ./freertos/src/tasks.o
                0x0000da30                vTaskStartScheduler
 .text.vTaskSuspendAll
                0x0000da88       0x1c ./freertos/src/tasks.o
                0x0000da88                vTaskSuspendAll
 .text.xTaskResumeAll
                0x0000daa4       0xfc ./freertos/src/tasks.o
                0x0000daa4                xTaskResumeAll
 .text.xTaskGetTickCount
                0x0000dba0       0x24 ./freertos/src/tasks.o
                0x0000dba0                xTaskGetTickCount
 .text.xTaskIncrementTick
                0x0000dbc4      0x18c ./freertos/src/tasks.o
                0x0000dbc4                xTaskIncrementTick
 .text.vTaskSwitchContext
                0x0000dd50       0xb8 ./freertos/src/tasks.o
                0x0000dd50                vTaskSwitchContext
 .text.vTaskPlaceOnEventList
                0x0000de08       0x60 ./freertos/src/tasks.o
                0x0000de08                vTaskPlaceOnEventList
 .text.xTaskRemoveFromEventList
                0x0000de68       0xac ./freertos/src/tasks.o
                0x0000de68                xTaskRemoveFromEventList
 .text.vTaskSetTimeOutState
                0x0000df14       0x2c ./freertos/src/tasks.o
                0x0000df14                vTaskSetTimeOutState
 .text.xTaskCheckForTimeOut
                0x0000df40       0x88 ./freertos/src/tasks.o
                0x0000df40                xTaskCheckForTimeOut
 .text.vTaskMissedYield
                0x0000dfc8       0x18 ./freertos/src/tasks.o
                0x0000dfc8                vTaskMissedYield
 .text.prvIdleTask
                0x0000dfe0       0x24 ./freertos/src/tasks.o
 .text.prvInitialiseTCBVariables
                0x0000e004       0x98 ./freertos/src/tasks.o
 .text.prvInitialiseTaskLists
                0x0000e09c       0x80 ./freertos/src/tasks.o
 .text.prvCheckTasksWaitingTermination
                0x0000e11c       0x78 ./freertos/src/tasks.o
 .text.prvAddCurrentTaskToDelayedList
                0x0000e194       0x6c ./freertos/src/tasks.o
 .text.prvAllocateTCBAndStack
                0x0000e200       0x62 ./freertos/src/tasks.o
 .text.prvDeleteTCB
                0x0000e262       0x20 ./freertos/src/tasks.o
 *fill*         0x0000e282        0x2 ff
 .text.xTaskGetCurrentTaskHandle
                0x0000e284       0x1c ./freertos/src/tasks.o
                0x0000e284                xTaskGetCurrentTaskHandle
 .text.vTaskPriorityInherit
                0x0000e2a0       0xb4 ./freertos/src/tasks.o
                0x0000e2a0                vTaskPriorityInherit
 .text.vTaskPriorityDisinherit
                0x0000e354       0x7c ./freertos/src/tasks.o
                0x0000e354                vTaskPriorityDisinherit
 .text.__check_heap_overflow
                0x0000e3d0       0x2c ./example/src/cr_redlib_heap_fix.o
                0x0000e3d0                __check_heap_overflow
 .text.NVIC_EnableIRQ
                0x0000e3fc       0x30 ./example/src/lwip_tcpecho_freertos.o
 .text.NVIC_SetPriority
                0x0000e42c       0x54 ./example/src/lwip_tcpecho_freertos.o
 .text.Chip_ENET_Set100Mbps
                0x0000e480       0x1a ./example/src/lwip_tcpecho_freertos.o
 .text.Chip_ENET_Set10Mbps
                0x0000e49a       0x18 ./example/src/lwip_tcpecho_freertos.o
 .text.prvSetupHardware
                0x0000e4b2       0x18 ./example/src/lwip_tcpecho_freertos.o
 .text.tcpip_init_done_signal
                0x0000e4ca       0x18 ./example/src/lwip_tcpecho_freertos.o
 *fill*         0x0000e4e2        0x2 ff
 .text.vSetupIFTask
                0x0000e4e4      0x1ac ./example/src/lwip_tcpecho_freertos.o
 .text.msDelay  0x0000e690       0x2c ./example/src/lwip_tcpecho_freertos.o
                0x0000e690                msDelay
 .text.main     0x0000e6bc       0x3c ./example/src/lwip_tcpecho_freertos.o
                0x0000e6bc                main
 .text.SystemInit
                0x0000e6f8       0x24 ./example/src/sysinit.o
                0x0000e6f8                SystemInit
 .text.tcpecho_thread
                0x0000e71c       0xa8 ./example/src/tcpecho.o
 .text.tcpecho_init
                0x0000e7c4       0x28 ./example/src/tcpecho.o
                0x0000e7c4                tcpecho_init
 .text.Chip_IOCON_Init
                0x0000e7ec       0x16 C:\Users\Checkout\Documents\MCUXpressoIDE_11.6.0_8187\workspace\lpc_board_nxp_lpcxpresso_1769\Debug\liblpc_board_nxp_lpcxpresso_1769.a(board.o)
 .text.Chip_GPIO_Init
                0x0000e802       0x16 C:\Users\Checkout\Documents\MCUXpressoIDE_11.6.0_8187\workspace\lpc_board_nxp_lpcxpresso_1769\Debug\liblpc_board_nxp_lpcxpresso_1769.a(board.o)
 .text.Chip_GPIO_SetPinState
                0x0000e818       0x64 C:\Users\Checkout\Documents\MCUXpressoIDE_11.6.0_8187\workspace\lpc_board_nxp_lpcxpresso_1769\Debug\liblpc_board_nxp_lpcxpresso_1769.a(board.o)
 .text.Chip_GPIO_WritePortBit
                0x0000e87c       0x2c C:\Users\Checkout\Documents\MCUXpressoIDE_11.6.0_8187\workspace\lpc_board_nxp_lpcxpresso_1769\Debug\liblpc_board_nxp_lpcxpresso_1769.a(board.o)
 .text.Chip_GPIO_SetPinDIROutput
                0x0000e8a8       0x36 C:\Users\Checkout\Documents\MCUXpressoIDE_11.6.0_8187\workspace\lpc_board_nxp_lpcxpresso_1769\Debug\liblpc_board_nxp_lpcxpresso_1769.a(board.o)
 .text.Chip_GPIO_SetPinDIRInput
                0x0000e8de       0x3a C:\Users\Checkout\Documents\MCUXpressoIDE_11.6.0_8187\workspace\lpc_board_nxp_lpcxpresso_1769\Debug\liblpc_board_nxp_lpcxpresso_1769.a(board.o)
 .text.Chip_GPIO_SetPinDIR
                0x0000e918       0x42 C:\Users\Checkout\Documents\MCUXpressoIDE_11.6.0_8187\workspace\lpc_board_nxp_lpcxpresso_1769\Debug\liblpc_board_nxp_lpcxpresso_1769.a(board.o)
 .text.Chip_GPIO_WriteDirBit
                0x0000e95a       0x2e C:\Users\Checkout\Documents\MCUXpressoIDE_11.6.0_8187\workspace\lpc_board_nxp_lpcxpresso_1769\Debug\liblpc_board_nxp_lpcxpresso_1769.a(board.o)
 .text.Chip_UART_SendByte
                0x0000e988       0x1c C:\Users\Checkout\Documents\MCUXpressoIDE_11.6.0_8187\workspace\lpc_board_nxp_lpcxpresso_1769\Debug\liblpc_board_nxp_lpcxpresso_1769.a(board.o)
 .text.Chip_UART_ConfigData
                0x0000e9a4       0x1a C:\Users\Checkout\Documents\MCUXpressoIDE_11.6.0_8187\workspace\lpc_board_nxp_lpcxpresso_1769\Debug\liblpc_board_nxp_lpcxpresso_1769.a(board.o)
 .text.Chip_UART_ReadLineStatus
                0x0000e9be       0x16 C:\Users\Checkout\Documents\MCUXpressoIDE_11.6.0_8187\workspace\lpc_board_nxp_lpcxpresso_1769\Debug\liblpc_board_nxp_lpcxpresso_1769.a(board.o)
 .text.__sys_write
                0x0000e9d4       0x38 C:\Users\Checkout\Documents\MCUXpressoIDE_11.6.0_8187\workspace\lpc_board_nxp_lpcxpresso_1769\Debug\liblpc_board_nxp_lpcxpresso_1769.a(board.o)
                0x0000e9d4                __sys_write
 .text.Board_LED_Init
                0x0000ea0c       0x18 C:\Users\Checkout\Documents\MCUXpressoIDE_11.6.0_8187\workspace\lpc_board_nxp_lpcxpresso_1769\Debug\liblpc_board_nxp_lpcxpresso_1769.a(board.o)
 .text.Board_UART_Init
                0x0000ea24       0x12 C:\Users\Checkout\Documents\MCUXpressoIDE_11.6.0_8187\workspace\lpc_board_nxp_lpcxpresso_1769\Debug\liblpc_board_nxp_lpcxpresso_1769.a(board.o)
                0x0000ea24                Board_UART_Init
 *fill*         0x0000ea36        0x2 ff
 .text.Board_Debug_Init
                0x0000ea38       0x30 C:\Users\Checkout\Documents\MCUXpressoIDE_11.6.0_8187\workspace\lpc_board_nxp_lpcxpresso_1769\Debug\liblpc_board_nxp_lpcxpresso_1769.a(board.o)
                0x0000ea38                Board_Debug_Init
 .text.Board_UARTPutChar
                0x0000ea68       0x34 C:\Users\Checkout\Documents\MCUXpressoIDE_11.6.0_8187\workspace\lpc_board_nxp_lpcxpresso_1769\Debug\liblpc_board_nxp_lpcxpresso_1769.a(board.o)
                0x0000ea68                Board_UARTPutChar
 .text.Board_UARTPutSTR
                0x0000ea9c       0x2a C:\Users\Checkout\Documents\MCUXpressoIDE_11.6.0_8187\workspace\lpc_board_nxp_lpcxpresso_1769\Debug\liblpc_board_nxp_lpcxpresso_1769.a(board.o)
                0x0000ea9c                Board_UARTPutSTR
 *fill*         0x0000eac6        0x2 ff
 .text.Board_LED_Set
                0x0000eac8       0x30 C:\Users\Checkout\Documents\MCUXpressoIDE_11.6.0_8187\workspace\lpc_board_nxp_lpcxpresso_1769\Debug\liblpc_board_nxp_lpcxpresso_1769.a(board.o)
                0x0000eac8                Board_LED_Set
 .text.Board_Init
                0x0000eaf8       0x24 C:\Users\Checkout\Documents\MCUXpressoIDE_11.6.0_8187\workspace\lpc_board_nxp_lpcxpresso_1769\Debug\liblpc_board_nxp_lpcxpresso_1769.a(board.o)
                0x0000eaf8                Board_Init
 .text.Board_ENET_GetMacADDR
                0x0000eb1c       0x34 C:\Users\Checkout\Documents\MCUXpressoIDE_11.6.0_8187\workspace\lpc_board_nxp_lpcxpresso_1769\Debug\liblpc_board_nxp_lpcxpresso_1769.a(board.o)
                0x0000eb1c                Board_ENET_GetMacADDR
 .text.Chip_SYSCTL_SetFLASHAccess
                0x0000eb50       0x30 C:\Users\Checkout\Documents\MCUXpressoIDE_11.6.0_8187\workspace\lpc_board_nxp_lpcxpresso_1769\Debug\liblpc_board_nxp_lpcxpresso_1769.a(board_sysinit.o)
 .text.Board_SetupMuxing
                0x0000eb80       0x1c C:\Users\Checkout\Documents\MCUXpressoIDE_11.6.0_8187\workspace\lpc_board_nxp_lpcxpresso_1769\Debug\liblpc_board_nxp_lpcxpresso_1769.a(board_sysinit.o)
                0x0000eb80                Board_SetupMuxing
 .text.Board_SetupClocking
                0x0000eb9c       0x12 C:\Users\Checkout\Documents\MCUXpressoIDE_11.6.0_8187\workspace\lpc_board_nxp_lpcxpresso_1769\Debug\liblpc_board_nxp_lpcxpresso_1769.a(board_sysinit.o)
                0x0000eb9c                Board_SetupClocking
 .text.Board_SystemInit
                0x0000ebae       0x10 C:\Users\Checkout\Documents\MCUXpressoIDE_11.6.0_8187\workspace\lpc_board_nxp_lpcxpresso_1769\Debug\liblpc_board_nxp_lpcxpresso_1769.a(board_sysinit.o)
                0x0000ebae                Board_SystemInit
 .text.Chip_ENET_IsMIIBusy
                0x0000ebbe       0x24 C:\Users\Checkout\Documents\MCUXpressoIDE_11.6.0_8187\workspace\lpc_board_nxp_lpcxpresso_1769\Debug\liblpc_board_nxp_lpcxpresso_1769.a(lpc_phy_smsc87x0.o)
 *fill*         0x0000ebe2        0x2 ff
 .text.lpc_mii_write
                0x0000ebe4       0x64 C:\Users\Checkout\Documents\MCUXpressoIDE_11.6.0_8187\workspace\lpc_board_nxp_lpcxpresso_1769\Debug\liblpc_board_nxp_lpcxpresso_1769.a(lpc_phy_smsc87x0.o)
 .text.lpc_mii_read
                0x0000ec48       0x74 C:\Users\Checkout\Documents\MCUXpressoIDE_11.6.0_8187\workspace\lpc_board_nxp_lpcxpresso_1769\Debug\liblpc_board_nxp_lpcxpresso_1769.a(lpc_phy_smsc87x0.o)
 .text.smsc_update_phy_sts
                0x0000ecbc       0xec C:\Users\Checkout\Documents\MCUXpressoIDE_11.6.0_8187\workspace\lpc_board_nxp_lpcxpresso_1769\Debug\liblpc_board_nxp_lpcxpresso_1769.a(lpc_phy_smsc87x0.o)
 .text.lpc_phy_init
                0x0000eda8       0xac C:\Users\Checkout\Documents\MCUXpressoIDE_11.6.0_8187\workspace\lpc_board_nxp_lpcxpresso_1769\Debug\liblpc_board_nxp_lpcxpresso_1769.a(lpc_phy_smsc87x0.o)
                0x0000eda8                lpc_phy_init
 .text.lpcPHYStsPoll
                0x0000ee54       0xc8 C:\Users\Checkout\Documents\MCUXpressoIDE_11.6.0_8187\workspace\lpc_board_nxp_lpcxpresso_1769\Debug\liblpc_board_nxp_lpcxpresso_1769.a(lpc_phy_smsc87x0.o)
                0x0000ee54                lpcPHYStsPoll
 .text.SystemCoreClockUpdate
                0x0000ef1c       0x18 C:\Users\Checkout\Documents\MCUXpressoIDE_11.6.0_8187\workspace\lpc_chip_175x_6x\Debug\liblpc_chip_175x_6x.a(chip_17xx_40xx.o)
                0x0000ef1c                SystemCoreClockUpdate
 .text.Chip_Clock_IsMainPLLEnabled
                0x0000ef34       0x24 C:\Users\Checkout\Documents\MCUXpressoIDE_11.6.0_8187\workspace\lpc_chip_175x_6x\Debug\liblpc_chip_175x_6x.a(clock_17xx_40xx.o)
 .text.Chip_Clock_IsMainPLLConnected
                0x0000ef58       0x24 C:\Users\Checkout\Documents\MCUXpressoIDE_11.6.0_8187\workspace\lpc_chip_175x_6x\Debug\liblpc_chip_175x_6x.a(clock_17xx_40xx.o)
 .text.Chip_Clock_FeedPLL
                0x0000ef7c       0x34 C:\Users\Checkout\Documents\MCUXpressoIDE_11.6.0_8187\workspace\lpc_chip_175x_6x\Debug\liblpc_chip_175x_6x.a(clock_17xx_40xx.o)
 .text.Chip_Clock_GetMainPLLSource
                0x0000efb0       0x20 C:\Users\Checkout\Documents\MCUXpressoIDE_11.6.0_8187\workspace\lpc_chip_175x_6x\Debug\liblpc_chip_175x_6x.a(clock_17xx_40xx.o)
 .text.Chip_Clock_GetMainOscRate
                0x0000efd0       0x14 C:\Users\Checkout\Documents\MCUXpressoIDE_11.6.0_8187\workspace\lpc_chip_175x_6x\Debug\liblpc_chip_175x_6x.a(clock_17xx_40xx.o)
 .text.Chip_Clock_GetIntOscRate
                0x0000efe4       0x14 C:\Users\Checkout\Documents\MCUXpressoIDE_11.6.0_8187\workspace\lpc_chip_175x_6x\Debug\liblpc_chip_175x_6x.a(clock_17xx_40xx.o)
 .text.Chip_Clock_GetRTCOscRate
                0x0000eff8       0x14 C:\Users\Checkout\Documents\MCUXpressoIDE_11.6.0_8187\workspace\lpc_chip_175x_6x\Debug\liblpc_chip_175x_6x.a(clock_17xx_40xx.o)
 .text.Chip_Clock_GetMainPLLInClockRate
                0x0000f00c        0xe C:\Users\Checkout\Documents\MCUXpressoIDE_11.6.0_8187\workspace\lpc_chip_175x_6x\Debug\liblpc_chip_175x_6x.a(clock_17xx_40xx.o)
 *fill*         0x0000f01a        0x2 ff
 .text.Chip_Clock_EnablePLL
                0x0000f01c       0x44 C:\Users\Checkout\Documents\MCUXpressoIDE_11.6.0_8187\workspace\lpc_chip_175x_6x\Debug\liblpc_chip_175x_6x.a(clock_17xx_40xx.o)
                0x0000f01c                Chip_Clock_EnablePLL
 .text.Chip_Clock_DisablePLL
                0x0000f060       0x48 C:\Users\Checkout\Documents\MCUXpressoIDE_11.6.0_8187\workspace\lpc_chip_175x_6x\Debug\liblpc_chip_175x_6x.a(clock_17xx_40xx.o)
                0x0000f060                Chip_Clock_DisablePLL
 .text.Chip_Clock_SetupPLL
                0x0000f0a8       0x5c C:\Users\Checkout\Documents\MCUXpressoIDE_11.6.0_8187\workspace\lpc_chip_175x_6x\Debug\liblpc_chip_175x_6x.a(clock_17xx_40xx.o)
                0x0000f0a8                Chip_Clock_SetupPLL
 .text.Chip_Clock_EnablePeriphClock
                0x0000f104       0x34 C:\Users\Checkout\Documents\MCUXpressoIDE_11.6.0_8187\workspace\lpc_chip_175x_6x\Debug\liblpc_chip_175x_6x.a(clock_17xx_40xx.o)
                0x0000f104                Chip_Clock_EnablePeriphClock
 .text.Chip_Clock_GetCPUClockSource
                0x0000f138       0x24 C:\Users\Checkout\Documents\MCUXpressoIDE_11.6.0_8187\workspace\lpc_chip_175x_6x\Debug\liblpc_chip_175x_6x.a(clock_17xx_40xx.o)
                0x0000f138                Chip_Clock_GetCPUClockSource
 .text.Chip_Clock_SetCPUClockDiv
                0x0000f15c       0x20 C:\Users\Checkout\Documents\MCUXpressoIDE_11.6.0_8187\workspace\lpc_chip_175x_6x\Debug\liblpc_chip_175x_6x.a(clock_17xx_40xx.o)
                0x0000f15c                Chip_Clock_SetCPUClockDiv
 .text.Chip_Clock_GetCPUClockDiv
                0x0000f17c       0x1c C:\Users\Checkout\Documents\MCUXpressoIDE_11.6.0_8187\workspace\lpc_chip_175x_6x\Debug\liblpc_chip_175x_6x.a(clock_17xx_40xx.o)
                0x0000f17c                Chip_Clock_GetCPUClockDiv
 .text.Chip_Clock_GetPCLKDiv
                0x0000f198       0x8c C:\Users\Checkout\Documents\MCUXpressoIDE_11.6.0_8187\workspace\lpc_chip_175x_6x\Debug\liblpc_chip_175x_6x.a(clock_17xx_40xx.o)
                0x0000f198                Chip_Clock_GetPCLKDiv
 .text.Chip_Clock_GetSYSCLKRate
                0x0000f224       0x3a C:\Users\Checkout\Documents\MCUXpressoIDE_11.6.0_8187\workspace\lpc_chip_175x_6x\Debug\liblpc_chip_175x_6x.a(clock_17xx_40xx.o)
                0x0000f224                Chip_Clock_GetSYSCLKRate
 *fill*         0x0000f25e        0x2 ff
 .text.Chip_Clock_GetMainPLLOutClockRate
                0x0000f260       0x54 C:\Users\Checkout\Documents\MCUXpressoIDE_11.6.0_8187\workspace\lpc_chip_175x_6x\Debug\liblpc_chip_175x_6x.a(clock_17xx_40xx.o)
                0x0000f260                Chip_Clock_GetMainPLLOutClockRate
 .text.Chip_Clock_GetMainClockRate
                0x0000f2b4       0x28 C:\Users\Checkout\Documents\MCUXpressoIDE_11.6.0_8187\workspace\lpc_chip_175x_6x\Debug\liblpc_chip_175x_6x.a(clock_17xx_40xx.o)
                0x0000f2b4                Chip_Clock_GetMainClockRate
 .text.Chip_Clock_GetSystemClockRate
                0x0000f2dc       0x18 C:\Users\Checkout\Documents\MCUXpressoIDE_11.6.0_8187\workspace\lpc_chip_175x_6x\Debug\liblpc_chip_175x_6x.a(clock_17xx_40xx.o)
                0x0000f2dc                Chip_Clock_GetSystemClockRate
 .text.Chip_Clock_GetPeripheralClockRate
                0x0000f2f4       0x26 C:\Users\Checkout\Documents\MCUXpressoIDE_11.6.0_8187\workspace\lpc_chip_175x_6x\Debug\liblpc_chip_175x_6x.a(clock_17xx_40xx.o)
                0x0000f2f4                Chip_Clock_GetPeripheralClockRate
 .text.Chip_Clock_GetENETClockRate
                0x0000f31a        0xe C:\Users\Checkout\Documents\MCUXpressoIDE_11.6.0_8187\workspace\lpc_chip_175x_6x\Debug\liblpc_chip_175x_6x.a(enet_17xx_40xx.o)
 .text.Chip_ENET_Reset
                0x0000f328       0x22 C:\Users\Checkout\Documents\MCUXpressoIDE_11.6.0_8187\workspace\lpc_chip_175x_6x\Debug\liblpc_chip_175x_6x.a(enet_17xx_40xx.o)
 .text.resetENET
                0x0000f34a       0x2a C:\Users\Checkout\Documents\MCUXpressoIDE_11.6.0_8187\workspace\lpc_chip_175x_6x\Debug\liblpc_chip_175x_6x.a(enet_17xx_40xx.o)
 .text.Chip_ENET_Init
                0x0000f374       0x8e C:\Users\Checkout\Documents\MCUXpressoIDE_11.6.0_8187\workspace\lpc_chip_175x_6x\Debug\liblpc_chip_175x_6x.a(enet_17xx_40xx.o)
                0x0000f374                Chip_ENET_Init
 *fill*         0x0000f402        0x2 ff
 .text.Chip_ENET_SetupMII
                0x0000f404       0x44 C:\Users\Checkout\Documents\MCUXpressoIDE_11.6.0_8187\workspace\lpc_chip_175x_6x\Debug\liblpc_chip_175x_6x.a(enet_17xx_40xx.o)
                0x0000f404                Chip_ENET_SetupMII
 .text.Chip_ENET_FindMIIDiv
                0x0000f448       0x50 C:\Users\Checkout\Documents\MCUXpressoIDE_11.6.0_8187\workspace\lpc_chip_175x_6x\Debug\liblpc_chip_175x_6x.a(enet_17xx_40xx.o)
                0x0000f448                Chip_ENET_FindMIIDiv
 .text.Chip_ENET_StartMIIWrite
                0x0000f498       0x3c C:\Users\Checkout\Documents\MCUXpressoIDE_11.6.0_8187\workspace\lpc_chip_175x_6x\Debug\liblpc_chip_175x_6x.a(enet_17xx_40xx.o)
                0x0000f498                Chip_ENET_StartMIIWrite
 .text.Chip_ENET_StartMIIRead
                0x0000f4d4       0x30 C:\Users\Checkout\Documents\MCUXpressoIDE_11.6.0_8187\workspace\lpc_chip_175x_6x\Debug\liblpc_chip_175x_6x.a(enet_17xx_40xx.o)
                0x0000f4d4                Chip_ENET_StartMIIRead
 .text.Chip_ENET_ReadMIIData
                0x0000f504       0x1e C:\Users\Checkout\Documents\MCUXpressoIDE_11.6.0_8187\workspace\lpc_chip_175x_6x\Debug\liblpc_chip_175x_6x.a(enet_17xx_40xx.o)
                0x0000f504                Chip_ENET_ReadMIIData
 .text.Chip_ENET_SetFullDuplex
                0x0000f522       0x34 C:\Users\Checkout\Documents\MCUXpressoIDE_11.6.0_8187\workspace\lpc_chip_175x_6x\Debug\liblpc_chip_175x_6x.a(enet_17xx_40xx.o)
                0x0000f522                Chip_ENET_SetFullDuplex
 .text.Chip_ENET_SetHalfDuplex
                0x0000f556       0x34 C:\Users\Checkout\Documents\MCUXpressoIDE_11.6.0_8187\workspace\lpc_chip_175x_6x\Debug\liblpc_chip_175x_6x.a(enet_17xx_40xx.o)
                0x0000f556                Chip_ENET_SetHalfDuplex
 .text.Chip_ENET_InitTxDescriptors
                0x0000f58a       0x3a C:\Users\Checkout\Documents\MCUXpressoIDE_11.6.0_8187\workspace\lpc_chip_175x_6x\Debug\liblpc_chip_175x_6x.a(enet_17xx_40xx.o)
                0x0000f58a                Chip_ENET_InitTxDescriptors
 .text.Chip_ENET_InitRxDescriptors
                0x0000f5c4       0x3a C:\Users\Checkout\Documents\MCUXpressoIDE_11.6.0_8187\workspace\lpc_chip_175x_6x\Debug\liblpc_chip_175x_6x.a(enet_17xx_40xx.o)
                0x0000f5c4                Chip_ENET_InitRxDescriptors
 .text.Chip_ENET_GetFillDescNum
                0x0000f5fe       0x4a C:\Users\Checkout\Documents\MCUXpressoIDE_11.6.0_8187\workspace\lpc_chip_175x_6x\Debug\liblpc_chip_175x_6x.a(enet_17xx_40xx.o)
                0x0000f5fe                Chip_ENET_GetFillDescNum
 .text.Chip_ENET_IncTXProduceIndex
                0x0000f648       0x3c C:\Users\Checkout\Documents\MCUXpressoIDE_11.6.0_8187\workspace\lpc_chip_175x_6x\Debug\liblpc_chip_175x_6x.a(enet_17xx_40xx.o)
                0x0000f648                Chip_ENET_IncTXProduceIndex
 .text.Chip_ENET_IncRXConsumeIndex
                0x0000f684       0x3c C:\Users\Checkout\Documents\MCUXpressoIDE_11.6.0_8187\workspace\lpc_chip_175x_6x\Debug\liblpc_chip_175x_6x.a(enet_17xx_40xx.o)
                0x0000f684                Chip_ENET_IncRXConsumeIndex
 .text.Chip_IOCON_PinMuxSet
                0x0000f6c0       0x36 C:\Users\Checkout\Documents\MCUXpressoIDE_11.6.0_8187\workspace\lpc_chip_175x_6x\Debug\liblpc_chip_175x_6x.a(iocon_17xx_40xx.o)
                0x0000f6c0                Chip_IOCON_PinMuxSet
 .text.Chip_IOCON_PinMux
                0x0000f6f6       0x94 C:\Users\Checkout\Documents\MCUXpressoIDE_11.6.0_8187\workspace\lpc_chip_175x_6x\Debug\liblpc_chip_175x_6x.a(iocon_17xx_40xx.o)
                0x0000f6f6                Chip_IOCON_PinMux
 .text.Chip_IOCON_SetPinMuxing
                0x0000f78a       0x64 C:\Users\Checkout\Documents\MCUXpressoIDE_11.6.0_8187\workspace\lpc_chip_175x_6x\Debug\liblpc_chip_175x_6x.a(iocon_17xx_40xx.o)
                0x0000f78a                Chip_IOCON_SetPinMuxing
 *fill*         0x0000f7ee        0x2 ff
 .text.Chip_Clock_IsMainPLLEnabled
                0x0000f7f0       0x24 C:\Users\Checkout\Documents\MCUXpressoIDE_11.6.0_8187\workspace\lpc_chip_175x_6x\Debug\liblpc_chip_175x_6x.a(sysinit_17xx_40xx.o)
 .text.Chip_Clock_IsMainPLLLocked
                0x0000f814       0x24 C:\Users\Checkout\Documents\MCUXpressoIDE_11.6.0_8187\workspace\lpc_chip_175x_6x\Debug\liblpc_chip_175x_6x.a(sysinit_17xx_40xx.o)
 .text.Chip_Clock_IsMainPLLConnected
                0x0000f838       0x24 C:\Users\Checkout\Documents\MCUXpressoIDE_11.6.0_8187\workspace\lpc_chip_175x_6x\Debug\liblpc_chip_175x_6x.a(sysinit_17xx_40xx.o)
 .text.Chip_Clock_EnableCrystal
                0x0000f85c       0x20 C:\Users\Checkout\Documents\MCUXpressoIDE_11.6.0_8187\workspace\lpc_chip_175x_6x\Debug\liblpc_chip_175x_6x.a(sysinit_17xx_40xx.o)
 .text.Chip_Clock_IsCrystalEnabled
                0x0000f87c       0x24 C:\Users\Checkout\Documents\MCUXpressoIDE_11.6.0_8187\workspace\lpc_chip_175x_6x\Debug\liblpc_chip_175x_6x.a(sysinit_17xx_40xx.o)
 .text.Chip_Clock_SetMainPLLSource
                0x0000f8a0       0x20 C:\Users\Checkout\Documents\MCUXpressoIDE_11.6.0_8187\workspace\lpc_chip_175x_6x\Debug\liblpc_chip_175x_6x.a(sysinit_17xx_40xx.o)
 .text.Chip_SetupXtalClocking
                0x0000f8c0       0x90 C:\Users\Checkout\Documents\MCUXpressoIDE_11.6.0_8187\workspace\lpc_chip_175x_6x\Debug\liblpc_chip_175x_6x.a(sysinit_17xx_40xx.o)
                0x0000f8c0                Chip_SetupXtalClocking
 .text.Chip_UART_SetupFIFOS
                0x0000f950       0x1a C:\Users\Checkout\Documents\MCUXpressoIDE_11.6.0_8187\workspace\lpc_chip_175x_6x\Debug\liblpc_chip_175x_6x.a(uart_17xx_40xx.o)
 .text.Chip_UART_ConfigData
                0x0000f96a       0x1a C:\Users\Checkout\Documents\MCUXpressoIDE_11.6.0_8187\workspace\lpc_chip_175x_6x\Debug\liblpc_chip_175x_6x.a(uart_17xx_40xx.o)
 .text.Chip_UART_EnableDivisorAccess
                0x0000f984       0x1e C:\Users\Checkout\Documents\MCUXpressoIDE_11.6.0_8187\workspace\lpc_chip_175x_6x\Debug\liblpc_chip_175x_6x.a(uart_17xx_40xx.o)
 .text.Chip_UART_DisableDivisorAccess
                0x0000f9a2       0x1e C:\Users\Checkout\Documents\MCUXpressoIDE_11.6.0_8187\workspace\lpc_chip_175x_6x\Debug\liblpc_chip_175x_6x.a(uart_17xx_40xx.o)
 .text.Chip_UART_SetDivisorLatches
                0x0000f9c0       0x26 C:\Users\Checkout\Documents\MCUXpressoIDE_11.6.0_8187\workspace\lpc_chip_175x_6x\Debug\liblpc_chip_175x_6x.a(uart_17xx_40xx.o)
 *fill*         0x0000f9e6        0x2 ff
 .text.Chip_UART_GetClockIndex
                0x0000f9e8       0x50 C:\Users\Checkout\Documents\MCUXpressoIDE_11.6.0_8187\workspace\lpc_chip_175x_6x\Debug\liblpc_chip_175x_6x.a(uart_17xx_40xx.o)
 .text.Chip_UART_GetClkIndex
                0x0000fa38       0x50 C:\Users\Checkout\Documents\MCUXpressoIDE_11.6.0_8187\workspace\lpc_chip_175x_6x\Debug\liblpc_chip_175x_6x.a(uart_17xx_40xx.o)
 .text.Chip_UART_Init
                0x0000fa88       0x78 C:\Users\Checkout\Documents\MCUXpressoIDE_11.6.0_8187\workspace\lpc_chip_175x_6x\Debug\liblpc_chip_175x_6x.a(uart_17xx_40xx.o)
                0x0000fa88                Chip_UART_Init
 .text.Chip_UART_TXEnable
                0x0000fb00       0x18 C:\Users\Checkout\Documents\MCUXpressoIDE_11.6.0_8187\workspace\lpc_chip_175x_6x\Debug\liblpc_chip_175x_6x.a(uart_17xx_40xx.o)
                0x0000fb00                Chip_UART_TXEnable
 .text.Chip_UART_TXDisable
                0x0000fb18       0x18 C:\Users\Checkout\Documents\MCUXpressoIDE_11.6.0_8187\workspace\lpc_chip_175x_6x\Debug\liblpc_chip_175x_6x.a(uart_17xx_40xx.o)
                0x0000fb18                Chip_UART_TXDisable
 .text.Chip_UART_SetBaud
                0x0000fb30       0x62 C:\Users\Checkout\Documents\MCUXpressoIDE_11.6.0_8187\workspace\lpc_chip_175x_6x\Debug\liblpc_chip_175x_6x.a(uart_17xx_40xx.o)
                0x0000fb30                Chip_UART_SetBaud
 .text.__main   0x0000fb92        0xe c:/users/checkout/desktop/apps/nxp/mcuxpressoide_11.6.0_8187/ide/plugins/com.nxp.mcuxpresso.tools.win32_11.6.0.202112161359/tools/bin/../lib/gcc/arm-none-eabi/10.3.1/../../../../arm-none-eabi/lib/thumb/v7-m/nofp\libcr_nohost.a(_cr__main.o)
                0x0000fb92                __main
 .text.memcpy   0x0000fba0        0x4 c:/users/checkout/desktop/apps/nxp/mcuxpressoide_11.6.0_8187/ide/plugins/com.nxp.mcuxpresso.tools.win32_11.6.0.202112161359/tools/bin/../lib/gcc/arm-none-eabi/10.3.1/../../../../arm-none-eabi/lib/thumb/v7-m/nofp\libcr_c.a(memcpy.o)
                0x0000fba0                memcpy
 .text.memset   0x0000fba4        0x4 c:/users/checkout/desktop/apps/nxp/mcuxpressoide_11.6.0_8187/ide/plugins/com.nxp.mcuxpresso.tools.win32_11.6.0.202112161359/tools/bin/../lib/gcc/arm-none-eabi/10.3.1/../../../../arm-none-eabi/lib/thumb/v7-m/nofp\libcr_c.a(memset.o)
                0x0000fba4                memset
 .text.malloc   0x0000fba8       0xc8 c:/users/checkout/desktop/apps/nxp/mcuxpressoide_11.6.0_8187/ide/plugins/com.nxp.mcuxpresso.tools.win32_11.6.0.202112161359/tools/bin/../lib/gcc/arm-none-eabi/10.3.1/../../../../arm-none-eabi/lib/thumb/v7-m/nofp\libcr_c.a(alloc.o)
                0x0000fba8                malloc
 .text.free     0x0000fc70       0x30 c:/users/checkout/desktop/apps/nxp/mcuxpressoide_11.6.0_8187/ide/plugins/com.nxp.mcuxpresso.tools.win32_11.6.0.202112161359/tools/bin/../lib/gcc/arm-none-eabi/10.3.1/../../../../arm-none-eabi/lib/thumb/v7-m/nofp\libcr_c.a(alloc.o)
                0x0000fc70                free
 .text._Csys_alloc
                0x0000fca0       0x20 c:/users/checkout/desktop/apps/nxp/mcuxpressoide_11.6.0_8187/ide/plugins/com.nxp.mcuxpresso.tools.win32_11.6.0.202112161359/tools/bin/../lib/gcc/arm-none-eabi/10.3.1/../../../../arm-none-eabi/lib/thumb/v7-m/nofp\libcr_c.a(alloc.o)
                0x0000fca0                _Csys_alloc
 .text.fp_round
                0x0000fcc0       0x4c c:/users/checkout/desktop/apps/nxp/mcuxpressoide_11.6.0_8187/ide/plugins/com.nxp.mcuxpresso.tools.win32_11.6.0.202112161359/tools/bin/../lib/gcc/arm-none-eabi/10.3.1/../../../../arm-none-eabi/lib/thumb/v7-m/nofp\libcr_c.a(fpprintf.o)
 .text.pr_dec.constprop.0
                0x0000fd0c       0x26 c:/users/checkout/desktop/apps/nxp/mcuxpressoide_11.6.0_8187/ide/plugins/com.nxp.mcuxpresso.tools.win32_11.6.0.202112161359/tools/bin/../lib/gcc/arm-none-eabi/10.3.1/../../../../arm-none-eabi/lib/thumb/v7-m/nofp\libcr_c.a(fpprintf.o)
 *fill*         0x0000fd32        0x2 ff
 .text.sprintf  0x0000fd34       0x6c c:/users/checkout/desktop/apps/nxp/mcuxpressoide_11.6.0_8187/ide/plugins/com.nxp.mcuxpresso.tools.win32_11.6.0.202112161359/tools/bin/../lib/gcc/arm-none-eabi/10.3.1/../../../../arm-none-eabi/lib/thumb/v7-m/nofp\libcr_c.a(fpprintf.o)
                0x0000fd34                sprintf
 .text.fp_display
                0x0000fda0      0x950 c:/users/checkout/desktop/apps/nxp/mcuxpressoide_11.6.0_8187/ide/plugins/com.nxp.mcuxpresso.tools.win32_11.6.0.202112161359/tools/bin/../lib/gcc/arm-none-eabi/10.3.1/../../../../arm-none-eabi/lib/thumb/v7-m/nofp\libcr_c.a(fpprintf.o)
 .text.vsnprintf
                0x000106f0       0x68 c:/users/checkout/desktop/apps/nxp/mcuxpressoide_11.6.0_8187/ide/plugins/com.nxp.mcuxpresso.tools.win32_11.6.0.202112161359/tools/bin/../lib/gcc/arm-none-eabi/10.3.1/../../../../arm-none-eabi/lib/thumb/v7-m/nofp\libcr_c.a(fpprintf.o)
                0x000106f0                vsnprintf
 .text.printf   0x00010758       0x54 c:/users/checkout/desktop/apps/nxp/mcuxpressoide_11.6.0_8187/ide/plugins/com.nxp.mcuxpresso.tools.win32_11.6.0.202112161359/tools/bin/../lib/gcc/arm-none-eabi/10.3.1/../../../../arm-none-eabi/lib/thumb/v7-m/nofp\libcr_c.a(fpprintf.o)
                0x00010758                printf
 .text._initio  0x000107ac       0x78 c:/users/checkout/desktop/apps/nxp/mcuxpressoide_11.6.0_8187/ide/plugins/com.nxp.mcuxpresso.tools.win32_11.6.0.202112161359/tools/bin/../lib/gcc/arm-none-eabi/10.3.1/../../../../arm-none-eabi/lib/thumb/v7-m/nofp\libcr_c.a(initio.o)
                0x000107ac                _initio
 .text.memcmp   0x00010824       0x42 c:/users/checkout/desktop/apps/nxp/mcuxpressoide_11.6.0_8187/ide/plugins/com.nxp.mcuxpresso.tools.win32_11.6.0.202112161359/tools/bin/../lib/gcc/arm-none-eabi/10.3.1/../../../../arm-none-eabi/lib/thumb/v7-m/nofp\libcr_c.a(memcmp.o)
                0x00010824                memcmp
 *fill*         0x00010866        0x2 ff
 .text.__vfprintf
                0x00010868      0xbe4 c:/users/checkout/desktop/apps/nxp/mcuxpressoide_11.6.0_8187/ide/plugins/com.nxp.mcuxpresso.tools.win32_11.6.0.202112161359/tools/bin/../lib/gcc/arm-none-eabi/10.3.1/../../../../arm-none-eabi/lib/thumb/v7-m/nofp\libcr_c.a(printf.o)
                0x00010868                __vfprintf
 .text.setvbuf  0x0001144c       0x3e c:/users/checkout/desktop/apps/nxp/mcuxpressoide_11.6.0_8187/ide/plugins/com.nxp.mcuxpresso.tools.win32_11.6.0.202112161359/tools/bin/../lib/gcc/arm-none-eabi/10.3.1/../../../../arm-none-eabi/lib/thumb/v7-m/nofp\libcr_c.a(setvbuf.o)
                0x0001144c                setvbuf
 .text.strlen   0x0001148a       0x48 c:/users/checkout/desktop/apps/nxp/mcuxpressoide_11.6.0_8187/ide/plugins/com.nxp.mcuxpresso.tools.win32_11.6.0.202112161359/tools/bin/../lib/gcc/arm-none-eabi/10.3.1/../../../../arm-none-eabi/lib/thumb/v7-m/nofp\libcr_c.a(strlen.o)
                0x0001148a                strlen
 *fill*         0x000114d2        0x2 ff
 .text._sbrk    0x000114d4       0x3c c:/users/checkout/desktop/apps/nxp/mcuxpressoide_11.6.0_8187/ide/plugins/com.nxp.mcuxpresso.tools.win32_11.6.0.202112161359/tools/bin/../lib/gcc/arm-none-eabi/10.3.1/../../../../arm-none-eabi/lib/thumb/v7-m/nofp\libcr_c.a(_cr_sbrk.o)
                0x000114d4                _sbrk
 .text._deferredlazyseek
                0x00011510       0x40 c:/users/checkout/desktop/apps/nxp/mcuxpressoide_11.6.0_8187/ide/plugins/com.nxp.mcuxpresso.tools.win32_11.6.0.202112161359/tools/bin/../lib/gcc/arm-none-eabi/10.3.1/../../../../arm-none-eabi/lib/thumb/v7-m/nofp\libcr_c.a(_deferredlazyseek.o)
                0x00011510                _deferredlazyseek
 .text.__flsbuf
                0x00011550      0x140 c:/users/checkout/desktop/apps/nxp/mcuxpressoide_11.6.0_8187/ide/plugins/com.nxp.mcuxpresso.tools.win32_11.6.0.202112161359/tools/bin/../lib/gcc/arm-none-eabi/10.3.1/../../../../arm-none-eabi/lib/thumb/v7-m/nofp\libcr_c.a(_deferredlazyseek.o)
                0x00011550                __flsbuf
 .text._fdopen  0x00011690       0x68 c:/users/checkout/desktop/apps/nxp/mcuxpressoide_11.6.0_8187/ide/plugins/com.nxp.mcuxpresso.tools.win32_11.6.0.202112161359/tools/bin/../lib/gcc/arm-none-eabi/10.3.1/../../../../arm-none-eabi/lib/thumb/v7-m/nofp\libcr_c.a(_fdopen.o)
                0x00011690                _fdopen
 .text._fflush  0x000116f8       0x52 c:/users/checkout/desktop/apps/nxp/mcuxpressoide_11.6.0_8187/ide/plugins/com.nxp.mcuxpresso.tools.win32_11.6.0.202112161359/tools/bin/../lib/gcc/arm-none-eabi/10.3.1/../../../../arm-none-eabi/lib/thumb/v7-m/nofp\libcr_c.a(_fflush.o)
                0x000116f8                _fflush
 .text._frexpl  0x0001174a       0x56 c:/users/checkout/desktop/apps/nxp/mcuxpressoide_11.6.0_8187/ide/plugins/com.nxp.mcuxpresso.tools.win32_11.6.0.202112161359/tools/bin/../lib/gcc/arm-none-eabi/10.3.1/../../../../arm-none-eabi/lib/thumb/v7-m/nofp\libcr_c.a(_frexpl.o)
                0x0001174a                _frexpl
 .text._ldexpl  0x000117a0       0x48 c:/users/checkout/desktop/apps/nxp/mcuxpressoide_11.6.0_8187/ide/plugins/com.nxp.mcuxpresso.tools.win32_11.6.0.202112161359/tools/bin/../lib/gcc/arm-none-eabi/10.3.1/../../../../arm-none-eabi/lib/thumb/v7-m/nofp\libcr_c.a(_ldexpl.o)
                0x000117a0                _ldexpl
 .text._Cwritebuf
                0x000117e8       0x6c c:/users/checkout/desktop/apps/nxp/mcuxpressoide_11.6.0_8187/ide/plugins/com.nxp.mcuxpresso.tools.win32_11.6.0.202112161359/tools/bin/../lib/gcc/arm-none-eabi/10.3.1/../../../../arm-none-eabi/lib/thumb/v7-m/nofp\libcr_c.a(_writebuf.o)
                0x000117e8                _Cwritebuf
 .text.fclose   0x00011854       0x58 c:/users/checkout/desktop/apps/nxp/mcuxpressoide_11.6.0_8187/ide/plugins/com.nxp.mcuxpresso.tools.win32_11.6.0.202112161359/tools/bin/../lib/gcc/arm-none-eabi/10.3.1/../../../../arm-none-eabi/lib/thumb/v7-m/nofp\libcr_c.a(fclose.o)
                0x00011854                fclose
 .text.fflush   0x000118ac       0x3c c:/users/checkout/desktop/apps/nxp/mcuxpressoide_11.6.0_8187/ide/plugins/com.nxp.mcuxpresso.tools.win32_11.6.0.202112161359/tools/bin/../lib/gcc/arm-none-eabi/10.3.1/../../../../arm-none-eabi/lib/thumb/v7-m/nofp\libcr_c.a(fflush.o)
                0x000118ac                fflush
 .text.fseek    0x000118e8       0xfc c:/users/checkout/desktop/apps/nxp/mcuxpressoide_11.6.0_8187/ide/plugins/com.nxp.mcuxpresso.tools.win32_11.6.0.202112161359/tools/bin/../lib/gcc/arm-none-eabi/10.3.1/../../../../arm-none-eabi/lib/thumb/v7-m/nofp\libcr_c.a(fseek.o)
                0x000118e8                fseek
 .text.ftell    0x000119e4       0x44 c:/users/checkout/desktop/apps/nxp/mcuxpressoide_11.6.0_8187/ide/plugins/com.nxp.mcuxpresso.tools.win32_11.6.0.202112161359/tools/bin/../lib/gcc/arm-none-eabi/10.3.1/../../../../arm-none-eabi/lib/thumb/v7-m/nofp\libcr_c.a(ftell.o)
                0x000119e4                ftell
 .text.remove   0x00011a28       0x14 c:/users/checkout/desktop/apps/nxp/mcuxpressoide_11.6.0_8187/ide/plugins/com.nxp.mcuxpresso.tools.win32_11.6.0.202112161359/tools/bin/../lib/gcc/arm-none-eabi/10.3.1/../../../../arm-none-eabi/lib/thumb/v7-m/nofp\libcr_c.a(remove.o)
                0x00011a28                remove
 .text._do_fflush
                0x00011a3c       0x40 c:/users/checkout/desktop/apps/nxp/mcuxpressoide_11.6.0_8187/ide/plugins/com.nxp.mcuxpresso.tools.win32_11.6.0.202112161359/tools/bin/../lib/gcc/arm-none-eabi/10.3.1/../../../../arm-none-eabi/lib/thumb/v7-m/nofp\libcr_c.a(_do_fflush.o)
                0x00011a3c                _do_fflush
 .text.__aeabi_dmul
                0x00011a7c       0xfc c:/users/checkout/desktop/apps/nxp/mcuxpressoide_11.6.0_8187/ide/plugins/com.nxp.mcuxpresso.tools.win32_11.6.0.202112161359/tools/bin/../lib/gcc/arm-none-eabi/10.3.1/thumb/v7-m/nofp\libcr_eabihelpers.a(double.o)
                0x00011a7c                __aeabi_dmul
 .text.__aeabi_ddiv
                0x00011b78      0x134 c:/users/checkout/desktop/apps/nxp/mcuxpressoide_11.6.0_8187/ide/plugins/com.nxp.mcuxpresso.tools.win32_11.6.0.202112161359/tools/bin/../lib/gcc/arm-none-eabi/10.3.1/thumb/v7-m/nofp\libcr_eabihelpers.a(double.o)
                0x00011b78                __aeabi_ddiv
 .text.__aeabi_dsub
                0x00011cac      0x1ac c:/users/checkout/desktop/apps/nxp/mcuxpressoide_11.6.0_8187/ide/plugins/com.nxp.mcuxpresso.tools.win32_11.6.0.202112161359/tools/bin/../lib/gcc/arm-none-eabi/10.3.1/thumb/v7-m/nofp\libcr_eabihelpers.a(double.o)
                0x00011cac                __aeabi_dsub
 .text.__aeabi_dadd
                0x00011e58      0x110 c:/users/checkout/desktop/apps/nxp/mcuxpressoide_11.6.0_8187/ide/plugins/com.nxp.mcuxpresso.tools.win32_11.6.0.202112161359/tools/bin/../lib/gcc/arm-none-eabi/10.3.1/thumb/v7-m/nofp\libcr_eabihelpers.a(double.o)
                0x00011e58                __aeabi_dadd
 .text.__aeabi_d2iz
                0x00011f68       0x42 c:/users/checkout/desktop/apps/nxp/mcuxpressoide_11.6.0_8187/ide/plugins/com.nxp.mcuxpresso.tools.win32_11.6.0.202112161359/tools/bin/../lib/gcc/arm-none-eabi/10.3.1/thumb/v7-m/nofp\libcr_eabihelpers.a(double.o)
                0x00011f68                __aeabi_d2iz
 .text.__bhs_ui2d
                0x00011faa       0x46 c:/users/checkout/desktop/apps/nxp/mcuxpressoide_11.6.0_8187/ide/plugins/com.nxp.mcuxpresso.tools.win32_11.6.0.202112161359/tools/bin/../lib/gcc/arm-none-eabi/10.3.1/thumb/v7-m/nofp\libcr_eabihelpers.a(double.o)
                0x00011faa                __bhs_ui2d
 .text.__aeabi_i2d
                0x00011ff0       0x12 c:/users/checkout/desktop/apps/nxp/mcuxpressoide_11.6.0_8187/ide/plugins/com.nxp.mcuxpresso.tools.win32_11.6.0.202112161359/tools/bin/../lib/gcc/arm-none-eabi/10.3.1/thumb/v7-m/nofp\libcr_eabihelpers.a(double.o)
                0x00011ff0                __aeabi_i2d
 .text.__aeabi_dcmpeq
                0x00012002       0x3c c:/users/checkout/desktop/apps/nxp/mcuxpressoide_11.6.0_8187/ide/plugins/com.nxp.mcuxpresso.tools.win32_11.6.0.202112161359/tools/bin/../lib/gcc/arm-none-eabi/10.3.1/thumb/v7-m/nofp\libcr_eabihelpers.a(double.o)
                0x00012002                __aeabi_dcmpeq
 .text.__aeabi_dcmplt
                0x0001203e       0x58 c:/users/checkout/desktop/apps/nxp/mcuxpressoide_11.6.0_8187/ide/plugins/com.nxp.mcuxpresso.tools.win32_11.6.0.202112161359/tools/bin/../lib/gcc/arm-none-eabi/10.3.1/thumb/v7-m/nofp\libcr_eabihelpers.a(double.o)
                0x0001203e                __aeabi_dcmplt
 .text.__aeabi_dcmple
                0x00012096       0x62 c:/users/checkout/desktop/apps/nxp/mcuxpressoide_11.6.0_8187/ide/plugins/com.nxp.mcuxpresso.tools.win32_11.6.0.202112161359/tools/bin/../lib/gcc/arm-none-eabi/10.3.1/thumb/v7-m/nofp\libcr_eabihelpers.a(double.o)
                0x00012096                __aeabi_dcmple
 .text.__aeabi_dcmpge
                0x000120f8       0x62 c:/users/checkout/desktop/apps/nxp/mcuxpressoide_11.6.0_8187/ide/plugins/com.nxp.mcuxpresso.tools.win32_11.6.0.202112161359/tools/bin/../lib/gcc/arm-none-eabi/10.3.1/thumb/v7-m/nofp\libcr_eabihelpers.a(double.o)
                0x000120f8                __aeabi_dcmpge
 .text.__aeabi_memcpy
                0x0001215a       0x34 c:/users/checkout/desktop/apps/nxp/mcuxpressoide_11.6.0_8187/ide/plugins/com.nxp.mcuxpresso.tools.win32_11.6.0.202112161359/tools/bin/../lib/gcc/arm-none-eabi/10.3.1/thumb/v7-m/nofp\libcr_eabihelpers.a(memcpy.o)
                0x0001215a                __aeabi_memcpy
                0x00012164                __aeabi_memcpy8
                0x00012164                __aeabi_memcpy4
 .text.__aeabi_memset_lowlevel
                0x0001218e       0x32 c:/users/checkout/desktop/apps/nxp/mcuxpressoide_11.6.0_8187/ide/plugins/com.nxp.mcuxpresso.tools.win32_11.6.0.202112161359/tools/bin/../lib/gcc/arm-none-eabi/10.3.1/thumb/v7-m/nofp\libcr_eabihelpers.a(memcpy.o)
                0x0001218e                __aeabi_lowlevel_memset
 .text.__sys_appexit
                0x000121c0        0x2 c:/users/checkout/desktop/apps/nxp/mcuxpressoide_11.6.0_8187/ide/plugins/com.nxp.mcuxpresso.tools.win32_11.6.0.202112161359/tools/bin/../lib/gcc/arm-none-eabi/10.3.1/../../../../arm-none-eabi/lib/thumb/v7-m/nofp\libcr_nohost.a(__sys_appexit.o)
                0x000121c0                __sys_appexit
                0x000121c0                __exit
 .text.__sys_close
                0x000121c2        0x6 c:/users/checkout/desktop/apps/nxp/mcuxpressoide_11.6.0_8187/ide/plugins/com.nxp.mcuxpresso.tools.win32_11.6.0.202112161359/tools/bin/../lib/gcc/arm-none-eabi/10.3.1/../../../../arm-none-eabi/lib/thumb/v7-m/nofp\libcr_nohost.a(__sys_close.o)
                0x000121c2                __sys_close
 .text.__sys_flen
                0x000121c8        0x6 c:/users/checkout/desktop/apps/nxp/mcuxpressoide_11.6.0_8187/ide/plugins/com.nxp.mcuxpresso.tools.win32_11.6.0.202112161359/tools/bin/../lib/gcc/arm-none-eabi/10.3.1/../../../../arm-none-eabi/lib/thumb/v7-m/nofp\libcr_nohost.a(__sys_flen.o)
                0x000121c8                __sys_flen
 .text.__sys_istty
                0x000121ce        0x6 c:/users/checkout/desktop/apps/nxp/mcuxpressoide_11.6.0_8187/ide/plugins/com.nxp.mcuxpresso.tools.win32_11.6.0.202112161359/tools/bin/../lib/gcc/arm-none-eabi/10.3.1/../../../../arm-none-eabi/lib/thumb/v7-m/nofp\libcr_nohost.a(__sys_istty.o)
                0x000121ce                __sys_istty
 .text.__sys_remove
                0x000121d4        0x6 c:/users/checkout/desktop/apps/nxp/mcuxpressoide_11.6.0_8187/ide/plugins/com.nxp.mcuxpresso.tools.win32_11.6.0.202112161359/tools/bin/../lib/gcc/arm-none-eabi/10.3.1/../../../../arm-none-eabi/lib/thumb/v7-m/nofp\libcr_nohost.a(__sys_remove.o)
                0x000121d4                __sys_remove
 .text.__sys_seek
                0x000121da        0x6 c:/users/checkout/desktop/apps/nxp/mcuxpressoide_11.6.0_8187/ide/plugins/com.nxp.mcuxpresso.tools.win32_11.6.0.202112161359/tools/bin/../lib/gcc/arm-none-eabi/10.3.1/../../../../arm-none-eabi/lib/thumb/v7-m/nofp\libcr_nohost.a(__sys_seek.o)
                0x000121da                __sys_seek
 .text.__sys_tmpnam
                0x000121e0        0x6 c:/users/checkout/desktop/apps/nxp/mcuxpressoide_11.6.0_8187/ide/plugins/com.nxp.mcuxpresso.tools.win32_11.6.0.202112161359/tools/bin/../lib/gcc/arm-none-eabi/10.3.1/../../../../arm-none-eabi/lib/thumb/v7-m/nofp\libcr_nohost.a(__sys_tmpnam.o)
                0x000121e0                __sys_tmpnam
 */tasks.o(.rodata*)
 *fill*         0x000121e6        0x2 ff
 .rodata.vTaskStartScheduler.str1.4
                0x000121e8        0x5 ./freertos/src/tasks.o
 *(.rodata .rodata.* .constdata .constdata.*)
 *fill*         0x000121ed        0x3 ff
 .rodata.ethbroadcast
                0x000121f0        0x6 ./lwip/src/netif/etharp.o
                0x000121f0                ethbroadcast
 *fill*         0x000121f6        0x2 ff
 .rodata.ethzero
                0x000121f8        0x6 ./lwip/src/netif/etharp.o
                0x000121f8                ethzero
 *fill*         0x000121fe        0x2 ff
 .rodata.ip_addr_any
                0x00012200        0x4 ./lwip/src/core/ipv4/ip_addr.o
                0x00012200                ip_addr_any
 .rodata.ip_addr_broadcast
                0x00012204        0x4 ./lwip/src/core/ipv4/ip_addr.o
                0x00012204                ip_addr_broadcast
 .rodata.memp_sizes
                0x00012208       0x1a ./lwip/src/core/memp.o
                0x00012208                memp_sizes
 *fill*         0x00012222        0x2 ff
 .rodata.tcp_backoff
                0x00012224        0xd ./lwip/src/core/tcp.o
                0x00012224                tcp_backoff
 *fill*         0x00012231        0x3 ff
 .rodata.tcp_persist_backoff
                0x00012234        0x7 ./lwip/src/core/tcp.o
                0x00012234                tcp_persist_backoff
 *fill*         0x0001223b        0x1 ff
 .rodata.tcp_pcb_lists
                0x0001223c       0x10 ./lwip/src/core/tcp.o
                0x0001223c                tcp_pcb_lists
 .rodata.lpc_enetif_init.str1.4
                0x0001224c       0x27 ./lwip/src/arch/lpc17xx_40xx_emac.o
 *fill*         0x00012273        0x1 ff
 .rodata.tcpip_init.str1.4
                0x00012274        0xd ./lwip/src/api/tcpip.o
 *fill*         0x00012281        0x3 ff
 .rodata.vApplicationMallocFailedHook.str1.4
                0x00012284       0x26 ./freertos/src/FreeRTOSCommonHooks.o
 *fill*         0x000122aa        0x2 ff
 .rodata.vApplicationStackOverflowHook.str1.4
                0x000122ac       0x30 ./freertos/src/FreeRTOSCommonHooks.o
 .rodata.vSetupIFTask.str1.4
                0x000122dc       0x56 ./example/src/lwip_tcpecho_freertos.o
 *fill*         0x00012332        0x2 ff
 .rodata.main.str1.4
                0x00012334        0x9 ./example/src/lwip_tcpecho_freertos.o
 *fill*         0x0001233d        0x3 ff
 .rodata.tcpecho_init.str1.4
                0x00012340        0xf ./example/src/tcpecho.o
 *fill*         0x0001234f        0x1 ff
 .rodata.OscRateIn
                0x00012350        0x4 C:\Users\Checkout\Documents\MCUXpressoIDE_11.6.0_8187\workspace\lpc_board_nxp_lpcxpresso_1769\Debug\liblpc_board_nxp_lpcxpresso_1769.a(board.o)
                0x00012350                OscRateIn
 .rodata.RTCOscRateIn
                0x00012354        0x4 C:\Users\Checkout\Documents\MCUXpressoIDE_11.6.0_8187\workspace\lpc_board_nxp_lpcxpresso_1769\Debug\liblpc_board_nxp_lpcxpresso_1769.a(board.o)
                0x00012354                RTCOscRateIn
 .rodata        0x00012358        0x6 C:\Users\Checkout\Documents\MCUXpressoIDE_11.6.0_8187\workspace\lpc_board_nxp_lpcxpresso_1769\Debug\liblpc_board_nxp_lpcxpresso_1769.a(board.o)
 *fill*         0x0001235e        0x2 ff
 .rodata.pinmuxing
                0x00012360       0x5c C:\Users\Checkout\Documents\MCUXpressoIDE_11.6.0_8187\workspace\lpc_board_nxp_lpcxpresso_1769\Debug\liblpc_board_nxp_lpcxpresso_1769.a(board_sysinit.o)
 .rodata.EnetClkDiv
                0x000123bc        0xf C:\Users\Checkout\Documents\MCUXpressoIDE_11.6.0_8187\workspace\lpc_chip_175x_6x\Debug\liblpc_chip_175x_6x.a(enet_17xx_40xx.o)
 .rodata._Csys_alloc.str1.1
                0x000123cb       0x18 c:/users/checkout/desktop/apps/nxp/mcuxpressoide_11.6.0_8187/ide/plugins/com.nxp.mcuxpresso.tools.win32_11.6.0.202112161359/tools/bin/../lib/gcc/arm-none-eabi/10.3.1/../../../../arm-none-eabi/lib/thumb/v7-m/nofp\libcr_c.a(alloc.o)
 .rodata.fp_display.str1.1
                0x000123e3       0x34 c:/users/checkout/desktop/apps/nxp/mcuxpressoide_11.6.0_8187/ide/plugins/com.nxp.mcuxpresso.tools.win32_11.6.0.202112161359/tools/bin/../lib/gcc/arm-none-eabi/10.3.1/../../../../arm-none-eabi/lib/thumb/v7-m/nofp\libcr_c.a(fpprintf.o)
                                 0x35 (size before relaxing)
 .rodata._initio.str1.1
                0x00012417        0x4 c:/users/checkout/desktop/apps/nxp/mcuxpressoide_11.6.0_8187/ide/plugins/com.nxp.mcuxpresso.tools.win32_11.6.0.202112161359/tools/bin/../lib/gcc/arm-none-eabi/10.3.1/../../../../arm-none-eabi/lib/thumb/v7-m/nofp\libcr_c.a(initio.o)
 .rodata.__vfprintf.str1.1
                0x0001241b       0x31 c:/users/checkout/desktop/apps/nxp/mcuxpressoide_11.6.0_8187/ide/plugins/com.nxp.mcuxpresso.tools.win32_11.6.0.202112161359/tools/bin/../lib/gcc/arm-none-eabi/10.3.1/../../../../arm-none-eabi/lib/thumb/v7-m/nofp\libcr_c.a(printf.o)
                                 0x38 (size before relaxing)
 .rodata.__num_Ciob_streams
                0x0001244c        0x4 c:/users/checkout/desktop/apps/nxp/mcuxpressoide_11.6.0_8187/ide/plugins/com.nxp.mcuxpresso.tools.win32_11.6.0.202112161359/tools/bin/../lib/gcc/arm-none-eabi/10.3.1/../../../../arm-none-eabi/lib/thumb/v7-m/nofp\libcr_nohost.a(__ciob.o)
                0x0001244c                __num_Ciob_streams
                0x00012450                . = ALIGN (0x4)

.glue_7         0x00012450        0x0
 .glue_7        0x00012450        0x0 linker stubs

.glue_7t        0x00012450        0x0
 .glue_7t       0x00012450        0x0 linker stubs

.vfp11_veneer   0x00012450        0x0
 .vfp11_veneer  0x00012450        0x0 linker stubs
