../lwip/src/api/api_msg.c:78:1:recv_raw	40	static
../lwip/src/api/api_msg.c:144:1:recv_udp	40	static
../lwip/src/api/api_msg.c:216:1:recv_tcp	40	static
../lwip/src/api/api_msg.c:277:1:poll_tcp	24	static
../lwip/src/api/api_msg.c:313:1:sent_tcp	32	static
../lwip/src/api/api_msg.c:347:1:err_tcp	32	static
../lwip/src/api/api_msg.c:413:1:setup_tcp	24	static
../lwip/src/api/api_msg.c:432:1:accept_function	40	static
../lwip/src/api/api_msg.c:490:1:pcb_new	24	static
../lwip/src/api/api_msg.c:548:1:do_newconn	16	static
../lwip/src/api/api_msg.c:572:1:netconn_alloc	24	static
../lwip/src/api/api_msg.c:657:1:netconn_free	16	static
../lwip/src/api/api_msg.c:682:1:netconn_drain	32	static
../lwip/src/api/api_msg.c:747:1:do_close_internal	24	static
../lwip/src/api/api_msg.c:832:1:do_delconn	16	static
../lwip/src/api/api_msg.c:898:1:do_bind	16	static
../lwip/src/api/api_msg.c:937:1:do_connected	40	static
../lwip/src/api/api_msg.c:984:1:do_connect	24	static
../lwip/src/api/api_msg.c:1042:1:do_disconnect	16	static
../lwip/src/api/api_msg.c:1064:1:do_listen	24	static
../lwip/src/api/api_msg.c:1120:1:do_send	32	static
../lwip/src/api/api_msg.c:1173:1:do_recv	24	static
../lwip/src/api/api_msg.c:1208:1:do_writemore	40	static
../lwip/src/api/api_msg.c:1343:1:do_write	16	static
../lwip/src/api/api_msg.c:1398:1:do_getaddr	16	static
../lwip/src/api/api_msg.c:1451:1:do_close	16	static
