../fatfs/src/ff.c:530:6:mem_cpy	32	static
../fatfs/src/ff.c:547:6:mem_set	32	static
../fatfs/src/ff.c:556:5:mem_cmp	40	static
../fatfs/src/ff.c:566:5:chk_chr	16	static
../fatfs/src/ff.c:721:9:move_window	24	static
../fatfs/src/ff.c:763:9:sync	24	static
../fatfs/src/ff.c:803:7:clust2sect	16	static
../fatfs/src/ff.c:821:7:get_fat	32	static
../fatfs/src/ff.c:864:9:put_fat	40	static
../fatfs/src/ff.c:927:9:remove_chain	24	static
../fatfs/src/ff.c:980:7:create_chain	32	static
../fatfs/src/ff.c:1067:9:dir_sdi	24	static
../fatfs/src/ff.c:1115:9:dir_next	32	static
../fatfs/src/ff.c:1183:7:ld_clust	24	static
../fatfs/src/ff.c:1200:6:st_clust	16	static
../fatfs/src/ff.c:1389:9:dir_find	32	static
../fatfs/src/ff.c:1450:9:dir_read	32	static
../fatfs/src/ff.c:1507:9:dir_register	24	static
../fatfs/src/ff.c:1614:9:dir_remove	24	static
../fatfs/src/ff.c:1659:9:create_name	48	static
../fatfs/src/ff.c:1873:6:get_fileinfo	40	static
../fatfs/src/ff.c:1955:9:follow_path	24	static
../fatfs/src/ff.c:2017:6:check_fs	16	static
../fatfs/src/ff.c:2043:9:chk_mounted	80	static
../fatfs/src/ff.c:2210:9:validate	24	static
../fatfs/src/ff.c:2244:9:f_mount	24	static
../fatfs/src/ff.c:2284:9:f_open	80	static
../fatfs/src/ff.c:2416:9:f_read	56	static
../fatfs/src/ff.c:2517:9:f_write	48	static
../fatfs/src/ff.c:2636:9:f_sync	32	static
../fatfs/src/ff.c:2684:9:f_close	24	static
../fatfs/src/ff.c:2853:9:f_lseek	40	static
../fatfs/src/ff.c:3011:9:f_opendir	40	static
../fatfs/src/ff.c:3058:9:f_readdir	32	static
../fatfs/src/ff.c:3100:9:f_stat	64	static
../fatfs/src/ff.c:3133:9:f_getfree	64	static
../fatfs/src/ff.c:3200:9:f_truncate	24	static
../fatfs/src/ff.c:3250:9:f_unlink	96	static
../fatfs/src/ff.c:3318:9:f_mkdir	80	static
../fatfs/src/ff.c:3391:9:f_chmod	64	static
../fatfs/src/ff.c:3433:9:f_utime	64	static
../fatfs/src/ff.c:3474:9:f_rename	128	static
