Archive member included to satisfy reference by file (symbol)

C:\Users\Checkout\Documents\MCUXpressoIDE_11.6.0_8187\workspace\lpc_board_nxp_lpcxpresso_1769\Debug\liblpc_board_nxp_lpcxpresso_1769.a(board.o)
                              ./example/src/main.o (Board_LED_Set)
C:\Users\Checkout\Documents\MCUXpressoIDE_11.6.0_8187\workspace\lpc_board_nxp_lpcxpresso_1769\Debug\liblpc_board_nxp_lpcxpresso_1769.a(board_sysinit.o)
                              ./example/src/sysinit.o (Board_SystemInit)
C:\Users\Checkout\Documents\MCUXpressoIDE_11.6.0_8187\workspace\lpc_board_nxp_lpcxpresso_1769\Debug\liblpc_board_nxp_lpcxpresso_1769.a(lpc_phy_smsc87x0.o)
                              ./lwip/src/arch/lpc17xx_40xx_emac.o (lpc_phy_init)
C:\Users\Checkout\Documents\MCUXpressoIDE_11.6.0_8187\workspace\lpc_chip_175x_6x\Debug\liblpc_chip_175x_6x.a(chip_17xx_40xx.o)
                              ./lwip/src/arch/lpc17xx_40xx_systick_arch.o (SystemCoreClock)
C:\Users\Checkout\Documents\MCUXpressoIDE_11.6.0_8187\workspace\lpc_chip_175x_6x\Debug\liblpc_chip_175x_6x.a(clock_17xx_40xx.o)
                              C:\Users\Checkout\Documents\MCUXpressoIDE_11.6.0_8187\workspace\lpc_chip_175x_6x\Debug\liblpc_chip_175x_6x.a(chip_17xx_40xx.o) (Chip_Clock_EnablePLL)
C:\Users\Checkout\Documents\MCUXpressoIDE_11.6.0_8187\workspace\lpc_chip_175x_6x\Debug\liblpc_chip_175x_6x.a(enet_17xx_40xx.o)
                              ./lwip/src/arch/lpc17xx_40xx_emac.o (Chip_ENET_Init)
C:\Users\Checkout\Documents\MCUXpressoIDE_11.6.0_8187\workspace\lpc_chip_175x_6x\Debug\liblpc_chip_175x_6x.a(i2s_17xx_40xx.o)
                              C:\Users\Checkout\Documents\MCUXpressoIDE_11.6.0_8187\workspace\lpc_board_nxp_lpcxpresso_1769\Debug\liblpc_board_nxp_lpcxpresso_1769.a(board.o) (Chip_I2S_Init)
C:\Users\Checkout\Documents\MCUXpressoIDE_11.6.0_8187\workspace\lpc_chip_175x_6x\Debug\liblpc_chip_175x_6x.a(iocon_17xx_40xx.o)
                              C:\Users\Checkout\Documents\MCUXpressoIDE_11.6.0_8187\workspace\lpc_board_nxp_lpcxpresso_1769\Debug\liblpc_board_nxp_lpcxpresso_1769.a(board.o) (Chip_IOCON_PinMux)
C:\Users\Checkout\Documents\MCUXpressoIDE_11.6.0_8187\workspace\lpc_chip_175x_6x\Debug\liblpc_chip_175x_6x.a(sysinit_17xx_40xx.o)
                              C:\Users\Checkout\Documents\MCUXpressoIDE_11.6.0_8187\workspace\lpc_board_nxp_lpcxpresso_1769\Debug\liblpc_board_nxp_lpcxpresso_1769.a(board_sysinit.o) (Chip_SetupXtalClocking)
C:\Users\Checkout\Documents\MCUXpressoIDE_11.6.0_8187\workspace\lpc_chip_175x_6x\Debug\liblpc_chip_175x_6x.a(uart_17xx_40xx.o)
                              C:\Users\Checkout\Documents\MCUXpressoIDE_11.6.0_8187\workspace\lpc_board_nxp_lpcxpresso_1769\Debug\liblpc_board_nxp_lpcxpresso_1769.a(board.o) (Chip_UART_Init)
C:\Users\Checkout\Documents\MCUXpressoIDE_11.6.0_8187\workspace\lpc_chip_175x_6x\Debug\liblpc_chip_175x_6x.a(ring_buffer.o)
                              C:\Users\Checkout\Documents\MCUXpressoIDE_11.6.0_8187\workspace\lpc_chip_175x_6x\Debug\liblpc_chip_175x_6x.a(uart_17xx_40xx.o) (RingBuffer_Insert)
c:/users/checkout/desktop/apps/nxp/mcuxpressoide_11.6.0_8187/ide/plugins/com.nxp.mcuxpresso.tools.win32_11.6.0.202112161359/tools/bin/../lib/gcc/arm-none-eabi/10.3.1/../../../../arm-none-eabi/lib/thumb/v7-m/nofp\libcr_nohost.a(_cr__main.o)
                              ./example/src/cr_startup_lpc175x_6x.o (__main)
c:/users/checkout/desktop/apps/nxp/mcuxpressoide_11.6.0_8187/ide/plugins/com.nxp.mcuxpresso.tools.win32_11.6.0.202112161359/tools/bin/../lib/gcc/arm-none-eabi/10.3.1/../../../../arm-none-eabi/lib/thumb/v7-m/nofp\libcr_c.a(memcpy.o)
                              ./lwip/src/netif/etharp.o (memcpy)
c:/users/checkout/desktop/apps/nxp/mcuxpressoide_11.6.0_8187/ide/plugins/com.nxp.mcuxpresso.tools.win32_11.6.0.202112161359/tools/bin/../lib/gcc/arm-none-eabi/10.3.1/../../../../arm-none-eabi/lib/thumb/v7-m/nofp\libcr_c.a(memset.o)
                              ./lwip/src/core/ipv4/ip_frag.o (memset)
c:/users/checkout/desktop/apps/nxp/mcuxpressoide_11.6.0_8187/ide/plugins/com.nxp.mcuxpresso.tools.win32_11.6.0.202112161359/tools/bin/../lib/gcc/arm-none-eabi/10.3.1/../../../../arm-none-eabi/lib/thumb/v7-m/nofp\libcr_c.a(fpprintf.o)
                              ./example/src/main.o (printf)
c:/users/checkout/desktop/apps/nxp/mcuxpressoide_11.6.0_8187/ide/plugins/com.nxp.mcuxpresso.tools.win32_11.6.0.202112161359/tools/bin/../lib/gcc/arm-none-eabi/10.3.1/../../../../arm-none-eabi/lib/thumb/v7-m/nofp\libcr_c.a(initio.o)
                              c:/users/checkout/desktop/apps/nxp/mcuxpressoide_11.6.0_8187/ide/plugins/com.nxp.mcuxpresso.tools.win32_11.6.0.202112161359/tools/bin/../lib/gcc/arm-none-eabi/10.3.1/../../../../arm-none-eabi/lib/thumb/v7-m/nofp\libcr_nohost.a(_cr__main.o) (_initio)
[...]
Memory Configuration

Name             Origin             Length             Attributes
MFlash512        0x00000000         0x00080000         xr
RamLoc32         0x10000000         0x00008000         xrw
RamAHB32         0x2007c000         0x00008000         xrw
*default*        0x00000000         0xffffffff

Linker script and memory map

LOAD ./lwip/src/netif/etharp.o
LOAD ./lwip/src/netif/ethernetif.o
LOAD ./lwip/src/core/ipv4/autoip.o
LOAD ./lwip/src/core/ipv4/icmp.o
LOAD ./lwip/src/core/ipv4/igmp.o
LOAD ./lwip/src/core/ipv4/inet.o
LOAD ./lwip/src/core/ipv4/inet_chksum.o
LOAD ./lwip/src/core/ipv4/ip.o
LOAD ./lwip/src/core/ipv4/ip_addr.o
LOAD ./lwip/src/core/ipv4/ip_frag.o
LOAD ./lwip/src/core/def.o
LOAD ./lwip/src/core/dhcp.o
LOAD ./lwip/src/core/dns.o
LOAD ./lwip/src/core/init.o
LOAD ./lwip/src/core/mem.o
LOAD ./lwip/src/core/memp.o
LOAD ./lwip/src/core/netif.o
LOAD ./lwip/src/core/pbuf.o
LOAD ./lwip/src/core/raw.o
LOAD ./lwip/src/core/stats.o
LOAD ./lwip/src/core/sys.o
LOAD ./lwip/src/core/tcp.o
LOAD ./lwip/src/core/tcp_in.o
LOAD ./lwip/src/core/tcp_out.o
LOAD ./lwip/src/core/timers.o
LOAD ./lwip/src/core/udp.o
LOAD ./lwip/src/arch/lpc17xx_40xx_emac.o
LOAD ./lwip/src/arch/lpc17xx_40xx_systick_arch.o
LOAD ./lwip/src/arch/lpc_debug.o
LOAD ./lwip/src/api/api_lib.o
LOAD ./lwip/src/api/api_msg.o
LOAD ./lwip/src/api/err.o
LOAD ./lwip/src/api/netbuf.o
LOAD ./lwip/src/api/netdb.o
LOAD ./lwip/src/api/netifapi.o
LOAD ./lwip/src/api/sockets.o
LOAD ./lwip/src/api/tcpip.o
LOAD ./example/src/cr_startup_lpc175x_6x.o
LOAD ./example/src/echo.o
LOAD ./example/src/iperf_server.o
LOAD ./example/src/main.o
LOAD ./example/src/sysinit.o
LOAD C:\Users\Checkout\Documents\MCUXpressoIDE_11.6.0_8187\workspace\lpc_board_nxp_lpcxpresso_1769\Debug\liblpc_board_nxp_lpcxpresso_1769.a
LOAD C:\Users\Checkout\Documents\MCUXpressoIDE_11.6.0_8187\workspace\lpc_chip_175x_6x\Debug\liblpc_chip_175x_6x.a
START GROUP
LOAD c:/users/checkout/desktop/apps/nxp/mcuxpressoide_11.6.0_8187/ide/plugins/com.nxp.mcuxpresso.tools.win32_11.6.0.202112161359/tools/bin/../lib/gcc/arm-none-eabi/10.3.1/../../../../arm-none-eabi/lib/thumb/v7-m/nofp\libcr_nohost.a
LOAD c:/users/checkout/desktop/apps/nxp/mcuxpressoide_11.6.0_8187/ide/plugins/com.nxp.mcuxpresso.tools.win32_11.6.0.202112161359/tools/bin/../lib/gcc/arm-none-eabi/10.3.1/../../../../arm-none-eabi/lib/thumb/v7-m/nofp\libcr_c.a
LOAD c:/users/checkout/desktop/apps/nxp/mcuxpressoide_11.6.0_8187/ide/plugins/com.nxp.mcuxpresso.tools.win32_11.6.0.202112161359/tools/bin/../lib/gcc/arm-none-eabi/10.3.1/thumb/v7-m/nofp\libcr_eabihelpers.a
LOAD c:/users/checkout/desktop/apps/nxp/mcuxpressoide_11.6.0_8187/ide/plugins/com.nxp.mcuxpresso.tools.win32_11.6.0.202112161359/tools/bin/../lib/gcc/arm-none-eabi/10.3.1/thumb/v7-m/nofp\libgcc.a
END GROUP
                0x00000000                __base_MFlash512 = 0x0
                0x00000000                __base_Flash = 0x0
                0x00080000                __top_MFlash512 = 0x80000
                0x00080000                __top_Flash = 0x80000
                0x10000000                __base_RamLoc32 = 0x10000000
                0x10000000                __base_RAM = 0x10000000
                0x10008000                __top_RamLoc32 = 0x10008000
                0x10008000                __top_RAM = 0x10008000
                0x2007c000                __base_RamAHB32 = 0x2007c000
                0x2007c000                __base_RAM2 = 0x2007c000
                0x20084000                __top_RamAHB32 = 0x20084000
                0x20084000                __top_RAM2 = 0x20084000

.text           0x00000000     0xf834
 FILL mask 0xff
                0x00000000                __vectors_start__ = ABSOLUTE (.)
 *(.isr_vector)
 .isr_vector    0x00000000       0xcc ./example/src/cr_startup_lpc175x_6x.o
                0x00000000                g_pfnVectors
                0x000000cc                . = ALIGN (0x4)
                0x000000cc                __section_table_start = .
                0x000000cc                __data_section_table = .
                0x000000cc        0x4 LONG 0xf834 LOADADDR (.data)
                0x000000d0        0x4 LONG 0x10000000 ADDR (.data)
                0x000000d4        0x4 LONG 0x10 SIZEOF (.data)
                0x000000d8        0x4 LONG 0xf834 LOADADDR (.data_RAM2)
                0x000000dc        0x4 LONG 0x2007c000 ADDR (.data_RAM2)
                0x000000e0        0x4 LONG 0x0 SIZEOF (.data_RAM2)
                0x000000e4                __data_section_table_end = .
                0x000000e4                __bss_section_table = .
                0x000000e4        0x4 LONG 0x10000010 ADDR (.bss)
                0x000000e8        0x4 LONG 0x7494 SIZEOF (.bss)
                0x000000ec        0x4 LONG 0x2007c000 ADDR (.bss_RAM2)
                0x000000f0        0x4 LONG 0x0 SIZEOF (.bss_RAM2)
                0x000000f4                __bss_section_table_end = .
                0x000000f4                __section_table_end = .
 *(.after_vectors*)
 .after_vectors
                0x000000f4      0x130 ./example/src/cr_startup_lpc175x_6x.o
                0x000000f4                data_init
                0x00000138                bss_init
                0x00000170                ResetISR
                0x000001e8                NMI_Handler
                0x000001ee                HardFault_Handler
                0x000001f4                MemManage_Handler
                0x000001fa                BusFault_Handler
                0x00000200                UsageFault_Handler
                0x00000206                SVC_Handler
                0x0000020c                DebugMon_Handler
                0x00000212                PendSV_Handler
                0x0000021e                UART1_IRQHandler
                0x0000021e                EINT3_IRQHandler
                0x0000021e                CANActivity_IRQHandler
                0x0000021e                TIMER3_IRQHandler
                0x0000021e                UART0_IRQHandler
                0x0000021e                USBActivity_IRQHandler
                0x0000021e                EINT2_IRQHandler
                0x0000021e                IntDefaultHandler
                0x0000021e                PLL0_IRQHandler
                0x0000021e                CAN_IRQHandler
                0x0000021e                I2C0_IRQHandler
                0x0000021e                SSP0_IRQHandler
                0x0000021e                I2C1_IRQHandler
                0x0000021e                I2C2_IRQHandler
                0x0000021e                RTC_IRQHandler
                0x0000021e                TIMER0_IRQHandler
                0x0000021e                SPI_IRQHandler
                0x0000021e                RIT_IRQHandler
                0x0000021e                EINT1_IRQHandler
                0x0000021e                TIMER1_IRQHandler
                0x0000021e                UART2_IRQHandler
                0x0000021e                ADC_IRQHandler
                0x0000021e                SSP1_IRQHandler
                0x0000021e                USB_IRQHandler
                0x0000021e                BOD_IRQHandler
                0x0000021e                PWM1_IRQHandler
                0x0000021e                WDT_IRQHandler
                0x0000021e                I2S_IRQHandler
                0x0000021e                QEI_IRQHandler
                0x0000021e                EINT0_IRQHandler
                0x0000021e                PLL1_IRQHandler
                0x0000021e                DMA_IRQHandler
                0x0000021e                TIMER2_IRQHandler
                0x0000021e                UART3_IRQHandler
                0x0000021e                MCPWM_IRQHandler
 *(.text*)
 .text.etharp_free_entry
                0x00000224       0x64 ./lwip/src/netif/etharp.o
 .text.etharp_tmr
                0x00000288       0xe0 ./lwip/src/netif/etharp.o
                0x00000288                etharp_tmr
 .text.etharp_find_entry
                0x00000368      0x248 ./lwip/src/netif/etharp.o
 .text.etharp_send_ip
                0x000005b0       0x5e ./lwip/src/netif/etharp.o
 *fill*         0x0000060e        0x2 ff
 .text.etharp_update_arp_entry
                0x00000610      0x12c ./lwip/src/netif/etharp.o
 .text.etharp_cleanup_netif
                0x0000073c       0x64 ./lwip/src/netif/etharp.o
                0x0000073c                etharp_cleanup_netif
 .text.etharp_arp_input
                0x000007a0      0x196 ./lwip/src/netif/etharp.o
 *fill*         0x00000936        0x2 ff
 .text.etharp_output_to_arp_index
                0x00000938       0xb8 ./lwip/src/netif/etharp.o
 .text.etharp_output
                0x000009f0      0x1b8 ./lwip/src/netif/etharp.o
                0x000009f0                etharp_output
 .text.etharp_query
                0x00000ba8      0x24c ./lwip/src/netif/etharp.o
                0x00000ba8                etharp_query
 .text.etharp_raw
                0x00000df4      0x11a ./lwip/src/netif/etharp.o
 *fill*         0x00000f0e        0x2 ff
 .text.etharp_request
                0x00000f10       0x44 ./lwip/src/netif/etharp.o
                0x00000f10                etharp_request
 .text.ethernet_input
                0x00000f54      0x100 ./lwip/src/netif/etharp.o
                0x00000f54                ethernet_input
 .text.icmp_input
                0x00001054      0x214 ./lwip/src/core/ipv4/icmp.o
                0x00001054                icmp_input
 .text.icmp_dest_unreach
                0x00001268       0x20 ./lwip/src/core/ipv4/icmp.o
                0x00001268                icmp_dest_unreach
 .text.icmp_time_exceeded
                0x00001288       0x20 ./lwip/src/core/ipv4/icmp.o
                0x00001288                icmp_time_exceeded
 .text.icmp_send_response
                0x000012a8       0xb8 ./lwip/src/core/ipv4/icmp.o
 .text.lwip_standard_chksum
                0x00001360       0x9a ./lwip/src/core/ipv4/inet_chksum.o
 .text.inet_chksum_pseudo
                0x000013fa      0x10c ./lwip/src/core/ipv4/inet_chksum.o
                0x000013fa                inet_chksum_pseudo
 .text.inet_chksum_pseudo_partial
                0x00001506      0x138 ./lwip/src/core/ipv4/inet_chksum.o
                0x00001506                inet_chksum_pseudo_partial
 .text.inet_chksum
                0x0000163e       0x24 ./lwip/src/core/ipv4/inet_chksum.o
                0x0000163e                inet_chksum
 .text.inet_chksum_pbuf
                0x00001662       0x94 ./lwip/src/core/ipv4/inet_chksum.o
                0x00001662                inet_chksum_pbuf
 .text.lwip_chksum_copy
                0x000016f6       0x2e ./lwip/src/core/ipv4/inet_chksum.o
                0x000016f6                lwip_chksum_copy
 .text.ip_route
                0x00001724       0x78 ./lwip/src/core/ipv4/ip.o
                0x00001724                ip_route
 .text.ip_input
                0x0000179c      0x264 ./lwip/src/core/ipv4/ip.o
                0x0000179c                ip_input
 .text.ip_output_if
                0x00001a00      0x1c0 ./lwip/src/core/ipv4/ip.o
                0x00001a00                ip_output_if
 .text.ip_output
                0x00001bc0       0x56 ./lwip/src/core/ipv4/ip.o
                0x00001bc0                ip_output
 .text.ip4_addr_isbroadcast
                0x00001c16       0x76 ./lwip/src/core/ipv4/ip_addr.o
                0x00001c16                ip4_addr_isbroadcast
 .text.ipaddr_ntoa_r
                0x00001c8c      0x100 ./lwip/src/core/ipv4/ip_addr.o
                0x00001c8c                ipaddr_ntoa_r
 .text.ip_reass_tmr
                0x00001d8c       0x58 ./lwip/src/core/ipv4/ip_frag.o
                0x00001d8c                ip_reass_tmr
 .text.ip_reass_free_complete_datagram
                0x00001de4      0x10c ./lwip/src/core/ipv4/ip_frag.o
 .text.ip_reass_remove_oldest_datagram
                0x00001ef0       0xb8 ./lwip/src/core/ipv4/ip_frag.o
 .text.ip_reass_enqueue_new_datagram
                0x00001fa8       0x74 ./lwip/src/core/ipv4/ip_frag.o
 .text.ip_reass_dequeue_datagram
                0x0000201c       0x44 ./lwip/src/core/ipv4/ip_frag.o
 .text.ip_reass_chain_frag_into_datagram_and_validate
                0x00002060      0x254 ./lwip/src/core/ipv4/ip_frag.o
 .text.ip_reass
                0x000022b4      0x248 ./lwip/src/core/ipv4/ip_frag.o
                0x000022b4                ip_reass
 .text.ip_frag_alloc_pbuf_custom_ref
                0x000024fc       0x10 ./lwip/src/core/ipv4/ip_frag.o
 .text.ip_frag_free_pbuf_custom_ref
                0x0000250c       0x22 ./lwip/src/core/ipv4/ip_frag.o
 .text.ipfrag_free_pbuf_custom
                0x0000252e       0x42 ./lwip/src/core/ipv4/ip_frag.o
 .text.ip_frag  0x00002570      0x20c ./lwip/src/core/ipv4/ip_frag.o
                0x00002570                ip_frag
 .text.lwip_htons
                0x0000277c       0x28 ./lwip/src/core/def.o
                0x0000277c                lwip_htons
 .text.lwip_ntohs
                0x000027a4       0x1c ./lwip/src/core/def.o
                0x000027a4                lwip_ntohs
 .text.lwip_htonl
                0x000027c0       0x30 ./lwip/src/core/def.o
                0x000027c0                lwip_htonl
 .text.lwip_ntohl
                0x000027f0       0x18 ./lwip/src/core/def.o
                0x000027f0                lwip_ntohl
 .text.dhcp_handle_nak
                0x00002808       0x48 ./lwip/src/core/dhcp.o
 .text.dhcp_check
                0x00002850       0x60 ./lwip/src/core/dhcp.o
 .text.dhcp_handle_offer
                0x000028b0       0x48 ./lwip/src/core/dhcp.o
 .text.dhcp_select
                0x000028f8      0x13c ./lwip/src/core/dhcp.o
 .text.dhcp_coarse_tmr
                0x00002a34       0x60 ./lwip/src/core/dhcp.o
                0x00002a34                dhcp_coarse_tmr
 .text.dhcp_fine_tmr
                0x00002a94       0x64 ./lwip/src/core/dhcp.o
                0x00002a94                dhcp_fine_tmr
 .text.dhcp_timeout
                0x00002af8       0xc8 ./lwip/src/core/dhcp.o
 .text.dhcp_t1_timeout
                0x00002bc0       0x34 ./lwip/src/core/dhcp.o
 .text.dhcp_t2_timeout
                0x00002bf4       0x34 ./lwip/src/core/dhcp.o
 .text.dhcp_handle_ack
                0x00002c28       0xb8 ./lwip/src/core/dhcp.o
 .text.dhcp_start
                0x00002ce0      0x148 ./lwip/src/core/dhcp.o
                0x00002ce0                dhcp_start
 .text.dhcp_network_changed
                0x00002e28       0x5c ./lwip/src/core/dhcp.o
                0x00002e28                dhcp_network_changed
 .text.dhcp_arp_reply
                0x00002e84       0x42 ./lwip/src/core/dhcp.o
                0x00002e84                dhcp_arp_reply
 *fill*         0x00002ec6        0x2 ff
 .text.dhcp_decline
                0x00002ec8       0xc0 ./lwip/src/core/dhcp.o
 .text.dhcp_discover
                0x00002f88      0x100 ./lwip/src/core/dhcp.o
 .text.dhcp_bind
                0x00003088      0x150 ./lwip/src/core/dhcp.o
 .text.dhcp_renew
                0x000031d8       0xdc ./lwip/src/core/dhcp.o
                0x000031d8                dhcp_renew
 .text.dhcp_rebind
                0x000032b4       0xdc ./lwip/src/core/dhcp.o
 .text.dhcp_reboot
                0x00003390       0xf0 ./lwip/src/core/dhcp.o
 .text.dhcp_release
                0x00003480      0x10c ./lwip/src/core/dhcp.o
                0x00003480                dhcp_release
 .text.dhcp_stop
                0x0000358c       0x64 ./lwip/src/core/dhcp.o
                0x0000358c                dhcp_stop
 .text.dhcp_set_state
                0x000035f0       0x32 ./lwip/src/core/dhcp.o
 .text.dhcp_option
                0x00003622       0x5c ./lwip/src/core/dhcp.o
 .text.dhcp_option_byte
                0x0000367e       0x38 ./lwip/src/core/dhcp.o
 .text.dhcp_option_short
                0x000036b6       0x5e ./lwip/src/core/dhcp.o
 .text.dhcp_option_long
                0x00003714       0x96 ./lwip/src/core/dhcp.o
 .text.dhcp_option_hostname
                0x000037aa       0x7c ./lwip/src/core/dhcp.o
 *fill*         0x00003826        0x2 ff
 .text.dhcp_parse_reply
                0x00003828      0x48c ./lwip/src/core/dhcp.o
 .text.dhcp_recv
                0x00003cb4      0x160 ./lwip/src/core/dhcp.o
 .text.dhcp_create_msg
                0x00003e14      0x258 ./lwip/src/core/dhcp.o
 .text.dhcp_delete_msg
                0x0000406c       0x50 ./lwip/src/core/dhcp.o
 .text.dhcp_option_trailer
                0x000040bc       0x80 ./lwip/src/core/dhcp.o
 .text.lwip_init
                0x0000413c       0x20 ./lwip/src/core/init.o
                0x0000413c                lwip_init
 .text.plug_holes
                0x0000415c       0xf0 ./lwip/src/core/mem.o
 .text.mem_init
                0x0000424c       0x78 ./lwip/src/core/mem.o
                0x0000424c                mem_init
 .text.mem_free
                0x000042c4       0x90 ./lwip/src/core/mem.o
                0x000042c4                mem_free
 .text.mem_trim
                0x00004354      0x194 ./lwip/src/core/mem.o
                0x00004354                mem_trim
 .text.mem_malloc
                0x000044e8      0x190 ./lwip/src/core/mem.o
                0x000044e8                mem_malloc
 .text.memp_init
                0x00004678       0x9c ./lwip/src/core/memp.o
                0x00004678                memp_init
 .text.memp_malloc
                0x00004714       0x50 ./lwip/src/core/memp.o
                0x00004714                memp_malloc
 .text.memp_free
                0x00004764       0x48 ./lwip/src/core/memp.o
                0x00004764                memp_free
 .text.netif_init
                0x000047ac        0xc ./lwip/src/core/netif.o
                0x000047ac                netif_init
 .text.netif_add
                0x000047b8       0x94 ./lwip/src/core/netif.o
                0x000047b8                netif_add
 .text.netif_set_addr
                0x0000484c       0x2e ./lwip/src/core/netif.o
                0x0000484c                netif_set_addr
 *fill*         0x0000487a        0x2 ff
 .text.netif_set_ipaddr
                0x0000487c       0xb0 ./lwip/src/core/netif.o
                0x0000487c                netif_set_ipaddr
 .text.netif_set_gw
                0x0000492c       0x26 ./lwip/src/core/netif.o
                0x0000492c                netif_set_gw
 .text.netif_set_netmask
                0x00004952       0x26 ./lwip/src/core/netif.o
                0x00004952                netif_set_netmask
 .text.netif_set_default
                0x00004978       0x1c ./lwip/src/core/netif.o
                0x00004978                netif_set_default
 .text.netif_set_up
                0x00004994       0x58 ./lwip/src/core/netif.o
                0x00004994                netif_set_up
 .text.netif_set_down
                0x000049ec       0x44 ./lwip/src/core/netif.o
                0x000049ec                netif_set_down
 .text.netif_set_link_up
                0x00004a30       0x66 ./lwip/src/core/netif.o
                0x00004a30                netif_set_link_up
 .text.netif_set_link_down
                0x00004a96       0x32 ./lwip/src/core/netif.o
                0x00004a96                netif_set_link_down
 .text.pbuf_free_ooseq
                0x00004ac8       0x48 ./lwip/src/core/pbuf.o
                0x00004ac8                pbuf_free_ooseq
 .text.pbuf_pool_is_empty
                0x00004b10       0x18 ./lwip/src/core/pbuf.o
 .text.pbuf_alloc
                0x00004b28      0x290 ./lwip/src/core/pbuf.o
                0x00004b28                pbuf_alloc
 .text.pbuf_alloced_custom
                0x00004db8       0xb4 ./lwip/src/core/pbuf.o
                0x00004db8                pbuf_alloced_custom
 .text.pbuf_realloc
                0x00004e6c      0x100 ./lwip/src/core/pbuf.o
                0x00004e6c                pbuf_realloc
 .text.pbuf_header
                0x00004f6c       0xec ./lwip/src/core/pbuf.o
                0x00004f6c                pbuf_header
 .text.pbuf_free
                0x00005058       0xe8 ./lwip/src/core/pbuf.o
                0x00005058                pbuf_free
 .text.pbuf_clen
                0x00005140       0x2c ./lwip/src/core/pbuf.o
                0x00005140                pbuf_clen
 .text.pbuf_ref
                0x0000516c       0x24 ./lwip/src/core/pbuf.o
                0x0000516c                pbuf_ref
 .text.pbuf_cat
                0x00005190       0x78 ./lwip/src/core/pbuf.o
                0x00005190                pbuf_cat
 .text.pbuf_chain
                0x00005208       0x20 ./lwip/src/core/pbuf.o
                0x00005208                pbuf_chain
 .text.pbuf_copy
                0x00005228      0x13c ./lwip/src/core/pbuf.o
                0x00005228                pbuf_copy
 .text.pbuf_copy_partial
                0x00005364       0xd0 ./lwip/src/core/pbuf.o
                0x00005364                pbuf_copy_partial
 .text.raw_input
                0x00005434       0xdc ./lwip/src/core/raw.o
                0x00005434                raw_input
 .text.tcp_init
                0x00005510        0xc ./lwip/src/core/tcp.o
                0x00005510                tcp_init
 .text.tcp_tmr  0x0000551c       0x2c ./lwip/src/core/tcp.o
                0x0000551c                tcp_tmr
 .text.tcp_close_shutdown
                0x00005548      0x264 ./lwip/src/core/tcp.o
 .text.tcp_close
                0x000057ac       0x30 ./lwip/src/core/tcp.o
                0x000057ac                tcp_close
 .text.tcp_abandon
                0x000057dc       0xe0 ./lwip/src/core/tcp.o
                0x000057dc                tcp_abandon
 .text.tcp_abort
                0x000058bc       0x18 ./lwip/src/core/tcp.o
                0x000058bc                tcp_abort
 .text.tcp_bind
                0x000058d4       0xe4 ./lwip/src/core/tcp.o
                0x000058d4                tcp_bind
 .text.tcp_accept_null
                0x000059b8       0x1c ./lwip/src/core/tcp.o
 .text.tcp_listen_with_backlog
                0x000059d4      0x118 ./lwip/src/core/tcp.o
                0x000059d4                tcp_listen_with_backlog
 .text.tcp_update_rcv_ann_wnd
                0x00005aec       0x84 ./lwip/src/core/tcp.o
                0x00005aec                tcp_update_rcv_ann_wnd
 .text.tcp_recved
                0x00005b70       0x7e ./lwip/src/core/tcp.o
                0x00005b70                tcp_recved
 *fill*         0x00005bee        0x2 ff
 .text.tcp_new_port
                0x00005bf0       0x88 ./lwip/src/core/tcp.o
 .text.tcp_slowtmr
                0x00005c78      0x4cc ./lwip/src/core/tcp.o
                0x00005c78                tcp_slowtmr
 .text.tcp_fasttmr
                0x00006144       0xa4 ./lwip/src/core/tcp.o
                0x00006144                tcp_fasttmr
 .text.tcp_process_refused_data
                0x000061e8       0xce ./lwip/src/core/tcp.o
                0x000061e8                tcp_process_refused_data
 .text.tcp_segs_free
                0x000062b6       0x2a ./lwip/src/core/tcp.o
                0x000062b6                tcp_segs_free
 .text.tcp_seg_free
                0x000062e0       0x30 ./lwip/src/core/tcp.o
                0x000062e0                tcp_seg_free
 .text.tcp_setprio
                0x00006310       0x1c ./lwip/src/core/tcp.o
                0x00006310                tcp_setprio
 .text.tcp_seg_copy
                0x0000632c       0x38 ./lwip/src/core/tcp.o
                0x0000632c                tcp_seg_copy
 .text.tcp_recv_null
                0x00006364       0x44 ./lwip/src/core/tcp.o
                0x00006364                tcp_recv_null
 .text.tcp_kill_prio
                0x000063a8       0x80 ./lwip/src/core/tcp.o
 .text.tcp_kill_timewait
                0x00006428       0x60 ./lwip/src/core/tcp.o
 .text.tcp_alloc
                0x00006488      0x118 ./lwip/src/core/tcp.o
                0x00006488                tcp_alloc
 .text.tcp_new  0x000065a0       0x10 ./lwip/src/core/tcp.o
                0x000065a0                tcp_new
 .text.tcp_arg  0x000065b0       0x1a ./lwip/src/core/tcp.o
                0x000065b0                tcp_arg
 .text.tcp_recv
                0x000065ca       0x26 ./lwip/src/core/tcp.o
                0x000065ca                tcp_recv
 .text.tcp_sent
                0x000065f0       0x24 ./lwip/src/core/tcp.o
                0x000065f0                tcp_sent
 .text.tcp_err  0x00006614       0x26 ./lwip/src/core/tcp.o
                0x00006614                tcp_err
 .text.tcp_accept
                0x0000663a       0x1a ./lwip/src/core/tcp.o
                0x0000663a                tcp_accept
 .text.tcp_poll
                0x00006654       0x32 ./lwip/src/core/tcp.o
                0x00006654                tcp_poll
 .text.tcp_pcb_purge
                0x00006686       0x82 ./lwip/src/core/tcp.o
                0x00006686                tcp_pcb_purge
 .text.tcp_pcb_remove
                0x00006708       0xd0 ./lwip/src/core/tcp.o
                0x00006708                tcp_pcb_remove
 .text.tcp_next_iss
                0x000067d8       0x28 ./lwip/src/core/tcp.o
                0x000067d8                tcp_next_iss
 .text.tcp_eff_send_mss
                0x00006800       0x40 ./lwip/src/core/tcp.o
                0x00006800                tcp_eff_send_mss
 .text.tcp_input
                0x00006840      0x684 ./lwip/src/core/tcp_in.o
                0x00006840                tcp_input
 .text.tcp_listen_input
                0x00006ec4      0x194 ./lwip/src/core/tcp_in.o
 .text.tcp_timewait_input
                0x00007058       0xd4 ./lwip/src/core/tcp_in.o
 .text.tcp_process
                0x0000712c      0x6f4 ./lwip/src/core/tcp_in.o
 .text.tcp_oos_insert_segment
                0x00007820       0xec ./lwip/src/core/tcp_in.o
 .text.tcp_receive
                0x0000790c      0xf74 ./lwip/src/core/tcp_in.o
 .text.tcp_parseopt
                0x00008880      0x108 ./lwip/src/core/tcp_in.o
 .text.tcp_output_alloc_header
                0x00008988       0xe0 ./lwip/src/core/tcp_out.o
 .text.tcp_send_fin
                0x00008a68       0x7e ./lwip/src/core/tcp_out.o
                0x00008a68                tcp_send_fin
 .text.tcp_create_segment
                0x00008ae6      0x11a ./lwip/src/core/tcp_out.o
 .text.tcp_pbuf_prealloc
                0x00008c00       0xae ./lwip/src/core/tcp_out.o
 .text.tcp_seg_add_chksum
                0x00008cae       0x66 ./lwip/src/core/tcp_out.o
 .text.tcp_write_checks
                0x00008d14       0xc6 ./lwip/src/core/tcp_out.o
 .text.tcp_write
                0x00008dda      0x5f6 ./lwip/src/core/tcp_out.o
                0x00008dda                tcp_write
 .text.tcp_enqueue_flags
                0x000093d0      0x1d4 ./lwip/src/core/tcp_out.o
                0x000093d0                tcp_enqueue_flags
 .text.tcp_send_empty_ack
                0x000095a4       0x90 ./lwip/src/core/tcp_out.o
                0x000095a4                tcp_send_empty_ack
 .text.tcp_output
                0x00009634      0x2c4 ./lwip/src/core/tcp_out.o
                0x00009634                tcp_output
 .text.tcp_output_segment
                0x000098f8      0x210 ./lwip/src/core/tcp_out.o
 .text.tcp_rst  0x00009b08       0xde ./lwip/src/core/tcp_out.o
                0x00009b08                tcp_rst
 .text.tcp_rexmit_rto
                0x00009be6       0x62 ./lwip/src/core/tcp_out.o
                0x00009be6                tcp_rexmit_rto
 .text.tcp_rexmit
                0x00009c48       0x96 ./lwip/src/core/tcp_out.o
                0x00009c48                tcp_rexmit
 .text.tcp_rexmit_fast
                0x00009cde       0xa6 ./lwip/src/core/tcp_out.o
                0x00009cde                tcp_rexmit_fast
 .text.tcp_keepalive
                0x00009d84       0x72 ./lwip/src/core/tcp_out.o
                0x00009d84                tcp_keepalive
 .text.tcp_zero_window_probe
                0x00009df6      0x108 ./lwip/src/core/tcp_out.o
                0x00009df6                tcp_zero_window_probe
 *fill*         0x00009efe        0x2 ff
 .text.tcpip_tcp_timer
                0x00009f00       0x48 ./lwip/src/core/timers.o
 .text.tcp_timer_needed
                0x00009f48       0x40 ./lwip/src/core/timers.o
                0x00009f48                tcp_timer_needed
 .text.ip_reass_timer
                0x00009f88       0x24 ./lwip/src/core/timers.o
 .text.arp_timer
                0x00009fac       0x24 ./lwip/src/core/timers.o
 .text.dhcp_timer_coarse
                0x00009fd0       0x24 ./lwip/src/core/timers.o
 .text.dhcp_timer_fine
                0x00009ff4       0x24 ./lwip/src/core/timers.o
 .text.sys_timeouts_init
                0x0000a018       0x58 ./lwip/src/core/timers.o
                0x0000a018                sys_timeouts_init
 .text.sys_timeout
                0x0000a070       0xec ./lwip/src/core/timers.o
                0x0000a070                sys_timeout
 .text.sys_check_timeouts
                0x0000a15c       0x9c ./lwip/src/core/timers.o
                0x0000a15c                sys_check_timeouts
 .text.udp_init
                0x0000a1f8        0xc ./lwip/src/core/udp.o
                0x0000a1f8                udp_init
 .text.udp_new_port
                0x0000a204       0x70 ./lwip/src/core/udp.o
 .text.udp_input
                0x0000a274      0x2cc ./lwip/src/core/udp.o
                0x0000a274                udp_input
 .text.udp_sendto_if
                0x0000a540       0x32 ./lwip/src/core/udp.o
                0x0000a540                udp_sendto_if
 .text.udp_sendto_if_chksum
                0x0000a572      0x1d6 ./lwip/src/core/udp.o
                0x0000a572                udp_sendto_if_chksum
 .text.udp_bind
                0x0000a748       0xcc ./lwip/src/core/udp.o
                0x0000a748                udp_bind
 .text.udp_connect
                0x0000a814       0x98 ./lwip/src/core/udp.o
                0x0000a814                udp_connect
 .text.udp_recv
                0x0000a8ac       0x22 ./lwip/src/core/udp.o
                0x0000a8ac                udp_recv
 *fill*         0x0000a8ce        0x2 ff
 .text.udp_remove
                0x0000a8d0       0x60 ./lwip/src/core/udp.o
                0x0000a8d0                udp_remove
 .text.udp_new  0x0000a930       0x2e ./lwip/src/core/udp.o
                0x0000a930                udp_new
 *fill*         0x0000a95e        0x2 ff
 .text.NVIC_DisableIRQ
                0x0000a960       0x34 ./lwip/src/arch/lpc17xx_40xx_emac.o
 .text.Chip_ENET_SetADDR
                0x0000a994       0x4e ./lwip/src/arch/lpc17xx_40xx_emac.o
 .text.Chip_ENET_TXEnable
                0x0000a9e2       0x22 ./lwip/src/arch/lpc17xx_40xx_emac.o
 .text.Chip_ENET_RXEnable
                0x0000aa04       0x2e ./lwip/src/arch/lpc17xx_40xx_emac.o
 .text.Chip_ENET_RXDisable
                0x0000aa32       0x2e ./lwip/src/arch/lpc17xx_40xx_emac.o
 .text.Chip_ENET_ResetRXLogic
                0x0000aa60       0x1e ./lwip/src/arch/lpc17xx_40xx_emac.o
 .text.Chip_ENET_EnableRXFilter
                0x0000aa7e       0x34 ./lwip/src/arch/lpc17xx_40xx_emac.o
 .text.Chip_ENET_GetTXProduceIndex
                0x0000aab2       0x1a ./lwip/src/arch/lpc17xx_40xx_emac.o
 .text.Chip_ENET_GetTXConsumeIndex
                0x0000aacc       0x1a ./lwip/src/arch/lpc17xx_40xx_emac.o
 .text.Chip_ENET_GetRXConsumeIndex
                0x0000aae6       0x1a ./lwip/src/arch/lpc17xx_40xx_emac.o
 .text.Chip_ENET_GetFreeDescNum
                0x0000ab00       0x36 ./lwip/src/arch/lpc17xx_40xx_emac.o
 .text.Chip_ENET_IsRxEmpty
                0x0000ab36       0x2c ./lwip/src/arch/lpc17xx_40xx_emac.o
 .text.Chip_ENET_EnableInt
                0x0000ab62       0x24 ./lwip/src/arch/lpc17xx_40xx_emac.o
 .text.Chip_ENET_GetIntStatus
                0x0000ab86       0x18 ./lwip/src/arch/lpc17xx_40xx_emac.o
 .text.Chip_ENET_ClearIntStatus
                0x0000ab9e       0x1c ./lwip/src/arch/lpc17xx_40xx_emac.o
 .text.lpc_rxqueue_pbuf
                0x0000abba       0x94 ./lwip/src/arch/lpc17xx_40xx_emac.o
 .text.lpc_rx_setup
                0x0000ac4e       0x3e ./lwip/src/arch/lpc17xx_40xx_emac.o
 .text.lpc_low_level_input
                0x0000ac8c      0x178 ./lwip/src/arch/lpc17xx_40xx_emac.o
 .text.lpc_packet_addr_notsafe
                0x0000ae04       0x58 ./lwip/src/arch/lpc17xx_40xx_emac.o
 .text.lpc_tx_setup
                0x0000ae5c       0x5e ./lwip/src/arch/lpc17xx_40xx_emac.o
 .text.lpc_tx_reclaim_st
                0x0000aeba       0x7e ./lwip/src/arch/lpc17xx_40xx_emac.o
 .text.lpc_low_level_output
                0x0000af38      0x180 ./lwip/src/arch/lpc17xx_40xx_emac.o
 .text.low_level_init
                0x0000b0b8       0xb0 ./lwip/src/arch/lpc17xx_40xx_emac.o
 .text.lpc_etharp_output
                0x0000b168       0x34 ./lwip/src/arch/lpc17xx_40xx_emac.o
 .text.lpc_rx_queue
                0x0000b19c       0x5e ./lwip/src/arch/lpc17xx_40xx_emac.o
                0x0000b19c                lpc_rx_queue
 .text.lpc_enetif_input
                0x0000b1fa       0x64 ./lwip/src/arch/lpc17xx_40xx_emac.o
                0x0000b1fa                lpc_enetif_input
 .text.lpc_tx_reclaim
                0x0000b25e       0x26 ./lwip/src/arch/lpc17xx_40xx_emac.o
                0x0000b25e                lpc_tx_reclaim
 .text.lpc_tx_ready
                0x0000b284       0x3c ./lwip/src/arch/lpc17xx_40xx_emac.o
                0x0000b284                lpc_tx_ready
 .text.ETH_IRQHandler
                0x0000b2c0        0xe ./lwip/src/arch/lpc17xx_40xx_emac.o
                0x0000b2c0                ETH_IRQHandler
 *fill*         0x0000b2ce        0x2 ff
 .text.lpc_enetif_init
                0x0000b2d0       0x94 ./lwip/src/arch/lpc17xx_40xx_emac.o
                0x0000b2d0                lpc_enetif_init
 .text.NVIC_SetPriority
                0x0000b364       0x54 ./lwip/src/arch/lpc17xx_40xx_systick_arch.o
 .text.SysTick_Config
                0x0000b3b8       0x44 ./lwip/src/arch/lpc17xx_40xx_systick_arch.o
 .text.SysTick_Enable
                0x0000b3fc       0x3c ./lwip/src/arch/lpc17xx_40xx_systick_arch.o
                0x0000b3fc                SysTick_Enable
 .text.SysTick_Handler
                0x0000b438       0x24 ./lwip/src/arch/lpc17xx_40xx_systick_arch.o
                0x0000b438                SysTick_Handler
 .text.SysTick_GetMS
                0x0000b45c       0x14 ./lwip/src/arch/lpc17xx_40xx_systick_arch.o
                0x0000b45c                SysTick_GetMS
 .text.msDelay  0x0000b470       0x30 ./lwip/src/arch/lpc17xx_40xx_systick_arch.o
                0x0000b470                msDelay
 .text.sys_now  0x0000b4a0        0xe ./lwip/src/arch/lpc17xx_40xx_systick_arch.o
                0x0000b4a0                sys_now
 .text.assert_loop
                0x0000b4ae        0x6 ./lwip/src/arch/lpc_debug.o
                0x0000b4ae                assert_loop
 .text.echo_init
                0x0000b4b4       0x64 ./example/src/echo.o
                0x0000b4b4                echo_init
 .text.echo_accept
                0x0000b518       0x80 ./example/src/echo.o
                0x0000b518                echo_accept
 .text.echo_recv
                0x0000b598      0x128 ./example/src/echo.o
                0x0000b598                echo_recv
 .text.echo_error
                0x0000b6c0       0x24 ./example/src/echo.o
                0x0000b6c0                echo_error
 .text.echo_poll
                0x0000b6e4       0x60 ./example/src/echo.o
                0x0000b6e4                echo_poll
 .text.echo_sent
                0x0000b744       0x50 ./example/src/echo.o
                0x0000b744                echo_sent
 .text.echo_send
                0x0000b794       0xa6 ./example/src/echo.o
                0x0000b794                echo_send
 .text.echo_close
                0x0000b83a       0x4e ./example/src/echo.o
                0x0000b83a                echo_close
 .text.iperf_server_init
                0x0000b888       0x68 ./example/src/iperf_server.o
                0x0000b888                iperf_server_init
 .text.iperfserver_accept
                0x0000b8f0       0x74 ./example/src/iperf_server.o
 .text.iperfserver_recv
                0x0000b964       0xd4 ./example/src/iperf_server.o
 .text.iperfserver_error
                0x0000ba38       0x24 ./example/src/iperf_server.o
 .text.iperfserver_close
                0x0000ba5c       0x44 ./example/src/iperf_server.o
 .text.Chip_ENET_Set100Mbps
                0x0000baa0       0x1a ./example/src/main.o
 .text.Chip_ENET_Set10Mbps
                0x0000baba       0x18 ./example/src/main.o
 .text.prvSetupHardware
                0x0000bad2       0x1e ./example/src/main.o
 .text.main     0x0000baf0      0x170 ./example/src/main.o
                0x0000baf0                main
 .text.SystemInit
                0x0000bc60       0x24 ./example/src/sysinit.o
                0x0000bc60                SystemInit
 .text.Chip_IOCON_Init
                0x0000bc84       0x16 C:\Users\Checkout\Documents\MCUXpressoIDE_11.6.0_8187\workspace\lpc_board_nxp_lpcxpresso_1769\Debug\liblpc_board_nxp_lpcxpresso_1769.a(board.o)
 .text.Chip_GPIO_Init
                0x0000bc9a       0x16 C:\Users\Checkout\Documents\MCUXpressoIDE_11.6.0_8187\workspace\lpc_board_nxp_lpcxpresso_1769\Debug\liblpc_board_nxp_lpcxpresso_1769.a(board.o)
 .text.Chip_GPIO_SetPinState
                0x0000bcb0       0x64 C:\Users\Checkout\Documents\MCUXpressoIDE_11.6.0_8187\workspace\lpc_board_nxp_lpcxpresso_1769\Debug\liblpc_board_nxp_lpcxpresso_1769.a(board.o)
 .text.Chip_GPIO_WritePortBit
                0x0000bd14       0x2c C:\Users\Checkout\Documents\MCUXpressoIDE_11.6.0_8187\workspace\lpc_board_nxp_lpcxpresso_1769\Debug\liblpc_board_nxp_lpcxpresso_1769.a(board.o)
 .text.Chip_GPIO_SetPinDIROutput
                0x0000bd40       0x36 C:\Users\Checkout\Documents\MCUXpressoIDE_11.6.0_8187\workspace\lpc_board_nxp_lpcxpresso_1769\Debug\liblpc_board_nxp_lpcxpresso_1769.a(board.o)
 .text.Chip_GPIO_SetPinDIRInput
                0x0000bd76       0x3a C:\Users\Checkout\Documents\MCUXpressoIDE_11.6.0_8187\workspace\lpc_board_nxp_lpcxpresso_1769\Debug\liblpc_board_nxp_lpcxpresso_1769.a(board.o)
 .text.Chip_GPIO_SetPinDIR
                0x0000bdb0       0x42 C:\Users\Checkout\Documents\MCUXpressoIDE_11.6.0_8187\workspace\lpc_board_nxp_lpcxpresso_1769\Debug\liblpc_board_nxp_lpcxpresso_1769.a(board.o)
 .text.Chip_GPIO_WriteDirBit
                0x0000bdf2       0x2e C:\Users\Checkout\Documents\MCUXpressoIDE_11.6.0_8187\workspace\lpc_board_nxp_lpcxpresso_1769\Debug\liblpc_board_nxp_lpcxpresso_1769.a(board.o)
 .text.Chip_UART_SendByte
                0x0000be20       0x1c C:\Users\Checkout\Documents\MCUXpressoIDE_11.6.0_8187\workspace\lpc_board_nxp_lpcxpresso_1769\Debug\liblpc_board_nxp_lpcxpresso_1769.a(board.o)
 .text.Chip_UART_ConfigData
                0x0000be3c       0x1a C:\Users\Checkout\Documents\MCUXpressoIDE_11.6.0_8187\workspace\lpc_board_nxp_lpcxpresso_1769\Debug\liblpc_board_nxp_lpcxpresso_1769.a(board.o)
 .text.Chip_UART_ReadLineStatus
                0x0000be56       0x16 C:\Users\Checkout\Documents\MCUXpressoIDE_11.6.0_8187\workspace\lpc_board_nxp_lpcxpresso_1769\Debug\liblpc_board_nxp_lpcxpresso_1769.a(board.o)
 .text.__sys_write
                0x0000be6c       0x38 C:\Users\Checkout\Documents\MCUXpressoIDE_11.6.0_8187\workspace\lpc_board_nxp_lpcxpresso_1769\Debug\liblpc_board_nxp_lpcxpresso_1769.a(board.o)
                0x0000be6c                __sys_write
 .text.Board_LED_Init
                0x0000bea4       0x18 C:\Users\Checkout\Documents\MCUXpressoIDE_11.6.0_8187\workspace\lpc_board_nxp_lpcxpresso_1769\Debug\liblpc_board_nxp_lpcxpresso_1769.a(board.o)
 .text.Board_UART_Init
                0x0000bebc       0x12 C:\Users\Checkout\Documents\MCUXpressoIDE_11.6.0_8187\workspace\lpc_board_nxp_lpcxpresso_1769\Debug\liblpc_board_nxp_lpcxpresso_1769.a(board.o)
                0x0000bebc                Board_UART_Init
 *fill*         0x0000bece        0x2 ff
 .text.Board_Debug_Init
                0x0000bed0       0x30 C:\Users\Checkout\Documents\MCUXpressoIDE_11.6.0_8187\workspace\lpc_board_nxp_lpcxpresso_1769\Debug\liblpc_board_nxp_lpcxpresso_1769.a(board.o)
                0x0000bed0                Board_Debug_Init
 .text.Board_UARTPutChar
                0x0000bf00       0x34 C:\Users\Checkout\Documents\MCUXpressoIDE_11.6.0_8187\workspace\lpc_board_nxp_lpcxpresso_1769\Debug\liblpc_board_nxp_lpcxpresso_1769.a(board.o)
                0x0000bf00                Board_UARTPutChar
 .text.Board_LED_Set
                0x0000bf34       0x30 C:\Users\Checkout\Documents\MCUXpressoIDE_11.6.0_8187\workspace\lpc_board_nxp_lpcxpresso_1769\Debug\liblpc_board_nxp_lpcxpresso_1769.a(board.o)
                0x0000bf34                Board_LED_Set
 .text.Board_Init
                0x0000bf64       0x24 C:\Users\Checkout\Documents\MCUXpressoIDE_11.6.0_8187\workspace\lpc_board_nxp_lpcxpresso_1769\Debug\liblpc_board_nxp_lpcxpresso_1769.a(board.o)
                0x0000bf64                Board_Init
 .text.Board_ENET_GetMacADDR
                0x0000bf88       0x34 C:\Users\Checkout\Documents\MCUXpressoIDE_11.6.0_8187\workspace\lpc_board_nxp_lpcxpresso_1769\Debug\liblpc_board_nxp_lpcxpresso_1769.a(board.o)
                0x0000bf88                Board_ENET_GetMacADDR
 .text.Chip_SYSCTL_SetFLASHAccess
                0x0000bfbc       0x30 C:\Users\Checkout\Documents\MCUXpressoIDE_11.6.0_8187\workspace\lpc_board_nxp_lpcxpresso_1769\Debug\liblpc_board_nxp_lpcxpresso_1769.a(board_sysinit.o)
 .text.Board_SetupMuxing
                0x0000bfec       0x1c C:\Users\Checkout\Documents\MCUXpressoIDE_11.6.0_8187\workspace\lpc_board_nxp_lpcxpresso_1769\Debug\liblpc_board_nxp_lpcxpresso_1769.a(board_sysinit.o)
                0x0000bfec                Board_SetupMuxing
 .text.Board_SetupClocking
                0x0000c008       0x12 C:\Users\Checkout\Documents\MCUXpressoIDE_11.6.0_8187\workspace\lpc_board_nxp_lpcxpresso_1769\Debug\liblpc_board_nxp_lpcxpresso_1769.a(board_sysinit.o)
                0x0000c008                Board_SetupClocking
 .text.Board_SystemInit
                0x0000c01a       0x10 C:\Users\Checkout\Documents\MCUXpressoIDE_11.6.0_8187\workspace\lpc_board_nxp_lpcxpresso_1769\Debug\liblpc_board_nxp_lpcxpresso_1769.a(board_sysinit.o)
                0x0000c01a                Board_SystemInit
 .text.Chip_ENET_IsMIIBusy
                0x0000c02a       0x24 C:\Users\Checkout\Documents\MCUXpressoIDE_11.6.0_8187\workspace\lpc_board_nxp_lpcxpresso_1769\Debug\liblpc_board_nxp_lpcxpresso_1769.a(lpc_phy_smsc87x0.o)
 *fill*         0x0000c04e        0x2 ff
 .text.lpc_mii_write
                0x0000c050       0x64 C:\Users\Checkout\Documents\MCUXpressoIDE_11.6.0_8187\workspace\lpc_board_nxp_lpcxpresso_1769\Debug\liblpc_board_nxp_lpcxpresso_1769.a(lpc_phy_smsc87x0.o)
 .text.lpc_mii_read
                0x0000c0b4       0x74 C:\Users\Checkout\Documents\MCUXpressoIDE_11.6.0_8187\workspace\lpc_board_nxp_lpcxpresso_1769\Debug\liblpc_board_nxp_lpcxpresso_1769.a(lpc_phy_smsc87x0.o)
 .text.smsc_update_phy_sts
                0x0000c128       0xec C:\Users\Checkout\Documents\MCUXpressoIDE_11.6.0_8187\workspace\lpc_board_nxp_lpcxpresso_1769\Debug\liblpc_board_nxp_lpcxpresso_1769.a(lpc_phy_smsc87x0.o)
 .text.lpc_phy_init
                0x0000c214       0xac C:\Users\Checkout\Documents\MCUXpressoIDE_11.6.0_8187\workspace\lpc_board_nxp_lpcxpresso_1769\Debug\liblpc_board_nxp_lpcxpresso_1769.a(lpc_phy_smsc87x0.o)
                0x0000c214                lpc_phy_init
 .text.lpcPHYStsPoll
                0x0000c2c0       0xc8 C:\Users\Checkout\Documents\MCUXpressoIDE_11.6.0_8187\workspace\lpc_board_nxp_lpcxpresso_1769\Debug\liblpc_board_nxp_lpcxpresso_1769.a(lpc_phy_smsc87x0.o)
                0x0000c2c0                lpcPHYStsPoll
 .text.SystemCoreClockUpdate
                0x0000c388       0x18 C:\Users\Checkout\Documents\MCUXpressoIDE_11.6.0_8187\workspace\lpc_chip_175x_6x\Debug\liblpc_chip_175x_6x.a(chip_17xx_40xx.o)
                0x0000c388                SystemCoreClockUpdate
 .text.Chip_Clock_IsMainPLLEnabled
                0x0000c3a0       0x24 C:\Users\Checkout\Documents\MCUXpressoIDE_11.6.0_8187\workspace\lpc_chip_175x_6x\Debug\liblpc_chip_175x_6x.a(clock_17xx_40xx.o)
 .text.Chip_Clock_IsMainPLLConnected
                0x0000c3c4       0x24 C:\Users\Checkout\Documents\MCUXpressoIDE_11.6.0_8187\workspace\lpc_chip_175x_6x\Debug\liblpc_chip_175x_6x.a(clock_17xx_40xx.o)
 .text.Chip_Clock_FeedPLL
                0x0000c3e8       0x34 C:\Users\Checkout\Documents\MCUXpressoIDE_11.6.0_8187\workspace\lpc_chip_175x_6x\Debug\liblpc_chip_175x_6x.a(clock_17xx_40xx.o)
 .text.Chip_Clock_GetMainPLLSource
                0x0000c41c       0x20 C:\Users\Checkout\Documents\MCUXpressoIDE_11.6.0_8187\workspace\lpc_chip_175x_6x\Debug\liblpc_chip_175x_6x.a(clock_17xx_40xx.o)
 .text.Chip_Clock_GetMainOscRate
                0x0000c43c       0x14 C:\Users\Checkout\Documents\MCUXpressoIDE_11.6.0_8187\workspace\lpc_chip_175x_6x\Debug\liblpc_chip_175x_6x.a(clock_17xx_40xx.o)
 .text.Chip_Clock_GetIntOscRate
                0x0000c450       0x14 C:\Users\Checkout\Documents\MCUXpressoIDE_11.6.0_8187\workspace\lpc_chip_175x_6x\Debug\liblpc_chip_175x_6x.a(clock_17xx_40xx.o)
 .text.Chip_Clock_GetRTCOscRate
                0x0000c464       0x14 C:\Users\Checkout\Documents\MCUXpressoIDE_11.6.0_8187\workspace\lpc_chip_175x_6x\Debug\liblpc_chip_175x_6x.a(clock_17xx_40xx.o)
 .text.Chip_Clock_GetMainPLLInClockRate
                0x0000c478        0xe C:\Users\Checkout\Documents\MCUXpressoIDE_11.6.0_8187\workspace\lpc_chip_175x_6x\Debug\liblpc_chip_175x_6x.a(clock_17xx_40xx.o)
 *fill*         0x0000c486        0x2 ff
 .text.Chip_Clock_EnablePLL
                0x0000c488       0x44 C:\Users\Checkout\Documents\MCUXpressoIDE_11.6.0_8187\workspace\lpc_chip_175x_6x\Debug\liblpc_chip_175x_6x.a(clock_17xx_40xx.o)
                0x0000c488                Chip_Clock_EnablePLL
 .text.Chip_Clock_DisablePLL
                0x0000c4cc       0x48 C:\Users\Checkout\Documents\MCUXpressoIDE_11.6.0_8187\workspace\lpc_chip_175x_6x\Debug\liblpc_chip_175x_6x.a(clock_17xx_40xx.o)
                0x0000c4cc                Chip_Clock_DisablePLL
 .text.Chip_Clock_SetupPLL
                0x0000c514       0x5c C:\Users\Checkout\Documents\MCUXpressoIDE_11.6.0_8187\workspace\lpc_chip_175x_6x\Debug\liblpc_chip_175x_6x.a(clock_17xx_40xx.o)
                0x0000c514                Chip_Clock_SetupPLL
 .text.Chip_Clock_EnablePeriphClock
                0x0000c570       0x34 C:\Users\Checkout\Documents\MCUXpressoIDE_11.6.0_8187\workspace\lpc_chip_175x_6x\Debug\liblpc_chip_175x_6x.a(clock_17xx_40xx.o)
                0x0000c570                Chip_Clock_EnablePeriphClock
 .text.Chip_Clock_GetCPUClockSource
                0x0000c5a4       0x24 C:\Users\Checkout\Documents\MCUXpressoIDE_11.6.0_8187\workspace\lpc_chip_175x_6x\Debug\liblpc_chip_175x_6x.a(clock_17xx_40xx.o)
                0x0000c5a4                Chip_Clock_GetCPUClockSource
 .text.Chip_Clock_SetCPUClockDiv
                0x0000c5c8       0x20 C:\Users\Checkout\Documents\MCUXpressoIDE_11.6.0_8187\workspace\lpc_chip_175x_6x\Debug\liblpc_chip_175x_6x.a(clock_17xx_40xx.o)
                0x0000c5c8                Chip_Clock_SetCPUClockDiv
 .text.Chip_Clock_GetCPUClockDiv
                0x0000c5e8       0x1c C:\Users\Checkout\Documents\MCUXpressoIDE_11.6.0_8187\workspace\lpc_chip_175x_6x\Debug\liblpc_chip_175x_6x.a(clock_17xx_40xx.o)
                0x0000c5e8                Chip_Clock_GetCPUClockDiv
 .text.Chip_Clock_GetPCLKDiv
                0x0000c604       0x8c C:\Users\Checkout\Documents\MCUXpressoIDE_11.6.0_8187\workspace\lpc_chip_175x_6x\Debug\liblpc_chip_175x_6x.a(clock_17xx_40xx.o)
                0x0000c604                Chip_Clock_GetPCLKDiv
 .text.Chip_Clock_GetSYSCLKRate
                0x0000c690       0x3a C:\Users\Checkout\Documents\MCUXpressoIDE_11.6.0_8187\workspace\lpc_chip_175x_6x\Debug\liblpc_chip_175x_6x.a(clock_17xx_40xx.o)
                0x0000c690                Chip_Clock_GetSYSCLKRate
 *fill*         0x0000c6ca        0x2 ff
 .text.Chip_Clock_GetMainPLLOutClockRate
                0x0000c6cc       0x54 C:\Users\Checkout\Documents\MCUXpressoIDE_11.6.0_8187\workspace\lpc_chip_175x_6x\Debug\liblpc_chip_175x_6x.a(clock_17xx_40xx.o)
                0x0000c6cc                Chip_Clock_GetMainPLLOutClockRate
 .text.Chip_Clock_GetMainClockRate
                0x0000c720       0x28 C:\Users\Checkout\Documents\MCUXpressoIDE_11.6.0_8187\workspace\lpc_chip_175x_6x\Debug\liblpc_chip_175x_6x.a(clock_17xx_40xx.o)
                0x0000c720                Chip_Clock_GetMainClockRate
 .text.Chip_Clock_GetSystemClockRate
                0x0000c748       0x18 C:\Users\Checkout\Documents\MCUXpressoIDE_11.6.0_8187\workspace\lpc_chip_175x_6x\Debug\liblpc_chip_175x_6x.a(clock_17xx_40xx.o)
                0x0000c748                Chip_Clock_GetSystemClockRate
 .text.Chip_Clock_GetPeripheralClockRate
                0x0000c760       0x26 C:\Users\Checkout\Documents\MCUXpressoIDE_11.6.0_8187\workspace\lpc_chip_175x_6x\Debug\liblpc_chip_175x_6x.a(clock_17xx_40xx.o)
                0x0000c760                Chip_Clock_GetPeripheralClockRate
 .text.Chip_Clock_GetENETClockRate
                0x0000c786        0xe C:\Users\Checkout\Documents\MCUXpressoIDE_11.6.0_8187\workspace\lpc_chip_175x_6x\Debug\liblpc_chip_175x_6x.a(enet_17xx_40xx.o)
 .text.Chip_ENET_Reset
                0x0000c794       0x22 C:\Users\Checkout\Documents\MCUXpressoIDE_11.6.0_8187\workspace\lpc_chip_175x_6x\Debug\liblpc_chip_175x_6x.a(enet_17xx_40xx.o)
 .text.resetENET
                0x0000c7b6       0x2a C:\Users\Checkout\Documents\MCUXpressoIDE_11.6.0_8187\workspace\lpc_chip_175x_6x\Debug\liblpc_chip_175x_6x.a(enet_17xx_40xx.o)
 .text.Chip_ENET_Init
                0x0000c7e0       0x8e C:\Users\Checkout\Documents\MCUXpressoIDE_11.6.0_8187\workspace\lpc_chip_175x_6x\Debug\liblpc_chip_175x_6x.a(enet_17xx_40xx.o)
                0x0000c7e0                Chip_ENET_Init
 *fill*         0x0000c86e        0x2 ff
 .text.Chip_ENET_SetupMII
                0x0000c870       0x44 C:\Users\Checkout\Documents\MCUXpressoIDE_11.6.0_8187\workspace\lpc_chip_175x_6x\Debug\liblpc_chip_175x_6x.a(enet_17xx_40xx.o)
                0x0000c870                Chip_ENET_SetupMII
 .text.Chip_ENET_FindMIIDiv
                0x0000c8b4       0x50 C:\Users\Checkout\Documents\MCUXpressoIDE_11.6.0_8187\workspace\lpc_chip_175x_6x\Debug\liblpc_chip_175x_6x.a(enet_17xx_40xx.o)
                0x0000c8b4                Chip_ENET_FindMIIDiv
 .text.Chip_ENET_StartMIIWrite
                0x0000c904       0x3c C:\Users\Checkout\Documents\MCUXpressoIDE_11.6.0_8187\workspace\lpc_chip_175x_6x\Debug\liblpc_chip_175x_6x.a(enet_17xx_40xx.o)
                0x0000c904                Chip_ENET_StartMIIWrite
 .text.Chip_ENET_StartMIIRead
                0x0000c940       0x30 C:\Users\Checkout\Documents\MCUXpressoIDE_11.6.0_8187\workspace\lpc_chip_175x_6x\Debug\liblpc_chip_175x_6x.a(enet_17xx_40xx.o)
                0x0000c940                Chip_ENET_StartMIIRead
 .text.Chip_ENET_ReadMIIData
                0x0000c970       0x1e C:\Users\Checkout\Documents\MCUXpressoIDE_11.6.0_8187\workspace\lpc_chip_175x_6x\Debug\liblpc_chip_175x_6x.a(enet_17xx_40xx.o)
                0x0000c970                Chip_ENET_ReadMIIData
 .text.Chip_ENET_SetFullDuplex
                0x0000c98e       0x34 C:\Users\Checkout\Documents\MCUXpressoIDE_11.6.0_8187\workspace\lpc_chip_175x_6x\Debug\liblpc_chip_175x_6x.a(enet_17xx_40xx.o)
                0x0000c98e                Chip_ENET_SetFullDuplex
 .text.Chip_ENET_SetHalfDuplex
                0x0000c9c2       0x34 C:\Users\Checkout\Documents\MCUXpressoIDE_11.6.0_8187\workspace\lpc_chip_175x_6x\Debug\liblpc_chip_175x_6x.a(enet_17xx_40xx.o)
                0x0000c9c2                Chip_ENET_SetHalfDuplex
 .text.Chip_ENET_InitTxDescriptors
                0x0000c9f6       0x3a C:\Users\Checkout\Documents\MCUXpressoIDE_11.6.0_8187\workspace\lpc_chip_175x_6x\Debug\liblpc_chip_175x_6x.a(enet_17xx_40xx.o)
                0x0000c9f6                Chip_ENET_InitTxDescriptors
 .text.Chip_ENET_InitRxDescriptors
                0x0000ca30       0x3a C:\Users\Checkout\Documents\MCUXpressoIDE_11.6.0_8187\workspace\lpc_chip_175x_6x\Debug\liblpc_chip_175x_6x.a(enet_17xx_40xx.o)
                0x0000ca30                Chip_ENET_InitRxDescriptors
 .text.Chip_ENET_GetFillDescNum
                0x0000ca6a       0x4a C:\Users\Checkout\Documents\MCUXpressoIDE_11.6.0_8187\workspace\lpc_chip_175x_6x\Debug\liblpc_chip_175x_6x.a(enet_17xx_40xx.o)
                0x0000ca6a                Chip_ENET_GetFillDescNum
 .text.Chip_ENET_IncTXProduceIndex
                0x0000cab4       0x3c C:\Users\Checkout\Documents\MCUXpressoIDE_11.6.0_8187\workspace\lpc_chip_175x_6x\Debug\liblpc_chip_175x_6x.a(enet_17xx_40xx.o)
                0x0000cab4                Chip_ENET_IncTXProduceIndex
 .text.Chip_ENET_IncRXConsumeIndex
                0x0000caf0       0x3c C:\Users\Checkout\Documents\MCUXpressoIDE_11.6.0_8187\workspace\lpc_chip_175x_6x\Debug\liblpc_chip_175x_6x.a(enet_17xx_40xx.o)
                0x0000caf0                Chip_ENET_IncRXConsumeIndex
 .text.Chip_IOCON_PinMuxSet
                0x0000cb2c       0x36 C:\Users\Checkout\Documents\MCUXpressoIDE_11.6.0_8187\workspace\lpc_chip_175x_6x\Debug\liblpc_chip_175x_6x.a(iocon_17xx_40xx.o)
                0x0000cb2c                Chip_IOCON_PinMuxSet
 .text.Chip_IOCON_PinMux
                0x0000cb62       0x94 C:\Users\Checkout\Documents\MCUXpressoIDE_11.6.0_8187\workspace\lpc_chip_175x_6x\Debug\liblpc_chip_175x_6x.a(iocon_17xx_40xx.o)
                0x0000cb62                Chip_IOCON_PinMux
 .text.Chip_IOCON_SetPinMuxing
                0x0000cbf6       0x64 C:\Users\Checkout\Documents\MCUXpressoIDE_11.6.0_8187\workspace\lpc_chip_175x_6x\Debug\liblpc_chip_175x_6x.a(iocon_17xx_40xx.o)
                0x0000cbf6                Chip_IOCON_SetPinMuxing
 *fill*         0x0000cc5a        0x2 ff
 .text.Chip_Clock_IsMainPLLEnabled
                0x0000cc5c       0x24 C:\Users\Checkout\Documents\MCUXpressoIDE_11.6.0_8187\workspace\lpc_chip_175x_6x\Debug\liblpc_chip_175x_6x.a(sysinit_17xx_40xx.o)
 .text.Chip_Clock_IsMainPLLLocked
                0x0000cc80       0x24 C:\Users\Checkout\Documents\MCUXpressoIDE_11.6.0_8187\workspace\lpc_chip_175x_6x\Debug\liblpc_chip_175x_6x.a(sysinit_17xx_40xx.o)
 .text.Chip_Clock_IsMainPLLConnected
                0x0000cca4       0x24 C:\Users\Checkout\Documents\MCUXpressoIDE_11.6.0_8187\workspace\lpc_chip_175x_6x\Debug\liblpc_chip_175x_6x.a(sysinit_17xx_40xx.o)
 .text.Chip_Clock_EnableCrystal
                0x0000ccc8       0x20 C:\Users\Checkout\Documents\MCUXpressoIDE_11.6.0_8187\workspace\lpc_chip_175x_6x\Debug\liblpc_chip_175x_6x.a(sysinit_17xx_40xx.o)
 .text.Chip_Clock_IsCrystalEnabled
                0x0000cce8       0x24 C:\Users\Checkout\Documents\MCUXpressoIDE_11.6.0_8187\workspace\lpc_chip_175x_6x\Debug\liblpc_chip_175x_6x.a(sysinit_17xx_40xx.o)
 .text.Chip_Clock_SetMainPLLSource
                0x0000cd0c       0x20 C:\Users\Checkout\Documents\MCUXpressoIDE_11.6.0_8187\workspace\lpc_chip_175x_6x\Debug\liblpc_chip_175x_6x.a(sysinit_17xx_40xx.o)
 .text.Chip_SetupXtalClocking
                0x0000cd2c       0x90 C:\Users\Checkout\Documents\MCUXpressoIDE_11.6.0_8187\workspace\lpc_chip_175x_6x\Debug\liblpc_chip_175x_6x.a(sysinit_17xx_40xx.o)
                0x0000cd2c                Chip_SetupXtalClocking
 .text.Chip_UART_SetupFIFOS
                0x0000cdbc       0x1a C:\Users\Checkout\Documents\MCUXpressoIDE_11.6.0_8187\workspace\lpc_chip_175x_6x\Debug\liblpc_chip_175x_6x.a(uart_17xx_40xx.o)
 .text.Chip_UART_ConfigData
                0x0000cdd6       0x1a C:\Users\Checkout\Documents\MCUXpressoIDE_11.6.0_8187\workspace\lpc_chip_175x_6x\Debug\liblpc_chip_175x_6x.a(uart_17xx_40xx.o)
 .text.Chip_UART_EnableDivisorAccess
                0x0000cdf0       0x1e C:\Users\Checkout\Documents\MCUXpressoIDE_11.6.0_8187\workspace\lpc_chip_175x_6x\Debug\liblpc_chip_175x_6x.a(uart_17xx_40xx.o)
 .text.Chip_UART_DisableDivisorAccess
                0x0000ce0e       0x1e C:\Users\Checkout\Documents\MCUXpressoIDE_11.6.0_8187\workspace\lpc_chip_175x_6x\Debug\liblpc_chip_175x_6x.a(uart_17xx_40xx.o)
 .text.Chip_UART_SetDivisorLatches
                0x0000ce2c       0x26 C:\Users\Checkout\Documents\MCUXpressoIDE_11.6.0_8187\workspace\lpc_chip_175x_6x\Debug\liblpc_chip_175x_6x.a(uart_17xx_40xx.o)
 *fill*         0x0000ce52        0x2 ff
 .text.Chip_UART_GetClockIndex
                0x0000ce54       0x50 C:\Users\Checkout\Documents\MCUXpressoIDE_11.6.0_8187\workspace\lpc_chip_175x_6x\Debug\liblpc_chip_175x_6x.a(uart_17xx_40xx.o)
 .text.Chip_UART_GetClkIndex
                0x0000cea4       0x50 C:\Users\Checkout\Documents\MCUXpressoIDE_11.6.0_8187\workspace\lpc_chip_175x_6x\Debug\liblpc_chip_175x_6x.a(uart_17xx_40xx.o)
 .text.Chip_UART_Init
                0x0000cef4       0x78 C:\Users\Checkout\Documents\MCUXpressoIDE_11.6.0_8187\workspace\lpc_chip_175x_6x\Debug\liblpc_chip_175x_6x.a(uart_17xx_40xx.o)
                0x0000cef4                Chip_UART_Init
 .text.Chip_UART_TXEnable
                0x0000cf6c       0x18 C:\Users\Checkout\Documents\MCUXpressoIDE_11.6.0_8187\workspace\lpc_chip_175x_6x\Debug\liblpc_chip_175x_6x.a(uart_17xx_40xx.o)
                0x0000cf6c                Chip_UART_TXEnable
 .text.Chip_UART_TXDisable
                0x0000cf84       0x18 C:\Users\Checkout\Documents\MCUXpressoIDE_11.6.0_8187\workspace\lpc_chip_175x_6x\Debug\liblpc_chip_175x_6x.a(uart_17xx_40xx.o)
                0x0000cf84                Chip_UART_TXDisable
 .text.Chip_UART_SetBaud
                0x0000cf9c       0x62 C:\Users\Checkout\Documents\MCUXpressoIDE_11.6.0_8187\workspace\lpc_chip_175x_6x\Debug\liblpc_chip_175x_6x.a(uart_17xx_40xx.o)
                0x0000cf9c                Chip_UART_SetBaud
 .text.__main   0x0000cffe        0xe c:/users/checkout/desktop/apps/nxp/mcuxpressoide_11.6.0_8187/ide/plugins/com.nxp.mcuxpresso.tools.win32_11.6.0.202112161359/tools/bin/../lib/gcc/arm-none-eabi/10.3.1/../../../../arm-none-eabi/lib/thumb/v7-m/nofp\libcr_nohost.a(_cr__main.o)
                0x0000cffe                __main
 .text.memcpy   0x0000d00c        0x4 c:/users/checkout/desktop/apps/nxp/mcuxpressoide_11.6.0_8187/ide/plugins/com.nxp.mcuxpresso.tools.win32_11.6.0.202112161359/tools/bin/../lib/gcc/arm-none-eabi/10.3.1/../../../../arm-none-eabi/lib/thumb/v7-m/nofp\libcr_c.a(memcpy.o)
                0x0000d00c                memcpy
 .text.memset   0x0000d010        0x4 c:/users/checkout/desktop/apps/nxp/mcuxpressoide_11.6.0_8187/ide/plugins/com.nxp.mcuxpresso.tools.win32_11.6.0.202112161359/tools/bin/../lib/gcc/arm-none-eabi/10.3.1/../../../../arm-none-eabi/lib/thumb/v7-m/nofp\libcr_c.a(memset.o)
                0x0000d010                memset
 .text.fp_round
                0x0000d014       0x4c c:/users/checkout/desktop/apps/nxp/mcuxpressoide_11.6.0_8187/ide/plugins/com.nxp.mcuxpresso.tools.win32_11.6.0.202112161359/tools/bin/../lib/gcc/arm-none-eabi/10.3.1/../../../../arm-none-eabi/lib/thumb/v7-m/nofp\libcr_c.a(fpprintf.o)
 .text.pr_dec.constprop.0
                0x0000d060       0x26 c:/users/checkout/desktop/apps/nxp/mcuxpressoide_11.6.0_8187/ide/plugins/com.nxp.mcuxpresso.tools.win32_11.6.0.202112161359/tools/bin/../lib/gcc/arm-none-eabi/10.3.1/../../../../arm-none-eabi/lib/thumb/v7-m/nofp\libcr_c.a(fpprintf.o)
 *fill*         0x0000d086        0x2 ff
 .text.sprintf  0x0000d088       0x6c c:/users/checkout/desktop/apps/nxp/mcuxpressoide_11.6.0_8187/ide/plugins/com.nxp.mcuxpresso.tools.win32_11.6.0.202112161359/tools/bin/../lib/gcc/arm-none-eabi/10.3.1/../../../../arm-none-eabi/lib/thumb/v7-m/nofp\libcr_c.a(fpprintf.o)
                0x0000d088                sprintf
 *fill*         0x0000d0f4        0x4 ff
 .text.fp_display
                0x0000d0f8      0x950 c:/users/checkout/desktop/apps/nxp/mcuxpressoide_11.6.0_8187/ide/plugins/com.nxp.mcuxpresso.tools.win32_11.6.0.202112161359/tools/bin/../lib/gcc/arm-none-eabi/10.3.1/../../../../arm-none-eabi/lib/thumb/v7-m/nofp\libcr_c.a(fpprintf.o)
 .text.vsnprintf
                0x0000da48       0x68 c:/users/checkout/desktop/apps/nxp/mcuxpressoide_11.6.0_8187/ide/plugins/com.nxp.mcuxpresso.tools.win32_11.6.0.202112161359/tools/bin/../lib/gcc/arm-none-eabi/10.3.1/../../../../arm-none-eabi/lib/thumb/v7-m/nofp\libcr_c.a(fpprintf.o)
                0x0000da48                vsnprintf
 .text.printf   0x0000dab0       0x54 c:/users/checkout/desktop/apps/nxp/mcuxpressoide_11.6.0_8187/ide/plugins/com.nxp.mcuxpresso.tools.win32_11.6.0.202112161359/tools/bin/../lib/gcc/arm-none-eabi/10.3.1/../../../../arm-none-eabi/lib/thumb/v7-m/nofp\libcr_c.a(fpprintf.o)
                0x0000dab0                printf
 .text._initio  0x0000db04       0x78 c:/users/checkout/desktop/apps/nxp/mcuxpressoide_11.6.0_8187/ide/plugins/com.nxp.mcuxpresso.tools.win32_11.6.0.202112161359/tools/bin/../lib/gcc/arm-none-eabi/10.3.1/../../../../arm-none-eabi/lib/thumb/v7-m/nofp\libcr_c.a(initio.o)
                0x0000db04                _initio
 .text.memcmp   0x0000db7c       0x42 c:/users/checkout/desktop/apps/nxp/mcuxpressoide_11.6.0_8187/ide/plugins/com.nxp.mcuxpresso.tools.win32_11.6.0.202112161359/tools/bin/../lib/gcc/arm-none-eabi/10.3.1/../../../../arm-none-eabi/lib/thumb/v7-m/nofp\libcr_c.a(memcmp.o)
                0x0000db7c                memcmp
 *fill*         0x0000dbbe        0x2 ff
 .text.__vfprintf
                0x0000dbc0      0xbe4 c:/users/checkout/desktop/apps/nxp/mcuxpressoide_11.6.0_8187/ide/plugins/com.nxp.mcuxpresso.tools.win32_11.6.0.202112161359/tools/bin/../lib/gcc/arm-none-eabi/10.3.1/../../../../arm-none-eabi/lib/thumb/v7-m/nofp\libcr_c.a(printf.o)
                0x0000dbc0                __vfprintf
 .text.setvbuf  0x0000e7a4       0x3e c:/users/checkout/desktop/apps/nxp/mcuxpressoide_11.6.0_8187/ide/plugins/com.nxp.mcuxpresso.tools.win32_11.6.0.202112161359/tools/bin/../lib/gcc/arm-none-eabi/10.3.1/../../../../arm-none-eabi/lib/thumb/v7-m/nofp\libcr_c.a(setvbuf.o)
                0x0000e7a4                setvbuf
 .text.strlen   0x0000e7e2       0x48 c:/users/checkout/desktop/apps/nxp/mcuxpressoide_11.6.0_8187/ide/plugins/com.nxp.mcuxpresso.tools.win32_11.6.0.202112161359/tools/bin/../lib/gcc/arm-none-eabi/10.3.1/../../../../arm-none-eabi/lib/thumb/v7-m/nofp\libcr_c.a(strlen.o)
                0x0000e7e2                strlen
 .text._deferredlazyseek
                0x0000e82a       0x40 c:/users/checkout/desktop/apps/nxp/mcuxpressoide_11.6.0_8187/ide/plugins/com.nxp.mcuxpresso.tools.win32_11.6.0.202112161359/tools/bin/../lib/gcc/arm-none-eabi/10.3.1/../../../../arm-none-eabi/lib/thumb/v7-m/nofp\libcr_c.a(_deferredlazyseek.o)
                0x0000e82a                _deferredlazyseek
 .text.__flsbuf
                0x0000e86a      0x140 c:/users/checkout/desktop/apps/nxp/mcuxpressoide_11.6.0_8187/ide/plugins/com.nxp.mcuxpresso.tools.win32_11.6.0.202112161359/tools/bin/../lib/gcc/arm-none-eabi/10.3.1/../../../../arm-none-eabi/lib/thumb/v7-m/nofp\libcr_c.a(_deferredlazyseek.o)
                0x0000e86a                __flsbuf
 .text._fdopen  0x0000e9aa       0x68 c:/users/checkout/desktop/apps/nxp/mcuxpressoide_11.6.0_8187/ide/plugins/com.nxp.mcuxpresso.tools.win32_11.6.0.202112161359/tools/bin/../lib/gcc/arm-none-eabi/10.3.1/../../../../arm-none-eabi/lib/thumb/v7-m/nofp\libcr_c.a(_fdopen.o)
                0x0000e9aa                _fdopen
 .text._fflush  0x0000ea12       0x52 c:/users/checkout/desktop/apps/nxp/mcuxpressoide_11.6.0_8187/ide/plugins/com.nxp.mcuxpresso.tools.win32_11.6.0.202112161359/tools/bin/../lib/gcc/arm-none-eabi/10.3.1/../../../../arm-none-eabi/lib/thumb/v7-m/nofp\libcr_c.a(_fflush.o)
                0x0000ea12                _fflush
 .text._frexpl  0x0000ea64       0x56 c:/users/checkout/desktop/apps/nxp/mcuxpressoide_11.6.0_8187/ide/plugins/com.nxp.mcuxpresso.tools.win32_11.6.0.202112161359/tools/bin/../lib/gcc/arm-none-eabi/10.3.1/../../../../arm-none-eabi/lib/thumb/v7-m/nofp\libcr_c.a(_frexpl.o)
                0x0000ea64                _frexpl
 *fill*         0x0000eaba        0x2 ff
 .text._ldexpl  0x0000eabc       0x48 c:/users/checkout/desktop/apps/nxp/mcuxpressoide_11.6.0_8187/ide/plugins/com.nxp.mcuxpresso.tools.win32_11.6.0.202112161359/tools/bin/../lib/gcc/arm-none-eabi/10.3.1/../../../../arm-none-eabi/lib/thumb/v7-m/nofp\libcr_c.a(_ldexpl.o)
                0x0000eabc                _ldexpl
 .text._Cwritebuf
                0x0000eb04       0x6c c:/users/checkout/desktop/apps/nxp/mcuxpressoide_11.6.0_8187/ide/plugins/com.nxp.mcuxpresso.tools.win32_11.6.0.202112161359/tools/bin/../lib/gcc/arm-none-eabi/10.3.1/../../../../arm-none-eabi/lib/thumb/v7-m/nofp\libcr_c.a(_writebuf.o)
                0x0000eb04                _Cwritebuf
 .text.malloc   0x0000eb70       0xc8 c:/users/checkout/desktop/apps/nxp/mcuxpressoide_11.6.0_8187/ide/plugins/com.nxp.mcuxpresso.tools.win32_11.6.0.202112161359/tools/bin/../lib/gcc/arm-none-eabi/10.3.1/../../../../arm-none-eabi/lib/thumb/v7-m/nofp\libcr_c.a(alloc.o)
                0x0000eb70                malloc
 .text.free     0x0000ec38       0x30 c:/users/checkout/desktop/apps/nxp/mcuxpressoide_11.6.0_8187/ide/plugins/com.nxp.mcuxpresso.tools.win32_11.6.0.202112161359/tools/bin/../lib/gcc/arm-none-eabi/10.3.1/../../../../arm-none-eabi/lib/thumb/v7-m/nofp\libcr_c.a(alloc.o)
                0x0000ec38                free
 .text._Csys_alloc
                0x0000ec68       0x20 c:/users/checkout/desktop/apps/nxp/mcuxpressoide_11.6.0_8187/ide/plugins/com.nxp.mcuxpresso.tools.win32_11.6.0.202112161359/tools/bin/../lib/gcc/arm-none-eabi/10.3.1/../../../../arm-none-eabi/lib/thumb/v7-m/nofp\libcr_c.a(alloc.o)
                0x0000ec68                _Csys_alloc
 .text.fclose   0x0000ec88       0x58 c:/users/checkout/desktop/apps/nxp/mcuxpressoide_11.6.0_8187/ide/plugins/com.nxp.mcuxpresso.tools.win32_11.6.0.202112161359/tools/bin/../lib/gcc/arm-none-eabi/10.3.1/../../../../arm-none-eabi/lib/thumb/v7-m/nofp\libcr_c.a(fclose.o)
                0x0000ec88                fclose
 .text.fflush   0x0000ece0       0x3c c:/users/checkout/desktop/apps/nxp/mcuxpressoide_11.6.0_8187/ide/plugins/com.nxp.mcuxpresso.tools.win32_11.6.0.202112161359/tools/bin/../lib/gcc/arm-none-eabi/10.3.1/../../../../arm-none-eabi/lib/thumb/v7-m/nofp\libcr_c.a(fflush.o)
                0x0000ece0                fflush
 .text.fseek    0x0000ed1c       0xfc c:/users/checkout/desktop/apps/nxp/mcuxpressoide_11.6.0_8187/ide/plugins/com.nxp.mcuxpresso.tools.win32_11.6.0.202112161359/tools/bin/../lib/gcc/arm-none-eabi/10.3.1/../../../../arm-none-eabi/lib/thumb/v7-m/nofp\libcr_c.a(fseek.o)
                0x0000ed1c                fseek
 .text.ftell    0x0000ee18       0x44 c:/users/checkout/desktop/apps/nxp/mcuxpressoide_11.6.0_8187/ide/plugins/com.nxp.mcuxpresso.tools.win32_11.6.0.202112161359/tools/bin/../lib/gcc/arm-none-eabi/10.3.1/../../../../arm-none-eabi/lib/thumb/v7-m/nofp\libcr_c.a(ftell.o)
                0x0000ee18                ftell
 .text.remove   0x0000ee5c       0x14 c:/users/checkout/desktop/apps/nxp/mcuxpressoide_11.6.0_8187/ide/plugins/com.nxp.mcuxpresso.tools.win32_11.6.0.202112161359/tools/bin/../lib/gcc/arm-none-eabi/10.3.1/../../../../arm-none-eabi/lib/thumb/v7-m/nofp\libcr_c.a(remove.o)
                0x0000ee5c                remove
 .text._sbrk    0x0000ee70       0x3c c:/users/checkout/desktop/apps/nxp/mcuxpressoide_11.6.0_8187/ide/plugins/com.nxp.mcuxpresso.tools.win32_11.6.0.202112161359/tools/bin/../lib/gcc/arm-none-eabi/10.3.1/../../../../arm-none-eabi/lib/thumb/v7-m/nofp\libcr_c.a(_cr_sbrk.o)
                0x0000ee70                _sbrk
 .text._do_fflush
                0x0000eeac       0x40 c:/users/checkout/desktop/apps/nxp/mcuxpressoide_11.6.0_8187/ide/plugins/com.nxp.mcuxpresso.tools.win32_11.6.0.202112161359/tools/bin/../lib/gcc/arm-none-eabi/10.3.1/../../../../arm-none-eabi/lib/thumb/v7-m/nofp\libcr_c.a(_do_fflush.o)
                0x0000eeac                _do_fflush
 .text.__check_heap_overflow
                0x0000eeec       0x14 c:/users/checkout/desktop/apps/nxp/mcuxpressoide_11.6.0_8187/ide/plugins/com.nxp.mcuxpresso.tools.win32_11.6.0.202112161359/tools/bin/../lib/gcc/arm-none-eabi/10.3.1/../../../../arm-none-eabi/lib/thumb/v7-m/nofp\libcr_c.a(_cr_check_heap.o)
                0x0000eeec                __check_heap_overflow
 .text.__aeabi_dmul
                0x0000ef00       0xfc c:/users/checkout/desktop/apps/nxp/mcuxpressoide_11.6.0_8187/ide/plugins/com.nxp.mcuxpresso.tools.win32_11.6.0.202112161359/tools/bin/../lib/gcc/arm-none-eabi/10.3.1/thumb/v7-m/nofp\libcr_eabihelpers.a(double.o)
                0x0000ef00                __aeabi_dmul
 .text.__aeabi_ddiv
                0x0000effc      0x134 c:/users/checkout/desktop/apps/nxp/mcuxpressoide_11.6.0_8187/ide/plugins/com.nxp.mcuxpresso.tools.win32_11.6.0.202112161359/tools/bin/../lib/gcc/arm-none-eabi/10.3.1/thumb/v7-m/nofp\libcr_eabihelpers.a(double.o)
                0x0000effc                __aeabi_ddiv
 .text.__aeabi_dsub
                0x0000f130      0x1ac c:/users/checkout/desktop/apps/nxp/mcuxpressoide_11.6.0_8187/ide/plugins/com.nxp.mcuxpresso.tools.win32_11.6.0.202112161359/tools/bin/../lib/gcc/arm-none-eabi/10.3.1/thumb/v7-m/nofp\libcr_eabihelpers.a(double.o)
                0x0000f130                __aeabi_dsub
 .text.__aeabi_dadd
                0x0000f2dc      0x110 c:/users/checkout/desktop/apps/nxp/mcuxpressoide_11.6.0_8187/ide/plugins/com.nxp.mcuxpresso.tools.win32_11.6.0.202112161359/tools/bin/../lib/gcc/arm-none-eabi/10.3.1/thumb/v7-m/nofp\libcr_eabihelpers.a(double.o)
                0x0000f2dc                __aeabi_dadd
 .text.__aeabi_d2iz
                0x0000f3ec       0x42 c:/users/checkout/desktop/apps/nxp/mcuxpressoide_11.6.0_8187/ide/plugins/com.nxp.mcuxpresso.tools.win32_11.6.0.202112161359/tools/bin/../lib/gcc/arm-none-eabi/10.3.1/thumb/v7-m/nofp\libcr_eabihelpers.a(double.o)
                0x0000f3ec                __aeabi_d2iz
 .text.__bhs_ui2d
                0x0000f42e       0x46 c:/users/checkout/desktop/apps/nxp/mcuxpressoide_11.6.0_8187/ide/plugins/com.nxp.mcuxpresso.tools.win32_11.6.0.202112161359/tools/bin/../lib/gcc/arm-none-eabi/10.3.1/thumb/v7-m/nofp\libcr_eabihelpers.a(double.o)
                0x0000f42e                __bhs_ui2d
 .text.__aeabi_i2d
                0x0000f474       0x12 c:/users/checkout/desktop/apps/nxp/mcuxpressoide_11.6.0_8187/ide/plugins/com.nxp.mcuxpresso.tools.win32_11.6.0.202112161359/tools/bin/../lib/gcc/arm-none-eabi/10.3.1/thumb/v7-m/nofp\libcr_eabihelpers.a(double.o)
                0x0000f474                __aeabi_i2d
 .text.__aeabi_dcmpeq
                0x0000f486       0x3c c:/users/checkout/desktop/apps/nxp/mcuxpressoide_11.6.0_8187/ide/plugins/com.nxp.mcuxpresso.tools.win32_11.6.0.202112161359/tools/bin/../lib/gcc/arm-none-eabi/10.3.1/thumb/v7-m/nofp\libcr_eabihelpers.a(double.o)
                0x0000f486                __aeabi_dcmpeq
 .text.__aeabi_dcmplt
                0x0000f4c2       0x58 c:/users/checkout/desktop/apps/nxp/mcuxpressoide_11.6.0_8187/ide/plugins/com.nxp.mcuxpresso.tools.win32_11.6.0.202112161359/tools/bin/../lib/gcc/arm-none-eabi/10.3.1/thumb/v7-m/nofp\libcr_eabihelpers.a(double.o)
                0x0000f4c2                __aeabi_dcmplt
 .text.__aeabi_dcmple
                0x0000f51a       0x62 c:/users/checkout/desktop/apps/nxp/mcuxpressoide_11.6.0_8187/ide/plugins/com.nxp.mcuxpresso.tools.win32_11.6.0.202112161359/tools/bin/../lib/gcc/arm-none-eabi/10.3.1/thumb/v7-m/nofp\libcr_eabihelpers.a(double.o)
                0x0000f51a                __aeabi_dcmple
 .text.__aeabi_dcmpge
                0x0000f57c       0x62 c:/users/checkout/desktop/apps/nxp/mcuxpressoide_11.6.0_8187/ide/plugins/com.nxp.mcuxpresso.tools.win32_11.6.0.202112161359/tools/bin/../lib/gcc/arm-none-eabi/10.3.1/thumb/v7-m/nofp\libcr_eabihelpers.a(double.o)
                0x0000f57c                __aeabi_dcmpge
 .text.__aeabi_memcpy
                0x0000f5de       0x34 c:/users/checkout/desktop/apps/nxp/mcuxpressoide_11.6.0_8187/ide/plugins/com.nxp.mcuxpresso.tools.win32_11.6.0.202112161359/tools/bin/../lib/gcc/arm-none-eabi/10.3.1/thumb/v7-m/nofp\libcr_eabihelpers.a(memcpy.o)
                0x0000f5de                __aeabi_memcpy
                0x0000f5e8                __aeabi_memcpy8
                0x0000f5e8                __aeabi_memcpy4
 .text.__aeabi_memset_lowlevel
                0x0000f612       0x32 c:/users/checkout/desktop/apps/nxp/mcuxpressoide_11.6.0_8187/ide/plugins/com.nxp.mcuxpresso.tools.win32_11.6.0.202112161359/tools/bin/../lib/gcc/arm-none-eabi/10.3.1/thumb/v7-m/nofp\libcr_eabihelpers.a(memcpy.o)
                0x0000f612                __aeabi_lowlevel_memset
 .text.__sys_appexit
                0x0000f644        0x2 c:/users/checkout/desktop/apps/nxp/mcuxpressoide_11.6.0_8187/ide/plugins/com.nxp.mcuxpresso.tools.win32_11.6.0.202112161359/tools/bin/../lib/gcc/arm-none-eabi/10.3.1/../../../../arm-none-eabi/lib/thumb/v7-m/nofp\libcr_nohost.a(__sys_appexit.o)
                0x0000f644                __sys_appexit
                0x0000f644                __exit
 .text.__sys_close
                0x0000f646        0x6 c:/users/checkout/desktop/apps/nxp/mcuxpressoide_11.6.0_8187/ide/plugins/com.nxp.mcuxpresso.tools.win32_11.6.0.202112161359/tools/bin/../lib/gcc/arm-none-eabi/10.3.1/../../../../arm-none-eabi/lib/thumb/v7-m/nofp\libcr_nohost.a(__sys_close.o)
                0x0000f646                __sys_close
 .text.__sys_flen
                0x0000f64c        0x6 c:/users/checkout/desktop/apps/nxp/mcuxpressoide_11.6.0_8187/ide/plugins/com.nxp.mcuxpresso.tools.win32_11.6.0.202112161359/tools/bin/../lib/gcc/arm-none-eabi/10.3.1/../../../../arm-none-eabi/lib/thumb/v7-m/nofp\libcr_nohost.a(__sys_flen.o)
                0x0000f64c                __sys_flen
 .text.__sys_istty
                0x0000f652        0x6 c:/users/checkout/desktop/apps/nxp/mcuxpressoide_11.6.0_8187/ide/plugins/com.nxp.mcuxpresso.tools.win32_11.6.0.202112161359/tools/bin/../lib/gcc/arm-none-eabi/10.3.1/../../../../arm-none-eabi/lib/thumb/v7-m/nofp\libcr_nohost.a(__sys_istty.o)
                0x0000f652                __sys_istty
 .text.__sys_remove
                0x0000f658        0x6 c:/users/checkout/desktop/apps/nxp/mcuxpressoide_11.6.0_8187/ide/plugins/com.nxp.mcuxpresso.tools.win32_11.6.0.202112161359/tools/bin/../lib/gcc/arm-none-eabi/10.3.1/../../../../arm-none-eabi/lib/thumb/v7-m/nofp\libcr_nohost.a(__sys_remove.o)
                0x0000f658                __sys_remove
 .text.__sys_seek
                0x0000f65e        0x6 c:/users/checkout/desktop/apps/nxp/mcuxpressoide_11.6.0_8187/ide/plugins/com.nxp.mcuxpresso.tools.win32_11.6.0.202112161359/tools/bin/../lib/gcc/arm-none-eabi/10.3.1/../../../../arm-none-eabi/lib/thumb/v7-m/nofp\libcr_nohost.a(__sys_seek.o)
                0x0000f65e                __sys_seek
 .text.__sys_tmpnam
                0x0000f664        0x6 c:/users/checkout/desktop/apps/nxp/mcuxpressoide_11.6.0_8187/ide/plugins/com.nxp.mcuxpresso.tools.win32_11.6.0.202112161359/tools/bin/../lib/gcc/arm-none-eabi/10.3.1/../../../../arm-none-eabi/lib/thumb/v7-m/nofp\libcr_nohost.a(__sys_tmpnam.o)
                0x0000f664                __sys_tmpnam
 *(.rodata .rodata.* .constdata .constdata.*)
 *fill*         0x0000f66a        0x2 ff
 .rodata.ethbroadcast
                0x0000f66c        0x6 ./lwip/src/netif/etharp.o
                0x0000f66c                ethbroadcast
 *fill*         0x0000f672        0x2 ff
 .rodata.ethzero
                0x0000f674        0x6 ./lwip/src/netif/etharp.o
                0x0000f674                ethzero
 *fill*         0x0000f67a        0x2 ff
 .rodata.ip_addr_any
                0x0000f67c        0x4 ./lwip/src/core/ipv4/ip_addr.o
                0x0000f67c                ip_addr_any
 .rodata.ip_addr_broadcast
                0x0000f680        0x4 ./lwip/src/core/ipv4/ip_addr.o
                0x0000f680                ip_addr_broadcast
 .rodata.memp_sizes
                0x0000f684       0x14 ./lwip/src/core/memp.o
 .rodata.memp_num
                0x0000f698       0x14 ./lwip/src/core/memp.o
 .rodata.tcp_backoff
                0x0000f6ac        0xd ./lwip/src/core/tcp.o
                0x0000f6ac                tcp_backoff
 *fill*         0x0000f6b9        0x3 ff
 .rodata.tcp_persist_backoff
                0x0000f6bc        0x7 ./lwip/src/core/tcp.o
                0x0000f6bc                tcp_persist_backoff
 *fill*         0x0000f6c3        0x1 ff
 .rodata.tcp_pcb_lists
                0x0000f6c4       0x10 ./lwip/src/core/tcp.o
                0x0000f6c4                tcp_pcb_lists
 .rodata.lpc_enetif_init.str1.4
                0x0000f6d4        0x8 ./lwip/src/arch/lpc17xx_40xx_emac.o
 .rodata.main.str1.4
                0x0000f6dc       0x56 ./example/src/main.o
 *fill*         0x0000f732        0x2 ff
 .rodata.OscRateIn
                0x0000f734        0x4 C:\Users\Checkout\Documents\MCUXpressoIDE_11.6.0_8187\workspace\lpc_board_nxp_lpcxpresso_1769\Debug\liblpc_board_nxp_lpcxpresso_1769.a(board.o)
                0x0000f734                OscRateIn
 .rodata.RTCOscRateIn
                0x0000f738        0x4 C:\Users\Checkout\Documents\MCUXpressoIDE_11.6.0_8187\workspace\lpc_board_nxp_lpcxpresso_1769\Debug\liblpc_board_nxp_lpcxpresso_1769.a(board.o)
                0x0000f738                RTCOscRateIn
 .rodata        0x0000f73c        0x6 C:\Users\Checkout\Documents\MCUXpressoIDE_11.6.0_8187\workspace\lpc_board_nxp_lpcxpresso_1769\Debug\liblpc_board_nxp_lpcxpresso_1769.a(board.o)
 *fill*         0x0000f742        0x2 ff
 .rodata.pinmuxing
                0x0000f744       0x5c C:\Users\Checkout\Documents\MCUXpressoIDE_11.6.0_8187\workspace\lpc_board_nxp_lpcxpresso_1769\Debug\liblpc_board_nxp_lpcxpresso_1769.a(board_sysinit.o)
 .rodata.EnetClkDiv
                0x0000f7a0        0xf C:\Users\Checkout\Documents\MCUXpressoIDE_11.6.0_8187\workspace\lpc_chip_175x_6x\Debug\liblpc_chip_175x_6x.a(enet_17xx_40xx.o)
 .rodata.fp_display.str1.1
                0x0000f7af       0x34 c:/users/checkout/desktop/apps/nxp/mcuxpressoide_11.6.0_8187/ide/plugins/com.nxp.mcuxpresso.tools.win32_11.6.0.202112161359/tools/bin/../lib/gcc/arm-none-eabi/10.3.1/../../../../arm-none-eabi/lib/thumb/v7-m/nofp\libcr_c.a(fpprintf.o)
                                 0x35 (size before relaxing)
 .rodata._initio.str1.1
                0x0000f7e3        0x4 c:/users/checkout/desktop/apps/nxp/mcuxpressoide_11.6.0_8187/ide/plugins/com.nxp.mcuxpresso.tools.win32_11.6.0.202112161359/tools/bin/../lib/gcc/arm-none-eabi/10.3.1/../../../../arm-none-eabi/lib/thumb/v7-m/nofp\libcr_c.a(initio.o)
 .rodata.__vfprintf.str1.1
                0x0000f7e7       0x31 c:/users/checkout/desktop/apps/nxp/mcuxpressoide_11.6.0_8187/ide/plugins/com.nxp.mcuxpresso.tools.win32_11.6.0.202112161359/tools/bin/../lib/gcc/arm-none-eabi/10.3.1/../../../../arm-none-eabi/lib/thumb/v7-m/nofp\libcr_c.a(printf.o)
                                 0x38 (size before relaxing)
 .rodata._Csys_alloc.str1.1
                0x0000f818       0x18 c:/users/checkout/desktop/apps/nxp/mcuxpressoide_11.6.0_8187/ide/plugins/com.nxp.mcuxpresso.tools.win32_11.6.0.202112161359/tools/bin/../lib/gcc/arm-none-eabi/10.3.1/../../../../arm-none-eabi/lib/thumb/v7-m/nofp\libcr_c.a(alloc.o)
 .rodata.__num_Ciob_streams
                0x0000f830        0x4 c:/users/checkout/desktop/apps/nxp/mcuxpressoide_11.6.0_8187/ide/plugins/com.nxp.mcuxpresso.tools.win32_11.6.0.202112161359/tools/bin/../lib/gcc/arm-none-eabi/10.3.1/../../../../arm-none-eabi/lib/thumb/v7-m/nofp\libcr_nohost.a(__ciob.o)
                0x0000f830                __num_Ciob_streams
                0x0000f834                . = ALIGN (0x4)

.glue_7         0x0000f834        0x0
 .glue_7        0x0000f834        0x0 linker stubs

.glue_7t        0x0000f834        0x0
 .glue_7t       0x0000f834        0x0 linker stubs

.vfp11_veneer   0x0000f834        0x0
 .vfp11_veneer  0x0000f834        0x0 linker stubs

.v4_bx          0x0000f834        0x0
 .v4_bx         0x0000f834        0x0 linker stubs

.iplt           0x0000f834        0x0
 .iplt          0x0000f834        0x0 ./lwip/src/netif/etharp.o

.rel.dyn        0x0000f834        0x0
 .rel.iplt      0x0000f834        0x0 ./lwip/src/netif/etharp.o

.ARM.extab
 *(.ARM.extab* .gnu.linkonce.armextab.*)

.ARM.exidx      0x0000f834        0x0
                0x0000f834                __exidx_start = .
 *(.ARM.exidx* .gnu.linkonce.armexidx.*)
                0x0000f834                __exidx_end = .
                0x0000f834                _etext = .

.data_RAM2      0x2007c000        0x0 load address 0x0000f834
 FILL mask 0xff
                [!provide]                PROVIDE (__start_data_RAM2 = .)
                [!provide]                PROVIDE (__start_data_RamAHB32 = .)
 *(.ramfunc.$RAM2)
 *(.ramfunc.$RamAHB32)
 *(.data.$RAM2)
 *(.data.$RamAHB32)
 *(.data.$RAM2.*)
 *(.data.$RamAHB32.*)
                0x2007c000                . = ALIGN (0x4)
                [!provide]                PROVIDE (__end_data_RAM2 = .)
                [!provide]                PROVIDE (__end_data_RamAHB32 = .)

.uninit_RESERVED
                0x10000000        0x0
                0x10000000                _start_uninit_RESERVED = .
 *(.bss.$RESERVED*)
                0x10000000                . = ALIGN (0x4)
                0x10000000                _end_uninit_RESERVED = .

.data           0x10000000       0x10 load address 0x0000f834
 FILL mask 0xff
                0x10000000                _data = .
                [!provide]                PROVIDE (__start_data_RAM = .)
                [!provide]                PROVIDE (__start_data_RamLoc32 = .)
 *(vtable)
 *(.ramfunc*)
 *(CodeQuickAccess)
 *(DataQuickAccess)
 *(RamFunction)
 *(.data*)
 .data.xid.0    0x10000000        0x4 ./lwip/src/core/dhcp.o
 .data.tcp_port
                0x10000004        0x2 ./lwip/src/core/tcp.o
 *fill*         0x10000006        0x2 ff
 .data.iss.0    0x10000008        0x4 ./lwip/src/core/tcp.o
 .data.udp_port
                0x1000000c        0x2 ./lwip/src/core/udp.o
                0x10000010                . = ALIGN (0x4)
 *fill*         0x1000000e        0x2 ff
                0x10000010                _edata = .
                [!provide]                PROVIDE (__end_data_RAM = .)
                [!provide]                PROVIDE (__end_data_RamLoc32 = .)

.igot.plt       0x10000010        0x0 load address 0x0000f844
 .igot.plt      0x10000010        0x0 ./lwip/src/netif/etharp.o

.bss_RAM2       0x2007c000        0x0
                [!provide]                PROVIDE (__start_bss_RAM2 = .)
                [!provide]                PROVIDE (__start_bss_RamAHB32 = .)
 *(.bss.$RAM2)
 *(.bss.$RamAHB32)
 *(.bss.$RAM2.*)
 *(.bss.$RamAHB32.*)
                0x2007c000                . = ALIGN ((. != 0x0)?0x4:0x1)
                [!provide]                PROVIDE (__end_bss_RAM2 = .)
                [!provide]                PROVIDE (__end_bss_RamAHB32 = .)

.bss            0x10000010     0x7494
                0x10000010                _bss = .
                [!provide]                PROVIDE (__start_bss_RAM = .)
                [!provide]                PROVIDE (__start_bss_RamLoc32 = .)
 *(.bss*)
 .bss.arp_table
                0x10000010       0xc8 ./lwip/src/netif/etharp.o
 .bss.etharp_cached_entry
                0x100000d8        0x1 ./lwip/src/netif/etharp.o
 *fill*         0x100000d9        0x3 
 .bss.current_netif
                0x100000dc        0x4 ./lwip/src/core/ipv4/ip.o
                0x100000dc                current_netif
 .bss.current_header
                0x100000e0        0x4 ./lwip/src/core/ipv4/ip.o
                0x100000e0                current_header
 .bss.current_iphdr_src
                0x100000e4        0x4 ./lwip/src/core/ipv4/ip.o
                0x100000e4                current_iphdr_src
 .bss.current_iphdr_dest
                0x100000e8        0x4 ./lwip/src/core/ipv4/ip.o
                0x100000e8                current_iphdr_dest
 .bss.ip_id     0x100000ec        0x2 ./lwip/src/core/ipv4/ip.o
 *fill*         0x100000ee        0x2 
 .bss.reassdatagrams
                0x100000f0        0x4 ./lwip/src/core/ipv4/ip_frag.o
 .bss.ip_reass_pbufcount
                0x100000f4        0x2 ./lwip/src/core/ipv4/ip_frag.o
 *fill*         0x100000f6        0x2 
 .bss.dhcp_rx_options_val
                0x100000f8       0x28 ./lwip/src/core/dhcp.o
                0x100000f8                dhcp_rx_options_val
 .bss.dhcp_rx_options_given
                0x10000120        0xa ./lwip/src/core/dhcp.o
                0x10000120                dhcp_rx_options_given
 *fill*         0x1000012a        0x2 
 .bss.ram_heap  0x1000012c     0x3014 ./lwip/src/core/mem.o
                0x1000012c                ram_heap
 .bss.ram       0x10003140        0x4 ./lwip/src/core/mem.o
 .bss.ram_end   0x10003144        0x4 ./lwip/src/core/mem.o
 .bss.lfree     0x10003148        0x4 ./lwip/src/core/mem.o
 .bss.memp_tab  0x1000314c       0x28 ./lwip/src/core/memp.o
 .bss.memp_memory
                0x10003174     0x3fbb ./lwip/src/core/memp.o
 *fill*         0x1000712f        0x1 
 .bss.netif_list
                0x10007130        0x4 ./lwip/src/core/netif.o
                0x10007130                netif_list
 .bss.netif_default
                0x10007134        0x4 ./lwip/src/core/netif.o
                0x10007134                netif_default
 .bss.netif_num
                0x10007138        0x1 ./lwip/src/core/netif.o
 .bss.pbuf_free_ooseq_pending
                0x10007139        0x1 ./lwip/src/core/pbuf.o
                0x10007139                pbuf_free_ooseq_pending
 *fill*         0x1000713a        0x2 
 .bss.raw_pcbs  0x1000713c        0x4 ./lwip/src/core/raw.o
 .bss.tcp_ticks
                0x10007140        0x4 ./lwip/src/core/tcp.o
                0x10007140                tcp_ticks
 .bss.tcp_bound_pcbs
                0x10007144        0x4 ./lwip/src/core/tcp.o
                0x10007144                tcp_bound_pcbs
 .bss.tcp_listen_pcbs
                0x10007148        0x4 ./lwip/src/core/tcp.o
                0x10007148                tcp_listen_pcbs
 .bss.tcp_active_pcbs
                0x1000714c        0x4 ./lwip/src/core/tcp.o
                0x1000714c                tcp_active_pcbs
 .bss.tcp_tw_pcbs
                0x10007150        0x4 ./lwip/src/core/tcp.o
                0x10007150                tcp_tw_pcbs
 .bss.tcp_tmp_pcb
                0x10007154        0x4 ./lwip/src/core/tcp.o
                0x10007154                tcp_tmp_pcb
 .bss.tcp_active_pcbs_changed
                0x10007158        0x1 ./lwip/src/core/tcp.o
                0x10007158                tcp_active_pcbs_changed
 .bss.tcp_timer
                0x10007159        0x1 ./lwip/src/core/tcp.o
 .bss.tcp_timer_ctr
                0x1000715a        0x1 ./lwip/src/core/tcp.o
 *fill*         0x1000715b        0x1 
 .bss.inseg     0x1000715c       0x14 ./lwip/src/core/tcp_in.o
 .bss.tcphdr    0x10007170        0x4 ./lwip/src/core/tcp_in.o
 .bss.iphdr     0x10007174        0x4 ./lwip/src/core/tcp_in.o
 .bss.seqno     0x10007178        0x4 ./lwip/src/core/tcp_in.o
 .bss.ackno     0x1000717c        0x4 ./lwip/src/core/tcp_in.o
 .bss.flags     0x10007180        0x1 ./lwip/src/core/tcp_in.o
 *fill*         0x10007181        0x1 
 .bss.tcplen    0x10007182        0x2 ./lwip/src/core/tcp_in.o
 .bss.recv_flags
                0x10007184        0x1 ./lwip/src/core/tcp_in.o
 *fill*         0x10007185        0x3 
 .bss.recv_data
                0x10007188        0x4 ./lwip/src/core/tcp_in.o
 .bss.tcp_input_pcb
                0x1000718c        0x4 ./lwip/src/core/tcp_in.o
                0x1000718c                tcp_input_pcb
 .bss.next_timeout
                0x10007190        0x4 ./lwip/src/core/timers.o
 .bss.timeouts_last_time
                0x10007194        0x4 ./lwip/src/core/timers.o
 .bss.tcpip_tcp_timer_active
                0x10007198        0x4 ./lwip/src/core/timers.o
 .bss.udp_pcbs  0x1000719c        0x4 ./lwip/src/core/udp.o
                0x1000719c                udp_pcbs
 .bss.lpc_enetdata
                0x100071a0       0xa0 ./lwip/src/arch/lpc17xx_40xx_emac.o
                0x100071a0                lpc_enetdata
 .bss.saved_period
                0x10007240        0x4 ./lwip/src/arch/lpc17xx_40xx_systick_arch.o
 .bss.systick_timems
                0x10007244        0x4 ./lwip/src/arch/lpc17xx_40xx_systick_arch.o
 .bss.echo_pcb  0x10007248        0x4 ./example/src/echo.o
 .bss.iperf_pcb
                0x1000724c        0x4 ./example/src/iperf_server.o
 .bss.lpc_netif
                0x10007250       0x38 ./example/src/main.o
 .bss.prt_ip.1  0x10007288        0x4 ./example/src/main.o
 .bss.tmp_buff.0
                0x1000728c       0x10 ./example/src/main.o
 .bss.physts    0x1000729c        0x4 C:\Users\Checkout\Documents\MCUXpressoIDE_11.6.0_8187\workspace\lpc_board_nxp_lpcxpresso_1769\Debug\liblpc_board_nxp_lpcxpresso_1769.a(lpc_phy_smsc87x0.o)
 .bss.olddphysts
                0x100072a0        0x4 C:\Users\Checkout\Documents\MCUXpressoIDE_11.6.0_8187\workspace\lpc_board_nxp_lpcxpresso_1769\Debug\liblpc_board_nxp_lpcxpresso_1769.a(lpc_phy_smsc87x0.o)
 .bss.phyustate
                0x100072a4        0x4 C:\Users\Checkout\Documents\MCUXpressoIDE_11.6.0_8187\workspace\lpc_board_nxp_lpcxpresso_1769\Debug\liblpc_board_nxp_lpcxpresso_1769.a(lpc_phy_smsc87x0.o)
 .bss.pDelayMs  0x100072a8        0x4 C:\Users\Checkout\Documents\MCUXpressoIDE_11.6.0_8187\workspace\lpc_board_nxp_lpcxpresso_1769\Debug\liblpc_board_nxp_lpcxpresso_1769.a(lpc_phy_smsc87x0.o)
 .bss.sts.0     0x100072ac        0x2 C:\Users\Checkout\Documents\MCUXpressoIDE_11.6.0_8187\workspace\lpc_board_nxp_lpcxpresso_1769\Debug\liblpc_board_nxp_lpcxpresso_1769.a(lpc_phy_smsc87x0.o)
 *fill*         0x100072ae        0x2 
 .bss.SystemCoreClock
                0x100072b0        0x4 C:\Users\Checkout\Documents\MCUXpressoIDE_11.6.0_8187\workspace\lpc_chip_175x_6x\Debug\liblpc_chip_175x_6x.a(chip_17xx_40xx.o)
                0x100072b0                SystemCoreClock
 .bss.phyAddr   0x100072b4        0x4 C:\Users\Checkout\Documents\MCUXpressoIDE_11.6.0_8187\workspace\lpc_chip_175x_6x\Debug\liblpc_chip_175x_6x.a(enet_17xx_40xx.o)
 .bss.errno     0x100072b8        0x4 c:/users/checkout/desktop/apps/nxp/mcuxpressoide_11.6.0_8187/ide/plugins/com.nxp.mcuxpresso.tools.win32_11.6.0.202112161359/tools/bin/../lib/gcc/arm-none-eabi/10.3.1/../../../../arm-none-eabi/lib/thumb/v7-m/nofp\libcr_c.a(errno.o)
                0x100072b8                errno
 .bss.__end_of_heap
                0x100072bc        0x4 c:/users/checkout/desktop/apps/nxp/mcuxpressoide_11.6.0_8187/ide/plugins/com.nxp.mcuxpresso.tools.win32_11.6.0.202112161359/tools/bin/../lib/gcc/arm-none-eabi/10.3.1/../../../../arm-none-eabi/lib/thumb/v7-m/nofp\libcr_c.a(__init_alloc.o)
                0x100072bc                __end_of_heap
 .bss.__heaps   0x100072c0        0x4 c:/users/checkout/desktop/apps/nxp/mcuxpressoide_11.6.0_8187/ide/plugins/com.nxp.mcuxpresso.tools.win32_11.6.0.202112161359/tools/bin/../lib/gcc/arm-none-eabi/10.3.1/../../../../arm-none-eabi/lib/thumb/v7-m/nofp\libcr_c.a(__init_alloc.o)
                0x100072c0                __heaps
 .bss.__Ciob    0x100072c4      0x1e0 c:/users/checkout/desktop/apps/nxp/mcuxpressoide_11.6.0_8187/ide/plugins/com.nxp.mcuxpresso.tools.win32_11.6.0.202112161359/tools/bin/../lib/gcc/arm-none-eabi/10.3.1/../../../../arm-none-eabi/lib/thumb/v7-m/nofp\libcr_nohost.a(__ciob.o)
                0x100072c4                __Ciob
 *(COMMON)
                0x100074a4                . = ALIGN (0x4)
                0x100074a4                _ebss = .
                [!provide]                PROVIDE (__end_bss_RAM = .)
                [!provide]                PROVIDE (__end_bss_RamLoc32 = .)
                [!provide]                PROVIDE (end = .)

.noinit_RAM2    0x2007c000        0x0
                [!provide]                PROVIDE (__start_noinit_RAM2 = .)
                [!provide]                PROVIDE (__start_noinit_RamAHB32 = .)
 *(.noinit.$RAM2)
 *(.noinit.$RamAHB32)
 *(.noinit.$RAM2.*)
 *(.noinit.$RamAHB32.*)
                0x2007c000                . = ALIGN (0x4)
                [!provide]                PROVIDE (__end_noinit_RAM2 = .)
                [!provide]                PROVIDE (__end_noinit_RamAHB32 = .)

.noinit         0x100074a4        0x0
                0x100074a4                _noinit = .
                [!provide]                PROVIDE (__start_noinit_RAM = .)
                [!provide]                PROVIDE (__start_noinit_RamLoc32 = .)
 *(.noinit*)
                0x100074a4                . = ALIGN (0x4)
                0x100074a4                _end_noinit = .
                [!provide]                PROVIDE (__end_noinit_RAM = .)
                [!provide]                PROVIDE (__end_noinit_RamLoc32 = .)
                0x100074a4                PROVIDE (_pvHeapStart = DEFINED (__user_heap_base)?__user_heap_base:.)
                0x10008000                PROVIDE (_vStackTop = DEFINED (__user_stack_top)?__user_stack_top:(__top_RamLoc32 - 0x0))
                [!provide]                PROVIDE (__valid_user_code_checksum = (0x0 - ((((((_vStackTop + (ResetISR + 0x1)) + (NMI_Handler + 0x1)) + (HardFault_Handler + 0x1)) + (DEFINED (MemManage_Handler)?MemManage_Handler:0x0 + 0x1)) + (DEFINED (BusFault_Handler)?BusFault_Handler:0x0 + 0x1)) + (DEFINED (UsageFault_Handler)?UsageFault_Handler:0x0 + 0x1))))
                0x00000000                _image_start = LOADADDR (.text)
                0x0000f844                _image_end = (LOADADDR (.data) + SIZEOF (.data))
                0x0000f844                _image_size = (_image_end - _image_start)
OUTPUT(iperf_server.axf elf32-littlearm)
LOAD linker stubs

.debug_info     0x00000000    0x15651
 .debug_info    0x00000000      0xf32 ./lwip/src/netif/etharp.o
 .debug_info    0x00000f32      0x6b4 ./lwip/src/core/ipv4/icmp.o
 .debug_info    0x000015e6      0x420 ./lwip/src/core/ipv4/inet_chksum.o
 .debug_info    0x00001a06      0xa39 ./lwip/src/core/ipv4/ip.o
 .debug_info    0x0000243f      0x5f1 ./lwip/src/core/ipv4/ip_addr.o
 .debug_info    0x00002a30      0xaec ./lwip/src/core/ipv4/ip_frag.o
 .debug_info    0x0000351c      0x143 ./lwip/src/core/def.o
 .debug_info    0x0000365f     0x124a ./lwip/src/core/dhcp.o
 .debug_info    0x000048a9       0x91 ./lwip/src/core/init.o
 .debug_info    0x0000493a      0x37d ./lwip/src/core/mem.o
 .debug_info    0x00004cb7      0x28d ./lwip/src/core/memp.o