C:\Users\Checkout\Documents\MCUXpressoIDE_11.6.0_8187\workspace\lpc_chip_175x_6x\inc/core_cm3.h:1323:22:NVIC_EnableIRQ	16	static
C:\Users\Checkout\Documents\MCUXpressoIDE_11.6.0_8187\workspace\lpc_chip_175x_6x\inc/core_cm3.h:1335:22:NVIC_DisableIRQ	16	static
C:\Users\Checkout\Documents\MCUXpressoIDE_11.6.0_8187\workspace\lpc_chip_175x_6x\inc/core_cm3.h:1405:22:NVIC_SetPriority	16	static
C:\Users\Checkout\Documents\MCUXpressoIDE_11.6.0_8187\workspace\lpc_chip_175x_6x\inc/core_cm3.h:1532:26:SysTick_Config	16	static
../example/src/i2c.c:86:13:i2c_state_handling	16	static
../example/src/i2c.c:96:13:con_print_data	24	static
../example/src/i2c.c:108:12:con_get_input	48	static
../example/src/i2c.c:160:13:i2c_rw_input	24	static
../example/src/i2c.c:192:13:i2c_set_mode	16	static
../example/src/i2c.c:206:13:i2c_app_init	16	static
../example/src/i2c.c:219:13:i2c_probe_slaves	24	static
../example/src/i2c.c:242:12:i2c_menu	8	static
../example/src/i2c.c:249:13:i2c_eeprom_update_state	24	static
../example/src/i2c.c:256:13:i2c_eeprom_events	16	static
../example/src/i2c.c:291:13:i2c_eeprom_init	24	static
../example/src/i2c.c:302:6:i2c_iox_update_regs	16	static
../example/src/i2c.c:317:13:i2c_iox_events	16	static
../example/src/i2c.c:343:13:i2c_iox_init	24	static
../example/src/i2c.c:364:6:SysTick_Handler	8	static
../example/src/i2c.c:373:6:I2C1_IRQHandler	8	static
../example/src/i2c.c:382:6:I2C0_IRQHandler	8	static
../example/src/i2c.c:391:5:main	16	static
