C:\Users\Checkout\Documents\MCUXpressoIDE_11.6.0_8187\workspace\lpc_chip_175x_6x\inc/core_cm3.h:1323:22:NVIC_EnableIRQ	16	static
C:\Users\Checkout\Documents\MCUXpressoIDE_11.6.0_8187\workspace\lpc_chip_175x_6x\inc/core_cm3.h:1335:22:NVIC_DisableIRQ	16	static
C:\Users\Checkout\Documents\MCUXpressoIDE_11.6.0_8187\workspace\lpc_chip_175x_6x\inc/core_cm3.h:1375:22:NVIC_ClearPendingIRQ	16	static
C:\Users\Checkout\Documents\MCUXpressoIDE_11.6.0_8187\workspace\lpc_chip_175x_6x\inc/sysctl_17xx_40xx.h:196:24:Chip_SYSCTL_GetSystemRSTStatus	4	static
C:\Users\Checkout\Documents\MCUXpressoIDE_11.6.0_8187\workspace\lpc_chip_175x_6x\inc/sysctl_17xx_40xx.h:206:20:Chip_SYSCTL_ClearSystemRSTStatus	16	static
C:\Users\Checkout\Documents\MCUXpressoIDE_11.6.0_8187\workspace\lpc_chip_175x_6x\inc/sysctl_17xx_40xx.h:233:20:Chip_SYSCTL_EnableBODReset	4	static
../example/src/bod.c:57:6:BOD_IRQHandler	8	static
../example/src/bod.c:75:5:main	16	static
