C:\Users\Checkout\Documents\MCUXpressoIDE_11.6.0_8187\workspace\lpc_chip_175x_6x\inc/core_cm3.h:1323:22:NVIC_EnableIRQ	16	static
C:\Users\Checkout\Documents\MCUXpressoIDE_11.6.0_8187\workspace\lpc_chip_175x_6x\inc/rtc_17xx_40xx.h:499:20:Chip_RTC_ClearIntPending	16	static
C:\Users\Checkout\Documents\MCUXpressoIDE_11.6.0_8187\workspace\lpc_chip_175x_6x\inc/rtc_17xx_40xx.h:512:25:Chip_RTC_GetIntPending	16	static
C:\Users\Checkout\Documents\MCUXpressoIDE_11.6.0_8187\workspace\lpc_chip_175x_6x\inc/stopwatch.h:59:24:StopWatch_Elapsed	16	static
C:\Users\Checkout\Documents\MCUXpressoIDE_11.6.0_8187\workspace\lpc_chip_175x_6x\inc/stopwatch.h:114:20:StopWatch_DelayMs	24	static
../example/src/pmu.c:61:13:ProcessPowerState	24	static
../example/src/pmu.c:130:13:showTime	40	static
../example/src/pmu.c:150:6:RTC_IRQHandler	8	static
../example/src/pmu.c:166:5:main	16	static
