C:\Users\Checkout\Documents\MCUXpressoIDE_11.6.0_8187\workspace\lpc_chip_175x_6x\inc/core_cm3.h:1323:22:NVIC_EnableIRQ	16	static
C:\Users\Checkout\Documents\MCUXpressoIDE_11.6.0_8187\workspace\lpc_chip_175x_6x\inc/core_cm3.h:1335:22:NVIC_DisableIRQ	16	static
C:\Users\Checkout\Documents\MCUXpressoIDE_11.6.0_8187\workspace\lpc_chip_175x_6x\inc/core_cm3.h:1405:22:NVIC_SetPriority	16	static
C:\Users\Checkout\Documents\MCUXpressoIDE_11.6.0_8187\workspace\lpc_chip_175x_6x\inc/ssp_17xx_40xx.h:239:20:Chip_SSP_Enable	16	static
C:\Users\Checkout\Documents\MCUXpressoIDE_11.6.0_8187\workspace\lpc_chip_175x_6x\inc/ssp_17xx_40xx.h:351:20:Chip_SSP_Int_Enable	16	static
C:\Users\Checkout\Documents\MCUXpressoIDE_11.6.0_8187\workspace\lpc_chip_175x_6x\inc/ssp_17xx_40xx.h:361:20:Chip_SSP_Int_Disable	16	static
C:\Users\Checkout\Documents\MCUXpressoIDE_11.6.0_8187\workspace\lpc_chip_175x_6x\inc/ssp_17xx_40xx.h:413:20:Chip_SSP_SetFormat	24	static
C:\Users\Checkout\Documents\MCUXpressoIDE_11.6.0_8187\workspace\lpc_chip_175x_6x\inc/ssp_17xx_40xx.h:436:20:Chip_SSP_DMA_Enable	16	static
C:\Users\Checkout\Documents\MCUXpressoIDE_11.6.0_8187\workspace\lpc_chip_175x_6x\inc/ssp_17xx_40xx.h:446:20:Chip_SSP_DMA_Disable	16	static
../example/src/ssp.c:111:13:Buffer_Init	16	static
../example/src/ssp.c:123:16:Buffer_Verify	24	static
../example/src/ssp.c:152:13:appSSPTest	24	static
../example/src/ssp.c:256:13:appSSPSelectModeMenu	16	static
../example/src/ssp.c:292:13:appSSPMainMenu	16	static
../example/src/ssp.c:330:6:SSP1_IRQHandler	8	static
../example/src/ssp.c:352:6:DMA_IRQHandler	8	static
../example/src/ssp.c:367:5:main	8	static
